
> hedera-hydropower-mrv@1.1.0 test
> jest tests/anomaly-detector.test.js

TAP version 13
# Physics Constraints - Valid Reading
ok 1 Valid reading should pass physics validation
ok 2 No rejection reason for valid reading
# Physics Constraints - Invalid Flow Rate (Too High)
ok 3 Invalid flow rate should fail physics validation
ok 4 Should have physics violation reason
# Physics Constraints - Invalid Head (Negative)
ok 5 Negative head should fail physics validation
ok 6 Should have physics violation reason
# Physics Constraints - Invalid Efficiency
ok 7 Efficiency violation should fail physics validation
ok 8 Should have physics violation reason
# Temporal Consistency - Valid Increasing Generation
ok 9 Increasing generation should pass temporal validation
# Temporal Consistency - Generation Decreased
ok 10 Decreased generation should fail temporal validation
ok 11 Should have generation decrease reason
# Temporal Consistency - Timestamp Not Increasing
ok 12 Non-increasing timestamp should fail temporal validation
ok 13 Should have timestamp reason
# Temporal Consistency - Generation Increase Too Large
ok 14 Unrealistic generation increase should fail temporal validation
ok 15 Should have generation increase reason
# Environmental Bounds - All Valid
ok 16 All valid environmental parameters should pass
ok 17 No violations should be reported
# Environmental Bounds - pH Out of Range (Too Low)
ok 18 pH out of range should fail environmental validation
node.exe : 
C:\Users\USER\Downloads\hedera-hydropower-mrv-fixed\hedera-hydropower-mrv\tests\anomaly-detector.test.js:214
At line:1 char:1
+ & "C:\Program Files\nodejs/node.exe" "C:\Program Files\nodejs/node_mo ...
+ ~~~~~~~~~~~~~~~~~~~~~~~~~~~~~~~~~~~~~~~~~~~~~~~~~~~~~~~~~~~~~~~~~~~~~
    + CategoryInfo          : NotSpecified: (C:\Users\USER\D...tor.test.js:214:String) [], RemoteException
    + FullyQualifiedErrorId : NativeCommandError
 
  t.ok(result.violations.some(v => v.includes('ph')), 'Should have pH violation');
                                     ^

TypeError: v.includes is not a function
    at 
C:\Users\USER\Downloads\hedera-hydropower-mrv-fixed\hedera-hydropower-mrv\tests\anomaly-detector.test.js:214:38
    at Array.some (<anonymous>)
    at Test.<anonymous> 
(C:\Users\USER\Downloads\hedera-hydropower-mrv-fixed\hedera-hydropower-mrv\tests\anomaly-detector.test.js:214:26)
    at Test.run 
(C:\Users\USER\Downloads\hedera-hydropower-mrv-fixed\hedera-hydropower-mrv\node_modules\tape\lib\test.js:126:28)
    at Immediate.next 
(C:\Users\USER\Downloads\hedera-hydropower-mrv-fixed\hedera-hydropower-mrv\node_modules\tape\lib\results.js:158:7)
    at processImmediate (node:internal/timers:504:21)

Node.js v24.13.0
