
> hedera-hydropower-mrv@1.3.0 test
> jest

node.exe : PASS tests/unit/storage.test.js
At line:1 char:1
+ & "C:\Program Files\nodejs/node.exe" "C:\Program Files\nodejs/node_mo ...
+ ~~~~~~~~~~~~~~~~~~~~~~~~~~~~~~~~~~~~~~~~~~~~~~~~~~~~~~~~~~~~~~~~~~~~~
    + CategoryInfo          : NotSpecified: (PASS tests/unit/storage.test.js:String) [], RemoteException
    + FullyQualifiedErrorId : NativeCommandError
 
  InMemoryAttestationStore
    save()
      ΓêÜ saves an attestation and returns it (15 ms)
      ΓêÜ throws if attestation has no id (44 ms)
      ΓêÜ stores multiple attestations (1 ms)
    findById()
      ΓêÜ returns attestation by id
      ΓêÜ returns null for unknown id (1 ms)
    findByStatus()
      ΓêÜ returns only matching status (2 ms)
      ΓêÜ returns empty array when none match
    findByDevice()
      ΓêÜ returns attestations for specific device (1 ms)
    all()
      ΓêÜ returns copy of all records (1 ms)
    exportJSON() / importJSON()
      ΓêÜ round-trips data correctly
      ΓêÜ throws on invalid JSON array input (1 ms)
    clear()
      ΓêÜ empties the store (1 ms)

PASS tests/unit/anomaly-detector.test.js
  Physics Constraints
    ΓêÜ Valid reading passes physics validation (10 ms)
    ΓêÜ Flow rate too high fails physics validation (1 ms)
    ΓêÜ Negative head fails physics validation
    ΓêÜ Invalid efficiency fails physics validation
  Temporal Consistency
    ΓêÜ Increasing generation passes temporal validation (1 ms)
    ΓêÜ Decreased generation fails temporal validation
    ΓêÜ Non-increasing timestamp fails temporal validation
    ΓêÜ Unrealistic generation increase fails temporal validation (1 ms)
  Environmental Bounds
    ΓêÜ All valid parameters pass
    ΓêÜ pH out of range fails (1 ms)
    ΓêÜ Turbidity out of range fails
    ΓêÜ Temperature out of range fails
    ΓêÜ Flow rate out of range fails (1 ms)
  Statistical Anomaly Detection
    ΓêÜ Normal reading passes statistical anomaly detection (1 ms)
    ΓêÜ High outlier fails and has z-score > 3
    ΓêÜ Low outlier fails and has z-score > 3 (1 ms)
    ΓêÜ Reading at mean passes z-score check
  Complete Validation
    ΓêÜ All checks pass => isValid true (1 ms)
    ΓêÜ Physics failure => isValid false
    ΓêÜ Missing fields returns boolean isValid without throwing

PASS tests/anomaly-detector.test.js
  Physics Constraints
    ΓêÜ Valid reading passes physics validation (11 ms)
    ΓêÜ Flow rate too high fails physics validation (1 ms)
    ΓêÜ Negative head fails physics validation
    ΓêÜ Invalid efficiency fails physics validation
  Temporal Consistency
    ΓêÜ Increasing generation passes temporal validation (3 ms)
    ΓêÜ Decreased generation fails temporal validation (1 ms)
    ΓêÜ Non-increasing timestamp fails temporal validation (1 ms)
    ΓêÜ Unrealistic generation increase fails temporal validation
    ΓêÜ No previous reading => temporal passes (no context) (1 ms)
  Environmental Bounds
    ΓêÜ All valid environmental parameters pass
    ΓêÜ pH out of range fails
    ΓêÜ Turbidity out of range fails (1 ms)
    ΓêÜ Temperature out of range fails (1 ms)
    ΓêÜ Flow rate out of range fails
  Statistical Anomaly Detection
    ΓêÜ Normal reading passes statistical anomaly detection (2 ms)
    ΓêÜ High outlier (flowRate=200 vs history ~2.5) fails and has z-score > 3
    ΓêÜ Low outlier (flowRate=-50 vs history ~2.5) fails and has z-score > 3 (1 ms)
    ΓêÜ Reading at z-score boundary (z=3) passes (boundary is exclusive)
    ΓêÜ Empty history returns isValid=true
  Complete Validation
    ΓêÜ All checks pass => isValid true (3 ms)
    ΓêÜ Physics failure => isValid false (34 ms)
    ΓêÜ No previous reading => temporal check skipped gracefully (1 ms)
    ΓêÜ Missing required fields => returns isValid false (graceful, no throw)

PASS tests/verifier-attestation.test.js
  Attestation Structure
    Valid Approved Attestation
      ΓêÜ Should have device ID (38 ms)
      ΓêÜ Should have period (1 ms)
      ΓêÜ Should have verification status (21 ms)
      ΓêÜ Should have trust score (1 ms)
      ΓêÜ Should have checks (16 ms)
      ΓêÜ Should have calculations (1 ms)
      ΓêÜ Should have timestamp
    Valid Rejected Attestation
      ΓêÜ Should have rejected status
      ΓêÜ Should have rejection reasons (4 ms)
      ΓêÜ Should have at least one rejection reason (4 ms)
    Valid Flagged Attestation
      ΓêÜ Should have flagged status (1 ms)
      ΓêÜ Should have flag reasons (1 ms)
  ACM0002 Calculations
    ΓêÜ Baseline Emissions uses generatedKwh * gridEF (1 ms)
    ΓêÜ REC issuance equals MWh generated
  Cryptographic Signing
    ΓêÜ Signed attestation should have signature (1 ms)
    ΓêÜ Signature verification should succeed (1 ms)
    ΓêÜ getAttestations returns all created attestations
  Batch / filter operations
    ΓêÜ getAttestationsByStatus APPROVED returns correct count
    ΓêÜ getAttestationsByDevice T1 returns correct count (1 ms)
    ΓêÜ exportAttestations returns valid JSON (1 ms)
    ΓêÜ importAttestations re-loads records
    ΓêÜ importAttestations handles invalid JSON (1 ms)

  console.log
    [dotenv@17.3.1] injecting env (12) from .env -- tip: ΓÜÖ∩╕Å  specify custom .env file path with { path: '/custom/path/.env' }

      at _log (node_modules/dotenv/lib/main.js:139:11)

PASS tests/unit/default-config.test.js
  DEFAULT_CONFIG
    ΓêÜ has required top-level keys (2 ms)
    ΓêÜ weights sum to 1.0 (2 ms)
    ΓêÜ autoApproveThreshold > manualReviewThreshold would be maintained (1 ms)
    ΓêÜ environmental bounds are logically ordered (1 ms)
    ΓêÜ gridEmissionFactor is a positive number (1 ms)
    ΓêÜ hederaNetwork defaults to testnet

PASS tests/ml/synthetic-data-generator.test.js (5.023 s)
  Monsoon-Aware Synthetic Data Generator
    Seasonal flow multipliers
      ΓêÜ Monsoon months (Jun-Sep) have high multiplier (2.5-3.5├ù) (44 ms)
      ΓêÜ Post-monsoon months (Oct-Nov) have medium multiplier (1.5-2.0├ù) (3 ms)
      ΓêÜ Dry season months (Dec-May) have low multiplier (0.8-1.2├ù) (2 ms)
    generateReading() with month parameter
      ΓêÜ July (monsoon) reading has high flow rate (1 ms)
      ΓêÜ January (dry) reading has low flow rate (1 ms)
      ΓêÜ Reading includes month and seasonalMultiplier metadata (2 ms)
    generateDataset() 12-month distribution
      ΓêÜ Dataset is evenly distributed across 12 months (40 ms)
      ΓêÜ Monsoon months have higher average flow than dry months (43 ms)
      ΓêÜ All readings have valid month (1-12) (141 ms)

  console.log
    [MLAnomalyDetector] Loaded model from C:\Users\USER\hedera_audit\ml\model.json (trained on 4001 samples, 2026-02-21T10:34:18.408Z)

      at MLAnomalyDetector.log [as _tryLoadModel] (src/ml/MLAnomalyDetector.js:159:17)

  console.log
    [EngineV1] Hedera client initialized successfully

      at log (src/engine/v1/engine-v1.js:68:13)

  console.log
    [EngineV1] HCS published: 0.0.1001@123456789.000000000

      at EngineV1.log [as verifyAndPublish] (src/engine/v1/engine-v1.js:386:17)

  console.log
    [EngineV1] HCS published: 0.0.1001@123456789.000000000

      at EngineV1.log [as verifyAndPublish] (src/engine/v1/engine-v1.js:386:17)

  console.log
    [EngineV1] HCS published: 0.0.1001@123456789.000000000

      at EngineV1.log [as verifyAndPublish] (src/engine/v1/engine-v1.js:386:17)

  console.log
    [EngineV1] HCS published: 0.0.1001@123456789.000000000

      at EngineV1.log [as verifyAndPublish] (src/engine/v1/engine-v1.js:386:17)

  console.log
    [EngineV1] HCS published: 0.0.1001@123456789.000000000

      at EngineV1.log [as verifyAndPublish] (src/engine/v1/engine-v1.js:386:17)

  console.log
    [EngineV1] HCS published: 0.0.1001@123456789.000000000

      at EngineV1.log [as verifyAndPublish] (src/engine/v1/engine-v1.js:386:17)

  console.log
    [EngineV1] HCS published: 0.0.1001@123456789.000000000

      at EngineV1.log [as verifyAndPublish] (src/engine/v1/engine-v1.js:386:17)

  console.log
    [EngineV1] HCS published: 0.0.1001@123456789.000000000

      at EngineV1.log [as verifyAndPublish] (src/engine/v1/engine-v1.js:386:17)

  console.log
    [EngineV1] HCS published: 0.0.1001@123456789.000000000

      at EngineV1.log [as verifyAndPublish] (src/engine/v1/engine-v1.js:386:17)

  console.log
    [EngineV1] HCS published: 0.0.1001@123456789.000000000

      at EngineV1.log [as verifyAndPublish] (src/engine/v1/engine-v1.js:386:17)

  console.log
    [EngineV1] HCS published: 0.0.1001@123456789.000000000

      at EngineV1.log [as verifyAndPublish] (src/engine/v1/engine-v1.js:386:17)

  console.log
    [EngineV1] HCS published: 0.0.1001@123456789.000000000

      at EngineV1.log [as verifyAndPublish] (src/engine/v1/engine-v1.js:386:17)

  console.log
    [EngineV1] HCS published: 0.0.1001@123456789.000000000

      at EngineV1.log [as verifyAndPublish] (src/engine/v1/engine-v1.js:386:17)

  console.log
    [EngineV1] HCS published: 0.0.1001@123456789.000000000

      at EngineV1.log [as verifyAndPublish] (src/engine/v1/engine-v1.js:386:17)

  console.log
    [EngineV1] HCS published: 0.0.1001@123456789.000000000

      at EngineV1.log [as verifyAndPublish] (src/engine/v1/engine-v1.js:386:17)

  console.log
    [EngineV1] HCS published: 0.0.1001@123456789.000000000

      at EngineV1.log [as verifyAndPublish] (src/engine/v1/engine-v1.js:386:17)

  console.log
    [EngineV1] HCS published: 0.0.1001@123456789.000000000

      at EngineV1.log [as verifyAndPublish] (src/engine/v1/engine-v1.js:386:17)

  console.log
    [EngineV1] HCS published: 0.0.1001@123456789.000000000

      at EngineV1.log [as verifyAndPublish] (src/engine/v1/engine-v1.js:386:17)

  console.log
    [EngineV1] HCS published: 0.0.1001@123456789.000000000

      at EngineV1.log [as verifyAndPublish] (src/engine/v1/engine-v1.js:386:17)

  console.log
    [EngineV1] HCS published: 0.0.1001@123456789.000000000

      at EngineV1.log [as verifyAndPublish] (src/engine/v1/engine-v1.js:386:17)

PASS tests/engine-v1.test.js (5.17 s)
  EngineV1 verification pipeline
    ΓêÜ approves a clean, physically consistent reading with high trust (16 ms)
    ΓêÜ flags or rejects obviously bad physics (huge mismatch) (2 ms)
    ΓêÜ temporal check penalizes large jumps between readings of same device (2 ms)
    ΓêÜ environmental bounds downgrade score when pH/turbidity/temp are off (1 ms)
    ΓêÜ statistical anomaly detection marks strong outliers as anomaly (ML) (15 ms)
    ΓêÜ device consistency check fails when readings exceed profile limits (2 ms)
    ΓêÜ verifyBatch aggregates counts and average trust correctly (6 ms)

  console.log
    [MLAnomalyDetector] Loaded model from C:\Users\USER\hedera_audit\ml\model.json (trained on 4001 samples, 2026-02-21T10:34:18.408Z)

      at MLAnomalyDetector.log [as _tryLoadModel] (src/ml/MLAnomalyDetector.js:159:17)

  console.log
    [MLAnomalyDetector] Retrained on 100 real readings.

      at MLAnomalyDetector.log [as retrain] (src/ml/MLAnomalyDetector.js:479:13)

  console.log
    [MLAnomalyDetector] Loaded model from C:\Users\USER\hedera_audit\ml\model.json (trained on 4001 samples, 2026-02-21T10:34:18.408Z)

      at MLAnomalyDetector.log [as _tryLoadModel] (src/ml/MLAnomalyDetector.js:159:17)

PASS tests/ml/ml-anomaly-detector.test.js (5.258 s)
  IsolationForest (pure JS)
    ΓêÜ fit() sets trained=true (6 ms)
    ΓêÜ fit() produces correct number of trees (1 ms)
    ΓêÜ fit() sets a finite threshold
    ΓêÜ normal centre point scores as non-anomaly (2 ms)
    ΓêÜ extreme outlier scores as anomaly
    ΓêÜ score() returns values in expected range (1 ms)
    ΓêÜ toJSON() / fromJSON() roundtrip preserves scores (1 ms)
    ΓêÜ scoreMany() processes array correctly
  Feature extraction (8-dim normalised)
    ΓêÜ extractFeatures returns 8-element array
    ΓêÜ all features in [0, 1] (1 ms)
    ΓêÜ fraud reading has higher efficiencyRatio feature (1 ms)
  MLAnomalyDetector (Isolation Forest, auto-trained)
    ΓêÜ detector trains successfully on startup (2 ms)
    ΓêÜ normal reading is NOT flagged as anomaly (1 ms)
    ΓêÜ 10├ù fraud reading IS flagged as anomaly (1 ms)
    ΓêÜ sensor fault reading IS flagged as anomaly
    ΓêÜ detect() returns featureVector of length 8
    ΓêÜ retrain() updates model with new data (29 ms)
  Bulk detection accuracy (synthetic dataset)
    ΓêÜ correctly classifies >70% of anomalies in 200-sample test set (6 ms)

PASS tests/configuration-validator.test.js (5.511 s)
  Configuration Validation
    ΓêÜ validates complete config (7 ms)
    ΓêÜ rejects missing deviceId (10 ms)
    ΓêÜ rejects missing capacity (1 ms)
    ΓêÜ rejects null config
    ΓêÜ rejects undefined config (1 ms)
    ΓêÜ accepts config with optional fields
    ΓêÜ accepts numeric capacity
    ΓêÜ accepts zero capacity (falsy but valid) (1 ms)
    ΓêÜ rejects empty config object
    ΓêÜ accepts large capacity values
    ΓêÜ accepts string deviceId with special chars
    ΓêÜ accepts unicode deviceId
  Reading Validation
    ΓêÜ validates complete reading
    ΓêÜ rejects non-numeric flowRate (1 ms)
    ΓêÜ rejects NaN flowRate
    ΓêÜ rejects non-numeric head (1 ms)
    ΓêÜ rejects null reading
    ΓêÜ rejects undefined reading (1 ms)
    ΓêÜ accepts zero flowRate
    ΓêÜ accepts negative flowRate
    ΓêÜ accepts very large values
    ΓêÜ accepts reading with extra fields (1 ms)
    ΓêÜ Infinity flowRate passes (not NaN, is a number type)
  Environment Validation
    ΓêÜ validates complete environment
    ΓêÜ rejects missing HEDERA_ACCOUNT_ID
    ΓêÜ rejects missing HEDERA_PRIVATE_KEY (1 ms)
    ΓêÜ rejects null environment
    ΓêÜ rejects undefined environment (1 ms)
    ΓêÜ rejects empty string HEDERA_ACCOUNT_ID
    ΓêÜ rejects whitespace-only HEDERA_ACCOUNT_ID
    ΓêÜ accepts environment with extra fields
    ΓêÜ accepts various key formats
  Edge Cases
    ΓêÜ handles very long deviceId string
    ΓêÜ handles circular reference in config
    ΓêÜ numeric deviceId is valid (string or number accepted)
    ΓêÜ string "123" deviceId is valid
    ΓêÜ nested config fields are accepted (1 ms)
    ΓêÜ array fields in config are accepted
    ΓêÜ error message for missing deviceId includes field name

  console.log
    [dotenv@17.3.1] injecting env (16) from .env -- tip: ≡ƒöÉ encrypt with Dotenvx: https://dotenvx.com

      at _log (node_modules/dotenv/lib/main.js:139:11)

  console.log
    [dotenv@17.3.1] injecting env (16) from .env -- tip: ΓÜÖ∩╕Å  write to custom object with { processEnv: myObject }

      at _log (node_modules/dotenv/lib/main.js:139:11)

  console.log
    [MLAnomalyDetector] Loaded model from C:\Users\USER\hedera_audit\ml\model.json (trained on 4001 samples, 2026-02-21T10:34:18.408Z)

      at MLAnomalyDetector.log [as _tryLoadModel] (src/ml/MLAnomalyDetector.js:159:17)

  console.log
    [MLAnomalyDetector] Loaded model from C:\Users\USER\hedera_audit\ml\model.json (trained on 4001 samples, 2026-02-21T10:34:18.408Z)

      at MLAnomalyDetector.log [as _tryLoadModel] (src/ml/MLAnomalyDetector.js:159:17)

  console.log
    Workflow initialized successfully

      at Workflow.log [as initialize] (src/workflow.js:63:15)

  console.log
    Workflow initialized | project: HYDRO-PROJECT-001 | hedera: true | topic: N/A

      at Object.log (tests/e2e-production.test.js:20:13)

  console.log
    DID: did:hedera:testnet:zSFlEUk8tVFVSQklORS0x_1772495999537 | topic: undefined

      at Object.log (tests/e2e-production.test.js:40:15)

PASS tests/hedera-integration.test.js (6.21 s)
  Hedera Integration
    Topic Operations
      ΓêÜ should create HCS topic (21 ms)
      ΓêÜ should submit message to topic (20 ms)
      ΓêÜ should handle topic creation error (5 ms)
      ΓêÜ should retrieve topic messages (4 ms)
      ΓêÜ should handle topic not found (7 ms)
      ΓêÜ should create multiple topics (5 ms)
      ΓêÜ should handle concurrent topic operations (5 ms)
      ΓêÜ should validate topic ID format (5 ms)
      ΓêÜ should handle topic memo length (5 ms)
      ΓêÜ should handle special characters in memo (9 ms)
      ΓêÜ should handle unicode in topic memo (6 ms)
    Token Operations
      ΓêÜ should create REC token (5 ms)
      ΓêÜ should mint tokens (3 ms)
      ΓêÜ should transfer tokens (2 ms)
      ΓêÜ should burn tokens (2 ms)
      ΓêÜ should query token supply (2 ms)
      ΓêÜ should handle token not found (4 ms)
      ΓêÜ should validate token ID format (3 ms)
      ΓêÜ should handle large token amounts (4 ms)
      ΓêÜ should handle token with decimals (5 ms)
      ΓêÜ should handle zero token amount (6 ms)
    Transaction Operations
      ΓêÜ should submit transaction (5 ms)
      ΓêÜ should get transaction receipt (4 ms)
      ΓêÜ should handle transaction timeout (5 ms)
      ΓêÜ should retry failed transactions (5 ms)
      ΓêÜ should validate transaction ID format (5 ms)
      ΓêÜ should handle transaction fee (5 ms)
      ΓêÜ should handle insufficient balance (4 ms)
      ΓêÜ should handle transaction rejection (4 ms)
      ΓêÜ should track transaction status (4 ms)
    Account Operations
      ΓêÜ should get account balance (4 ms)
      ΓêÜ should validate account ID (4 ms)
      ΓêÜ should handle account not found (4 ms)
      ΓêÜ should get account info (4 ms)
      ΓêÜ should handle zero balance (7 ms)
      ΓêÜ should handle large balance (4 ms)
    Error Handling
      ΓêÜ should handle network error (7 ms)
      ΓêÜ should handle timeout error (4 ms)
      ΓêÜ should handle invalid credentials (4 ms)
      ΓêÜ should handle rate limiting (3 ms)
      ΓêÜ should handle malformed response (3 ms)
      ΓêÜ should provide error details (3 ms)
      ΓêÜ should handle connection closed (4 ms)
      ΓêÜ should handle server error (2 ms)
    Connection Management
      ΓêÜ should establish connection (2 ms)
      ΓêÜ should close connection (2 ms)
      ΓêÜ should handle reconnection (2 ms)
      ΓêÜ should validate connection state (2 ms)
      ΓêÜ should handle connection timeout (2 ms)
      ΓêÜ should handle multiple connections (4 ms)
      ΓêÜ should clean up resources (3 ms)
      ΓêÜ should handle graceful shutdown (2 ms)

  console.log
    Token: 0.0.954527 | symbol: undefined

      at Object.log (tests/e2e-production.test.js:47:15)

  console.log
    Workflow initialized successfully

      at Workflow.log [as initialize] (src/workflow.js:63:15)

  console.log
    [EngineV1] Hedera client initialized successfully

      at log (src/engine/v1/engine-v1.js:68:13)

  console.log
    Workflow initialized successfully

      at Workflow.log [as initialize] (src/workflow.js:63:15)

  console.log
    [EngineV1] Hedera client initialized successfully

      at log (src/engine/v1/engine-v1.js:68:13)

  console.log
    [EngineV1] HCS published: 0.0.6255927@1772495994.646081649

      at EngineV1.log [as verifyAndPublish] (src/engine/v1/engine-v1.js:386:17)

  console.log
    Workflow initialized successfully

      at Workflow.log [as initialize] (src/workflow.js:63:15)

  console.log
    [EngineV1] HCS published: 0.0.6255927@1772495992.906084876

      at EngineV1.log [as verifyAndPublish] (src/engine/v1/engine-v1.js:386:17)

  console.log
    Status: APPROVED | Trust: 98.5% | TxID: 0.0.6255927@1772495992.906084876

      at Object.log (tests/e2e-production.test.js:68:15)

  console.log
    [EngineV1] HCS published: 0.0.6255927@1772495995.408256939

      at EngineV1.log [as verifyAndPublish] (src/engine/v1/engine-v1.js:386:17)

  console.log
    Workflow initialized successfully

      at Workflow.log [as initialize] (src/workflow.js:63:15)

  console.log
    [EngineV1] HCS published: 0.0.6255927@1772495997.918446096

      at EngineV1.log [as verifyAndPublish] (src/engine/v1/engine-v1.js:386:17)

  console.log
    Bad telemetry status: REJECTED | Trust: 43.0%

      at Object.log (tests/e2e-production.test.js:91:15)

  console.log
    Minted: 74 | TxID: 0.0.641266@1772496003.53.180516972

      at Object.log (tests/e2e-production.test.js:112:15)

  console.log
    Readings: 2 | Approved: 1 | Avg trust: 70.8%

      at Object.log (tests/e2e-production.test.js:119:15)

  console.log
    [EngineV1] HCS published: 0.0.6255927@1772495997.643057580

      at EngineV1.log [as verifyAndPublish] (src/engine/v1/engine-v1.js:386:17)
          at async Promise.all (index 4)

  console.log
    [EngineV1] HCS published: 0.0.6255927@1772495998.687947208

      at EngineV1.log [as verifyAndPublish] (src/engine/v1/engine-v1.js:386:17)
          at async Promise.all (index 3)

  console.log
    [EngineV1] HCS published: 0.0.6255927@1772495995.014545710

      at EngineV1.log [as verifyAndPublish] (src/engine/v1/engine-v1.js:386:17)
          at async Promise.all (index 1)

  console.log
    [EngineV1] HCS published: 0.0.6255927@1772495997.231088154

      at EngineV1.log [as verifyAndPublish] (src/engine/v1/engine-v1.js:386:17)
          at async Promise.all (index 5)

  console.log
    [EngineV1] HCS published: 0.0.6255927@1772495997.329767283

      at EngineV1.log [as verifyAndPublish] (src/engine/v1/engine-v1.js:386:17)
          at async Promise.all (index 0)

  console.log
    [EngineV1] HCS published: 0.0.6255927@1772495998.557745888

      at EngineV1.log [as verifyAndPublish] (src/engine/v1/engine-v1.js:386:17)
          at async Promise.all (index 8)

  console.log
    [EngineV1] HCS published: 0.0.6255927@1772495999.841006789

      at EngineV1.log [as verifyAndPublish] (src/engine/v1/engine-v1.js:386:17)
          at async Promise.all (index 9)

  console.log
    [EngineV1] HCS published: 0.0.6255927@1772495997.045545050

      at EngineV1.log [as verifyAndPublish] (src/engine/v1/engine-v1.js:386:17)
          at async Promise.all (index 6)

  console.log
    [EngineV1] HCS published: 0.0.6255927@1772495998.562059921

      at EngineV1.log [as verifyAndPublish] (src/engine/v1/engine-v1.js:386:17)
          at async Promise.all (index 7)

  console.log
    [EngineV1] HCS published: 0.0.6255927@1772495996.766958618

      at EngineV1.log [as verifyAndPublish] (src/engine/v1/engine-v1.js:386:17)
          at async Promise.all (index 2)

  console.log
    Workflow initialized successfully

      at Workflow.log [as initialize] (src/workflow.js:63:15)

  console.log
    [EngineV1] HCS published: 0.0.6255927@1772495997.797679252

      at EngineV1.log [as verifyAndPublish] (src/engine/v1/engine-v1.js:386:17)

  console.log
    Retry attempts: 1

      at Object.log (tests/e2e-production.test.js:137:15)

  console.log
    [EngineV1] HCS published: 0.0.6255927@1772495997.345893316

      at EngineV1.log [as verifyAndPublish] (src/engine/v1/engine-v1.js:386:17)

  console.log
    [EngineV1] HCS published: 0.0.6255927@1772496001.886315350

      at EngineV1.log [as verifyAndPublish] (src/engine/v1/engine-v1.js:386:17)
          at async Promise.all (index 12)

  console.log
    [EngineV1] HCS published: 0.0.6255927@1772495999.968926960

      at EngineV1.log [as verifyAndPublish] (src/engine/v1/engine-v1.js:386:17)
          at async Promise.all (index 59)

  console.log
    [EngineV1] HCS published: 0.0.6255927@1772496002.764986955

      at EngineV1.log [as verifyAndPublish] (src/engine/v1/engine-v1.js:386:17)
          at async Promise.all (index 97)

  console.log
    [EngineV1] HCS published: 0.0.6255927@1772496002.591705579

      at EngineV1.log [as verifyAndPublish] (src/engine/v1/engine-v1.js:386:17)
          at async Promise.all (index 98)

  console.log
    [EngineV1] HCS published: 0.0.6255927@1772496002.389652206

      at EngineV1.log [as verifyAndPublish] (src/engine/v1/engine-v1.js:386:17)
          at async Promise.all (index 4)

  console.log
    [EngineV1] HCS published: 0.0.6255927@1772495998.600236190

      at EngineV1.log [as verifyAndPublish] (src/engine/v1/engine-v1.js:386:17)
          at async Promise.all (index 46)

  console.log
    [EngineV1] HCS published: 0.0.6255927@1772496001.123374451

      at EngineV1.log [as verifyAndPublish] (src/engine/v1/engine-v1.js:386:17)
          at async Promise.all (index 67)

  console.log
    [EngineV1] HCS published: 0.0.6255927@1772495999.989674871

      at EngineV1.log [as verifyAndPublish] (src/engine/v1/engine-v1.js:386:17)
          at async Promise.all (index 6)

  console.log
    [EngineV1] HCS published: 0.0.6255927@1772496002.053045587

      at EngineV1.log [as verifyAndPublish] (src/engine/v1/engine-v1.js:386:17)
          at async Promise.all (index 51)

  console.log
    [EngineV1] HCS published: 0.0.6255927@1772496000.261160728

      at EngineV1.log [as verifyAndPublish] (src/engine/v1/engine-v1.js:386:17)
          at async Promise.all (index 95)

  console.log
    [EngineV1] HCS published: 0.0.6255927@1772496001.478358969

      at EngineV1.log [as verifyAndPublish] (src/engine/v1/engine-v1.js:386:17)
          at async Promise.all (index 49)

  console.log
    [EngineV1] HCS published: 0.0.6255927@1772495999.720858630

      at EngineV1.log [as verifyAndPublish] (src/engine/v1/engine-v1.js:386:17)
          at async Promise.all (index 19)

  console.log
    [EngineV1] HCS published: 0.0.6255927@1772495998.343495114

      at EngineV1.log [as verifyAndPublish] (src/engine/v1/engine-v1.js:386:17)
          at async Promise.all (index 7)

  console.log
    [EngineV1] HCS published: 0.0.6255927@1772495997.971638063

      at EngineV1.log [as verifyAndPublish] (src/engine/v1/engine-v1.js:386:17)
          at async Promise.all (index 22)

  console.log
    [EngineV1] HCS published: 0.0.6255927@1772496000.469466757

      at EngineV1.log [as verifyAndPublish] (src/engine/v1/engine-v1.js:386:17)
          at async Promise.all (index 93)

  console.log
    [EngineV1] HCS published: 0.0.6255927@1772495999.089227230

      at EngineV1.log [as verifyAndPublish] (src/engine/v1/engine-v1.js:386:17)
          at async Promise.all (index 20)

  console.log
    [EngineV1] HCS published: 0.0.6255927@1772496002.431055105

      at EngineV1.log [as verifyAndPublish] (src/engine/v1/engine-v1.js:386:17)
          at async Promise.all (index 85)

  console.log
    [EngineV1] HCS published: 0.0.6255927@1772496001.136998056

      at EngineV1.log [as verifyAndPublish] (src/engine/v1/engine-v1.js:386:17)
          at async Promise.all (index 32)

  console.log
    [EngineV1] HCS published: 0.0.6255927@1772496001.662400854

      at EngineV1.log [as verifyAndPublish] (src/engine/v1/engine-v1.js:386:17)
          at async Promise.all (index 43)

  console.log
    [EngineV1] HCS published: 0.0.6255927@1772495998.350491910

      at EngineV1.log [as verifyAndPublish] (src/engine/v1/engine-v1.js:386:17)
          at async Promise.all (index 29)

  console.log
    [EngineV1] HCS published: 0.0.6255927@1772496001.506730791

      at EngineV1.log [as verifyAndPublish] (src/engine/v1/engine-v1.js:386:17)
          at async Promise.all (index 77)

  console.log
    [EngineV1] HCS published: 0.0.6255927@1772495998.573900485

      at EngineV1.log [as verifyAndPublish] (src/engine/v1/engine-v1.js:386:17)
          at async Promise.all (index 71)

  console.log
    [EngineV1] HCS published: 0.0.6255927@1772496000.814100202

      at EngineV1.log [as verifyAndPublish] (src/engine/v1/engine-v1.js:386:17)
          at async Promise.all (index 68)

  console.log
    [EngineV1] HCS published: 0.0.6255927@1772496000.199802385

      at EngineV1.log [as verifyAndPublish] (src/engine/v1/engine-v1.js:386:17)
          at async Promise.all (index 21)

  console.log
    [EngineV1] HCS published: 0.0.6255927@1772495999.275601905

      at EngineV1.log [as verifyAndPublish] (src/engine/v1/engine-v1.js:386:17)
          at async Promise.all (index 72)

  console.log
    [EngineV1] HCS published: 0.0.6255927@1772495999.874834586

      at EngineV1.log [as verifyAndPublish] (src/engine/v1/engine-v1.js:386:17)
          at async Promise.all (index 45)

  console.log
    [EngineV1] HCS published: 0.0.6255927@1772495998.799383610

      at EngineV1.log [as verifyAndPublish] (src/engine/v1/engine-v1.js:386:17)
          at async Promise.all (index 8)

  console.log
    [EngineV1] HCS published: 0.0.6255927@1772496001.020017644

      at EngineV1.log [as verifyAndPublish] (src/engine/v1/engine-v1.js:386:17)
          at async Promise.all (index 63)

  console.log
    [EngineV1] HCS published: 0.0.6255927@1772496001.881363742

      at EngineV1.log [as verifyAndPublish] (src/engine/v1/engine-v1.js:386:17)
          at async Promise.all (index 5)

  console.log
    [EngineV1] HCS published: 0.0.6255927@1772495998.944541954

      at EngineV1.log [as verifyAndPublish] (src/engine/v1/engine-v1.js:386:17)
          at async Promise.all (index 96)

  console.log
    [EngineV1] HCS published: 0.0.6255927@1772496000.247976394

      at EngineV1.log [as verifyAndPublish] (src/engine/v1/engine-v1.js:386:17)
          at async Promise.all (index 23)

  console.log
    [EngineV1] HCS published: 0.0.6255927@1772495998.987448819

      at EngineV1.log [as verifyAndPublish] (src/engine/v1/engine-v1.js:386:17)
          at async Promise.all (index 91)

  console.log
    [EngineV1] HCS published: 0.0.6255927@1772496000.899254202

      at EngineV1.log [as verifyAndPublish] (src/engine/v1/engine-v1.js:386:17)
          at async Promise.all (index 33)

  console.log
    [EngineV1] HCS published: 0.0.6255927@1772496000.950030561

      at EngineV1.log [as verifyAndPublish] (src/engine/v1/engine-v1.js:386:17)
          at async Promise.all (index 65)

  console.log
    [EngineV1] HCS published: 0.0.6255927@1772495999.176496093

      at EngineV1.log [as verifyAndPublish] (src/engine/v1/engine-v1.js:386:17)
          at async Promise.all (index 47)

  console.log
    [EngineV1] HCS published: 0.0.6255927@1772495999.338833110

      at EngineV1.log [as verifyAndPublish] (src/engine/v1/engine-v1.js:386:17)
          at async Promise.all (index 37)

  console.log
    [EngineV1] HCS published: 0.0.6255927@1772495998.283366553

      at EngineV1.log [as verifyAndPublish] (src/engine/v1/engine-v1.js:386:17)
          at async Promise.all (index 64)

  console.log
    [EngineV1] HCS published: 0.0.6255927@1772495998.089478654

      at EngineV1.log [as verifyAndPublish] (src/engine/v1/engine-v1.js:386:17)
          at async Promise.all (index 11)

  console.log
    [EngineV1] HCS published: 0.0.6255927@1772495999.046055079

      at EngineV1.log [as verifyAndPublish] (src/engine/v1/engine-v1.js:386:17)
          at async Promise.all (index 28)

  console.log
    [EngineV1] HCS published: 0.0.6255927@1772496001.151563089

      at EngineV1.log [as verifyAndPublish] (src/engine/v1/engine-v1.js:386:17)
          at async Promise.all (index 34)

  console.log
    [EngineV1] HCS published: 0.0.6255927@1772495998.130941339

      at EngineV1.log [as verifyAndPublish] (src/engine/v1/engine-v1.js:386:17)
          at async Promise.all (index 38)

  console.log
    [EngineV1] HCS published: 0.0.6255927@1772495999.832943452

      at EngineV1.log [as verifyAndPublish] (src/engine/v1/engine-v1.js:386:17)
          at async Promise.all (index 56)

  console.log
    [EngineV1] HCS published: 0.0.6255927@1772495998.128474863

      at EngineV1.log [as verifyAndPublish] (src/engine/v1/engine-v1.js:386:17)
          at async Promise.all (index 61)

  console.log
    [EngineV1] HCS published: 0.0.6255927@1772496002.083318725

      at EngineV1.log [as verifyAndPublish] (src/engine/v1/engine-v1.js:386:17)
          at async Promise.all (index 18)

  console.log
    [EngineV1] HCS published: 0.0.6255927@1772496000.895098388

      at EngineV1.log [as verifyAndPublish] (src/engine/v1/engine-v1.js:386:17)
          at async Promise.all (index 16)

  console.log
    [EngineV1] HCS published: 0.0.6255927@1772496001.289960763

      at EngineV1.log [as verifyAndPublish] (src/engine/v1/engine-v1.js:386:17)
          at async Promise.all (index 94)

  console.log
    [EngineV1] HCS published: 0.0.6255927@1772496000.586256861

      at EngineV1.log [as verifyAndPublish] (src/engine/v1/engine-v1.js:386:17)
          at async Promise.all (index 84)

  console.log
    [EngineV1] HCS published: 0.0.6255927@1772496000.170261507

      at EngineV1.log [as verifyAndPublish] (src/engine/v1/engine-v1.js:386:17)
          at async Promise.all (index 35)

  console.log
    [EngineV1] HCS published: 0.0.6255927@1772495999.685922689

      at EngineV1.log [as verifyAndPublish] (src/engine/v1/engine-v1.js:386:17)
          at async Promise.all (index 40)

  console.log
    [EngineV1] HCS published: 0.0.6255927@1772496001.265948891

      at EngineV1.log [as verifyAndPublish] (src/engine/v1/engine-v1.js:386:17)
          at async Promise.all (index 92)

  console.log
    [EngineV1] HCS published: 0.0.6255927@1772496000.946165696

      at EngineV1.log [as verifyAndPublish] (src/engine/v1/engine-v1.js:386:17)
          at async Promise.all (index 50)

  console.log
    [EngineV1] HCS published: 0.0.6255927@1772496002.106343113

      at EngineV1.log [as verifyAndPublish] (src/engine/v1/engine-v1.js:386:17)
          at async Promise.all (index 89)

  console.log
    [EngineV1] HCS published: 0.0.6255927@1772496000.030698677

      at EngineV1.log [as verifyAndPublish] (src/engine/v1/engine-v1.js:386:17)
          at async Promise.all (index 9)

  console.log
    [EngineV1] HCS published: 0.0.6255927@1772495998.240058271

      at EngineV1.log [as verifyAndPublish] (src/engine/v1/engine-v1.js:386:17)
          at async Promise.all (index 26)

  console.log
    [EngineV1] HCS published: 0.0.6255927@1772495998.003865484

      at EngineV1.log [as verifyAndPublish] (src/engine/v1/engine-v1.js:386:17)
          at async Promise.all (index 87)

  console.log
    [EngineV1] HCS published: 0.0.6255927@1772496000.483117469

      at EngineV1.log [as verifyAndPublish] (src/engine/v1/engine-v1.js:386:17)
          at async Promise.all (index 52)

  console.log
    [EngineV1] HCS published: 0.0.6255927@1772496000.784421838

      at EngineV1.log [as verifyAndPublish] (src/engine/v1/engine-v1.js:386:17)
          at async Promise.all (index 90)

  console.log
    [EngineV1] HCS published: 0.0.6255927@1772496000.876664354

      at EngineV1.log [as verifyAndPublish] (src/engine/v1/engine-v1.js:386:17)
          at async Promise.all (index 82)

  console.log
    [EngineV1] HCS published: 0.0.6255927@1772496000.737798646

      at EngineV1.log [as verifyAndPublish] (src/engine/v1/engine-v1.js:386:17)
          at async Promise.all (index 69)

  console.log
    [EngineV1] HCS published: 0.0.6255927@1772495998.137986984

      at EngineV1.log [as verifyAndPublish] (src/engine/v1/engine-v1.js:386:17)
          at async Promise.all (index 88)

  console.log
    [EngineV1] HCS published: 0.0.6255927@1772496000.539501747

      at EngineV1.log [as verifyAndPublish] (src/engine/v1/engine-v1.js:386:17)
          at async Promise.all (index 80)

  console.log
    [EngineV1] HCS published: 0.0.6255927@1772496002.537849065

      at EngineV1.log [as verifyAndPublish] (src/engine/v1/engine-v1.js:386:17)
          at async Promise.all (index 31)

  console.log
    [EngineV1] HCS published: 0.0.6255927@1772496000.852500655

      at EngineV1.log [as verifyAndPublish] (src/engine/v1/engine-v1.js:386:17)
          at async Promise.all (index 24)

  console.log
    [EngineV1] HCS published: 0.0.6255927@1772495999.593042695

      at EngineV1.log [as verifyAndPublish] (src/engine/v1/engine-v1.js:386:17)
          at async Promise.all (index 62)

  console.log
    [EngineV1] HCS published: 0.0.6255927@1772495999.432115277

      at EngineV1.log [as verifyAndPublish] (src/engine/v1/engine-v1.js:386:17)
          at async Promise.all (index 73)

  console.log
    [EngineV1] HCS published: 0.0.6255927@1772495999.697151917

      at EngineV1.log [as verifyAndPublish] (src/engine/v1/engine-v1.js:386:17)
          at async Promise.all (index 83)

  console.log
    [EngineV1] HCS published: 0.0.6255927@1772496000.305398013

      at EngineV1.log [as verifyAndPublish] (src/engine/v1/engine-v1.js:386:17)
          at async Promise.all (index 15)

  console.log
    [EngineV1] HCS published: 0.0.6255927@1772496001.293160232

      at EngineV1.log [as verifyAndPublish] (src/engine/v1/engine-v1.js:386:17)
          at async Promise.all (index 55)

  console.log
    [EngineV1] HCS published: 0.0.6255927@1772496001.454173599

      at EngineV1.log [as verifyAndPublish] (src/engine/v1/engine-v1.js:386:17)
          at async Promise.all (index 42)

  console.log
    [EngineV1] HCS published: 0.0.6255927@1772495999.590433186

      at EngineV1.log [as verifyAndPublish] (src/engine/v1/engine-v1.js:386:17)
          at async Promise.all (index 99)

  console.log
    [EngineV1] HCS published: 0.0.6255927@1772495998.428711118

      at EngineV1.log [as verifyAndPublish] (src/engine/v1/engine-v1.js:386:17)
          at async Promise.all (index 25)

  console.log
    [EngineV1] HCS published: 0.0.6255927@1772495997.999125113

      at EngineV1.log [as verifyAndPublish] (src/engine/v1/engine-v1.js:386:17)
          at async Promise.all (index 17)

  console.log
    [EngineV1] HCS published: 0.0.6255927@1772495997.902066797

      at EngineV1.log [as verifyAndPublish] (src/engine/v1/engine-v1.js:386:17)
          at async Promise.all (index 48)

  console.log
    [EngineV1] HCS published: 0.0.6255927@1772496001.409536585

      at EngineV1.log [as verifyAndPublish] (src/engine/v1/engine-v1.js:386:17)
          at async Promise.all (index 60)

  console.log
    [EngineV1] HCS published: 0.0.6255927@1772496002.701010976

      at EngineV1.log [as verifyAndPublish] (src/engine/v1/engine-v1.js:386:17)
          at async Promise.all (index 78)

  console.log
    [EngineV1] HCS published: 0.0.6255927@1772495998.733396905

      at EngineV1.log [as verifyAndPublish] (src/engine/v1/engine-v1.js:386:17)
          at async Promise.all (index 30)

  console.log
    [EngineV1] HCS published: 0.0.6255927@1772496001.115814280

      at EngineV1.log [as verifyAndPublish] (src/engine/v1/engine-v1.js:386:17)
          at async Promise.all (index 74)

  console.log
    [EngineV1] HCS published: 0.0.6255927@1772496001.055805191

      at EngineV1.log [as verifyAndPublish] (src/engine/v1/engine-v1.js:386:17)
          at async Promise.all (index 44)

  console.log
    [EngineV1] HCS published: 0.0.6255927@1772496002.814752643

      at EngineV1.log [as verifyAndPublish] (src/engine/v1/engine-v1.js:386:17)
          at async Promise.all (index 58)

  console.log
    [EngineV1] HCS published: 0.0.6255927@1772495998.392446178

      at EngineV1.log [as verifyAndPublish] (src/engine/v1/engine-v1.js:386:17)
          at async Promise.all (index 10)

  console.log
    [EngineV1] HCS published: 0.0.6255927@1772496000.075170144

      at EngineV1.log [as verifyAndPublish] (src/engine/v1/engine-v1.js:386:17)
          at async Promise.all (index 36)

  console.log
    [EngineV1] HCS published: 0.0.6255927@1772496001.625965917

      at EngineV1.log [as verifyAndPublish] (src/engine/v1/engine-v1.js:386:17)
          at async Promise.all (index 79)

  console.log
    [EngineV1] HCS published: 0.0.6255927@1772495999.798605117

      at EngineV1.log [as verifyAndPublish] (src/engine/v1/engine-v1.js:386:17)
          at async Promise.all (index 2)

  console.log
    [EngineV1] HCS published: 0.0.6255927@1772496000.191439101

      at EngineV1.log [as verifyAndPublish] (src/engine/v1/engine-v1.js:386:17)
          at async Promise.all (index 86)

  console.log
    [EngineV1] HCS published: 0.0.6255927@1772495999.859913897

      at EngineV1.log [as verifyAndPublish] (src/engine/v1/engine-v1.js:386:17)
          at async Promise.all (index 76)

  console.log
    [EngineV1] HCS published: 0.0.6255927@1772496002.691159567

      at EngineV1.log [as verifyAndPublish] (src/engine/v1/engine-v1.js:386:17)
          at async Promise.all (index 70)

  console.log
    [EngineV1] HCS published: 0.0.6255927@1772495999.819908773

      at EngineV1.log [as verifyAndPublish] (src/engine/v1/engine-v1.js:386:17)
          at async Promise.all (index 27)

  console.log
    [EngineV1] HCS published: 0.0.6255927@1772495998.701415482

      at EngineV1.log [as verifyAndPublish] (src/engine/v1/engine-v1.js:386:17)
          at async Promise.all (index 66)

  console.log
    [EngineV1] HCS published: 0.0.6255927@1772496003.064022582

      at EngineV1.log [as verifyAndPublish] (src/engine/v1/engine-v1.js:386:17)

  console.log
    [EngineV1] HCS published: 0.0.6255927@1772496000.272674161

      at EngineV1.log [as verifyAndPublish] (src/engine/v1/engine-v1.js:386:17)
          at async Promise.all (index 13)

  console.log
    [EngineV1] HCS published: 0.0.6255927@1772496001.693261392

      at EngineV1.log [as verifyAndPublish] (src/engine/v1/engine-v1.js:386:17)
          at async Promise.all (index 81)

  console.log
    [EngineV1] HCS published: 0.0.6255927@1772495998.552244923

      at EngineV1.log [as verifyAndPublish] (src/engine/v1/engine-v1.js:386:17)
          at async Promise.all (index 0)

  console.log
    [EngineV1] HCS published: 0.0.6255927@1772496002.217255758

      at EngineV1.log [as verifyAndPublish] (src/engine/v1/engine-v1.js:386:17)
          at async Promise.all (index 1)

  console.log
    [EngineV1] HCS published: 0.0.6255927@1772495998.055175883

      at EngineV1.log [as verifyAndPublish] (src/engine/v1/engine-v1.js:386:17)
          at async Promise.all (index 57)

  console.log
    [EngineV1] HCS published: 0.0.6255927@1772495998.168167075

      at EngineV1.log [as verifyAndPublish] (src/engine/v1/engine-v1.js:386:17)
          at async Promise.all (index 75)

  console.log
    [EngineV1] HCS published: 0.0.6255927@1772495999.887612549

      at EngineV1.log [as verifyAndPublish] (src/engine/v1/engine-v1.js:386:17)
          at async Promise.all (index 3)

  console.log
    [EngineV1] HCS published: 0.0.6255927@1772495999.292415628

      at EngineV1.log [as verifyAndPublish] (src/engine/v1/engine-v1.js:386:17)
          at async Promise.all (index 14)

  console.log
    [EngineV1] HCS published: 0.0.6255927@1772496002.807883592

      at EngineV1.log [as verifyAndPublish] (src/engine/v1/engine-v1.js:386:17)
          at async Promise.all (index 53)

  console.log
    [EngineV1] HCS published: 0.0.6255927@1772496000.878858185

      at EngineV1.log [as verifyAndPublish] (src/engine/v1/engine-v1.js:386:17)
          at async Promise.all (index 54)

  console.log
    [EngineV1] HCS published: 0.0.6255927@1772495998.620776916

      at EngineV1.log [as verifyAndPublish] (src/engine/v1/engine-v1.js:386:17)
          at async Promise.all (index 41)

  console.log
    [EngineV1] HCS published: 0.0.6255927@1772495998.154415403

      at EngineV1.log [as verifyAndPublish] (src/engine/v1/engine-v1.js:386:17)
          at async Promise.all (index 39)

  console.log
    100 readings in 3686ms

      at Object.log (tests/e2e-production.test.js:157:15)

PASS tests/e2e-production.test.js (16.12 s)
  PRODUCTION E2E - Complete MRV Cycle
    Complete MRV Pipeline
      ΓêÜ STEP 1: Workflow is initialized (8 ms)
      ΓêÜ STEP 2: Deploy Device DID on Hedera (2 ms)
      ΓêÜ STEP 3: Create REC Token on Hedera Token Service (1 ms)
      ΓêÜ STEP 4: Submit valid telemetry through full verification (2399 ms)
      ΓêÜ STEP 5: Invalid telemetry (physics violation) is flagged or rejected (1590 ms)
      ΓêÜ STEP 6: Mint RECs based on verified generation (1 ms)
      ΓêÜ STEP 7: Generate comprehensive monitoring report
      ΓêÜ STEP 8: Retry mechanism works with exponential backoff (2228 ms)
    Performance Benchmarks
      ΓêÜ Process 100 readings in under 30 seconds (3688 ms)
    Audit Trail Verification
      ΓêÜ All attestations are stored and retrievable
      ΓêÜ Attestations can be exported and re-imported (1 ms)

  console.log
    [EngineV1] HCS published: 0.0.6255927@1772496004.508072749

      at EngineV1.log [as verifyAndPublish] (src/engine/v1/engine-v1.js:386:17)

  console.log
    [EngineV1] HCS published: 0.0.6255927@1772496006.243236312

      at EngineV1.log [as verifyAndPublish] (src/engine/v1/engine-v1.js:386:17)

  console.log
    [EngineV1] HCS published: 0.0.6255927@1772496008.428481142

      at EngineV1.log [as verifyAndPublish] (src/engine/v1/engine-v1.js:386:17)

  console.log
    Workflow initialized successfully

      at Workflow.log [as initialize] (src/workflow.js:63:15)

  console.log
    Workflow initialized successfully

      at Workflow.log [as initialize] (src/workflow.js:63:15)

  console.log
    Workflow initialized successfully

      at Workflow.log [as initialize] (src/workflow.js:63:15)

  console.log
    [EngineV1] HCS published: 0.0.6255927@1772496006.948632111

      at EngineV1.log [as verifyAndPublish] (src/engine/v1/engine-v1.js:386:17)

  console.log
    Workflow initialized successfully

      at Workflow.log [as initialize] (src/workflow.js:63:15)

  console.log
    Workflow initialized successfully

      at Workflow.log [as initialize] (src/workflow.js:63:15)

  console.log
    [EngineV1] HCS published: 0.0.6255927@1772496011.040818187

      at EngineV1.log [as verifyAndPublish] (src/engine/v1/engine-v1.js:386:17)
          at async Promise.all (index 135)

  console.log
    [EngineV1] HCS published: 0.0.6255927@1772496008.511355076

      at EngineV1.log [as verifyAndPublish] (src/engine/v1/engine-v1.js:386:17)
          at async Promise.all (index 12)

  console.log
    [EngineV1] HCS published: 0.0.6255927@1772496009.965763171

      at EngineV1.log [as verifyAndPublish] (src/engine/v1/engine-v1.js:386:17)
          at async Promise.all (index 716)

  console.log
    [EngineV1] HCS published: 0.0.6255927@1772496008.765569994

      at EngineV1.log [as verifyAndPublish] (src/engine/v1/engine-v1.js:386:17)
          at async Promise.all (index 175)

  console.log
    [EngineV1] HCS published: 0.0.6255927@1772496010.695619472

      at EngineV1.log [as verifyAndPublish] (src/engine/v1/engine-v1.js:386:17)
          at async Promise.all (index 200)

  console.log
    [EngineV1] HCS published: 0.0.6255927@1772496012.230235978

      at EngineV1.log [as verifyAndPublish] (src/engine/v1/engine-v1.js:386:17)
          at async Promise.all (index 267)

  console.log
    [EngineV1] HCS published: 0.0.6255927@1772496010.109458682

      at EngineV1.log [as verifyAndPublish] (src/engine/v1/engine-v1.js:386:17)
          at async Promise.all (index 616)

  console.log
    [EngineV1] HCS published: 0.0.6255927@1772496012.248176536

      at EngineV1.log [as verifyAndPublish] (src/engine/v1/engine-v1.js:386:17)
          at async Promise.all (index 503)

  console.log
    [EngineV1] HCS published: 0.0.6255927@1772496011.331705385

      at EngineV1.log [as verifyAndPublish] (src/engine/v1/engine-v1.js:386:17)
          at async Promise.all (index 113)

  console.log
    [EngineV1] HCS published: 0.0.6255927@1772496012.538555757

      at EngineV1.log [as verifyAndPublish] (src/engine/v1/engine-v1.js:386:17)
          at async Promise.all (index 386)

  console.log
    [EngineV1] HCS published: 0.0.6255927@1772496010.264794783

      at EngineV1.log [as verifyAndPublish] (src/engine/v1/engine-v1.js:386:17)
          at async Promise.all (index 639)

  console.log
    [EngineV1] HCS published: 0.0.6255927@1772496011.714335501

      at EngineV1.log [as verifyAndPublish] (src/engine/v1/engine-v1.js:386:17)
          at async Promise.all (index 35)

  console.log
    [EngineV1] HCS published: 0.0.6255927@1772496010.819001517

      at EngineV1.log [as verifyAndPublish] (src/engine/v1/engine-v1.js:386:17)
          at async Promise.all (index 264)

  console.log
    [EngineV1] HCS published: 0.0.6255927@1772496010.694126342

      at EngineV1.log [as verifyAndPublish] (src/engine/v1/engine-v1.js:386:17)
          at async Promise.all (index 156)

  console.log
    [EngineV1] HCS published: 0.0.6255927@1772496009.165095276

      at EngineV1.log [as verifyAndPublish] (src/engine/v1/engine-v1.js:386:17)
          at async Promise.all (index 281)

  console.log
    [EngineV1] HCS published: 0.0.6255927@1772496010.830855388

      at EngineV1.log [as verifyAndPublish] (src/engine/v1/engine-v1.js:386:17)
          at async Promise.all (index 569)

  console.log
    [EngineV1] HCS published: 0.0.6255927@1772496010.311201930

      at EngineV1.log [as verifyAndPublish] (src/engine/v1/engine-v1.js:386:17)
          at async Promise.all (index 465)

  console.log
    [EngineV1] HCS published: 0.0.6255927@1772496012.912673549

      at EngineV1.log [as verifyAndPublish] (src/engine/v1/engine-v1.js:386:17)
          at async Promise.all (index 669)

  console.log
    [EngineV1] HCS published: 0.0.6255927@1772496008.722809888

      at EngineV1.log [as verifyAndPublish] (src/engine/v1/engine-v1.js:386:17)
          at async Promise.all (index 61)

  console.log
    [EngineV1] HCS published: 0.0.6255927@1772496008.311982803

      at EngineV1.log [as verifyAndPublish] (src/engine/v1/engine-v1.js:386:17)
          at async Promise.all (index 216)

  console.log
    [EngineV1] HCS published: 0.0.6255927@1772496009.810471405

      at EngineV1.log [as verifyAndPublish] (src/engine/v1/engine-v1.js:386:17)
          at async Promise.all (index 512)

  console.log
    [EngineV1] HCS published: 0.0.6255927@1772496009.933705535

      at EngineV1.log [as verifyAndPublish] (src/engine/v1/engine-v1.js:386:17)
          at async Promise.all (index 595)

  console.log
    [EngineV1] HCS published: 0.0.6255927@1772496010.505542212

      at EngineV1.log [as verifyAndPublish] (src/engine/v1/engine-v1.js:386:17)
          at async Promise.all (index 635)

  console.log
    [EngineV1] HCS published: 0.0.6255927@1772496012.668821015

      at EngineV1.log [as verifyAndPublish] (src/engine/v1/engine-v1.js:386:17)
          at async Promise.all (index 394)

  console.log
    [EngineV1] HCS published: 0.0.6255927@1772496010.430727309

      at EngineV1.log [as verifyAndPublish] (src/engine/v1/engine-v1.js:386:17)
          at async Promise.all (index 723)

  console.log
    [EngineV1] HCS published: 0.0.6255927@1772496011.246888566

      at EngineV1.log [as verifyAndPublish] (src/engine/v1/engine-v1.js:386:17)
          at async Promise.all (index 507)

  console.log
    [EngineV1] HCS published: 0.0.6255927@1772496012.950221616

      at EngineV1.log [as verifyAndPublish] (src/engine/v1/engine-v1.js:386:17)
          at async Promise.all (index 705)

  console.log
    [EngineV1] HCS published: 0.0.6255927@1772496009.671950531

      at EngineV1.log [as verifyAndPublish] (src/engine/v1/engine-v1.js:386:17)
          at async Promise.all (index 32)

  console.log
    [EngineV1] HCS published: 0.0.6255927@1772496009.689499431

      at EngineV1.log [as verifyAndPublish] (src/engine/v1/engine-v1.js:386:17)
          at async Promise.all (index 159)

  console.log
    [EngineV1] HCS published: 0.0.6255927@1772496012.959725903

      at EngineV1.log [as verifyAndPublish] (src/engine/v1/engine-v1.js:386:17)
          at async Promise.all (index 192)

  console.log
    [EngineV1] HCS published: 0.0.6255927@1772496008.643816786

      at EngineV1.log [as verifyAndPublish] (src/engine/v1/engine-v1.js:386:17)
          at async Promise.all (index 402)

  console.log
    [EngineV1] HCS published: 0.0.6255927@1772496013.708375031

      at EngineV1.log [as verifyAndPublish] (src/engine/v1/engine-v1.js:386:17)
          at async Promise.all (index 827)

  console.log
    [EngineV1] HCS published: 0.0.6255927@1772496011.513255748

      at EngineV1.log [as verifyAndPublish] (src/engine/v1/engine-v1.js:386:17)
          at async Promise.all (index 604)

  console.log
    [EngineV1] HCS published: 0.0.6255927@1772496013.370496824

      at EngineV1.log [as verifyAndPublish] (src/engine/v1/engine-v1.js:386:17)
          at async Promise.all (index 998)

  console.log
    [EngineV1] HCS published: 0.0.6255927@1772496009.729870163

      at EngineV1.log [as verifyAndPublish] (src/engine/v1/engine-v1.js:386:17)
          at async Promise.all (index 168)

  console.log
    [EngineV1] HCS published: 0.0.6255927@1772496013.480104270

      at EngineV1.log [as verifyAndPublish] (src/engine/v1/engine-v1.js:386:17)
          at async Promise.all (index 496)

  console.log
    [EngineV1] HCS published: 0.0.6255927@1772496012.786155124

      at EngineV1.log [as verifyAndPublish] (src/engine/v1/engine-v1.js:386:17)
          at async Promise.all (index 520)

  console.log
    [EngineV1] HCS published: 0.0.6255927@1772496010.737999815

      at EngineV1.log [as verifyAndPublish] (src/engine/v1/engine-v1.js:386:17)
          at async Promise.all (index 328)

  console.log
    [EngineV1] HCS published: 0.0.6255927@1772496013.443348977

      at EngineV1.log [as verifyAndPublish] (src/engine/v1/engine-v1.js:386:17)
          at async Promise.all (index 784)

  console.log
    [EngineV1] HCS published: 0.0.6255927@1772496009.534261880

      at EngineV1.log [as verifyAndPublish] (src/engine/v1/engine-v1.js:386:17)
          at async Promise.all (index 115)

  console.log
    [EngineV1] HCS published: 0.0.6255927@1772496011.840843771

      at EngineV1.log [as verifyAndPublish] (src/engine/v1/engine-v1.js:386:17)
          at async Promise.all (index 371)

  console.log
    [EngineV1] HCS published: 0.0.6255927@1772496010.751891761

      at EngineV1.log [as verifyAndPublish] (src/engine/v1/engine-v1.js:386:17)
          at async Promise.all (index 697)

  console.log
    [EngineV1] HCS published: 0.0.6255927@1772496012.466921629

      at EngineV1.log [as verifyAndPublish] (src/engine/v1/engine-v1.js:386:17)
          at async Promise.all (index 954)

  console.log
    [EngineV1] HCS published: 0.0.6255927@1772496012.487549548

      at EngineV1.log [as verifyAndPublish] (src/engine/v1/engine-v1.js:386:17)
          at async Promise.all (index 437)

  console.log
    [EngineV1] HCS published: 0.0.6255927@1772496009.806100596

      at EngineV1.log [as verifyAndPublish] (src/engine/v1/engine-v1.js:386:17)
          at async Promise.all (index 497)

  console.log
    [EngineV1] HCS published: 0.0.6255927@1772496012.123805653

      at EngineV1.log [as verifyAndPublish] (src/engine/v1/engine-v1.js:386:17)
          at async Promise.all (index 314)

  console.log
    [EngineV1] HCS published: 0.0.6255927@1772496008.795965041

      at EngineV1.log [as verifyAndPublish] (src/engine/v1/engine-v1.js:386:17)
          at async Promise.all (index 453)

  console.log
    [EngineV1] HCS published: 0.0.6255927@1772496013.558325421

      at EngineV1.log [as verifyAndPublish] (src/engine/v1/engine-v1.js:386:17)
          at async Promise.all (index 665)

  console.log
    [EngineV1] HCS published: 0.0.6255927@1772496012.836591085

      at EngineV1.log [as verifyAndPublish] (src/engine/v1/engine-v1.js:386:17)
          at async Promise.all (index 436)

  console.log
    [EngineV1] HCS published: 0.0.6255927@1772496013.513490684

      at EngineV1.log [as verifyAndPublish] (src/engine/v1/engine-v1.js:386:17)
          at async Promise.all (index 593)

  console.log
    [EngineV1] HCS published: 0.0.6255927@1772496007.968188662

      at EngineV1.log [as verifyAndPublish] (src/engine/v1/engine-v1.js:386:17)
          at async Promise.all (index 21)

  console.log
    [EngineV1] HCS published: 0.0.6255927@1772496008.143497194

      at EngineV1.log [as verifyAndPublish] (src/engine/v1/engine-v1.js:386:17)
          at async Promise.all (index 114)

  console.log
    [EngineV1] HCS published: 0.0.6255927@1772496012.167685486

      at EngineV1.log [as verifyAndPublish] (src/engine/v1/engine-v1.js:386:17)
          at async Promise.all (index 310)

  console.log
    [EngineV1] HCS published: 0.0.6255927@1772496010.581200785

      at EngineV1.log [as verifyAndPublish] (src/engine/v1/engine-v1.js:386:17)
          at async Promise.all (index 321)

  console.log
    [EngineV1] HCS published: 0.0.6255927@1772496012.991543397

      at EngineV1.log [as verifyAndPublish] (src/engine/v1/engine-v1.js:386:17)
          at async Promise.all (index 445)

  console.log
    [EngineV1] HCS published: 0.0.6255927@1772496010.653129632

      at EngineV1.log [as verifyAndPublish] (src/engine/v1/engine-v1.js:386:17)
          at async Promise.all (index 529)

  console.log
    [EngineV1] HCS published: 0.0.6255927@1772496010.769453323

      at EngineV1.log [as verifyAndPublish] (src/engine/v1/engine-v1.js:386:17)
          at async Promise.all (index 710)

  console.log
    [EngineV1] HCS published: 0.0.6255927@1772496013.189287860

      at EngineV1.log [as verifyAndPublish] (src/engine/v1/engine-v1.js:386:17)
          at async Promise.all (index 921)

  console.log
    [EngineV1] HCS published: 0.0.6255927@1772496011.568404465

      at EngineV1.log [as verifyAndPublish] (src/engine/v1/engine-v1.js:386:17)
          at async Promise.all (index 102)

  console.log
    [EngineV1] HCS published: 0.0.6255927@1772496011.902932521

      at EngineV1.log [as verifyAndPublish] (src/engine/v1/engine-v1.js:386:17)
          at async Promise.all (index 187)

  console.log
    [EngineV1] HCS published: 0.0.6255927@1772496011.449017528

      at EngineV1.log [as verifyAndPublish] (src/engine/v1/engine-v1.js:386:17)
          at async Promise.all (index 362)

  console.log
    [EngineV1] HCS published: 0.0.6255927@1772496013.796514772

      at EngineV1.log [as verifyAndPublish] (src/engine/v1/engine-v1.js:386:17)
          at async Promise.all (index 894)

  console.log
    [EngineV1] HCS published: 0.0.6255927@1772496011.247371751

      at EngineV1.log [as verifyAndPublish] (src/engine/v1/engine-v1.js:386:17)
          at async Promise.all (index 375)

  console.log
    [EngineV1] HCS published: 0.0.6255927@1772496010.626371324

      at EngineV1.log [as verifyAndPublish] (src/engine/v1/engine-v1.js:386:17)
          at async Promise.all (index 244)

  console.log
    [EngineV1] HCS published: 0.0.6255927@1772496012.962783333

      at EngineV1.log [as verifyAndPublish] (src/engine/v1/engine-v1.js:386:17)
          at async Promise.all (index 384)

  console.log
    [EngineV1] HCS published: 0.0.6255927@1772496010.738730894

      at EngineV1.log [as verifyAndPublish] (src/engine/v1/engine-v1.js:386:17)
          at async Promise.all (index 337)

  console.log
    [EngineV1] HCS published: 0.0.6255927@1772496012.104150834

      at EngineV1.log [as verifyAndPublish] (src/engine/v1/engine-v1.js:386:17)
          at async Promise.all (index 607)

  console.log
    [EngineV1] HCS published: 0.0.6255927@1772496010.955949562

      at EngineV1.log [as verifyAndPublish] (src/engine/v1/engine-v1.js:386:17)
          at async Promise.all (index 571)

  console.log
    [EngineV1] HCS published: 0.0.6255927@1772496011.633741569

      at EngineV1.log [as verifyAndPublish] (src/engine/v1/engine-v1.js:386:17)
          at async Promise.all (index 743)

  console.log
    [EngineV1] HCS published: 0.0.6255927@1772496009.316379516

      at EngineV1.log [as verifyAndPublish] (src/engine/v1/engine-v1.js:386:17)
          at async Promise.all (index 718)

  console.log
    [EngineV1] HCS published: 0.0.6255927@1772496009.528065245

      at EngineV1.log [as verifyAndPublish] (src/engine/v1/engine-v1.js:386:17)
          at async Promise.all (index 917)

  console.log
    [EngineV1] HCS published: 0.0.6255927@1772496011.069111417

      at EngineV1.log [as verifyAndPublish] (src/engine/v1/engine-v1.js:386:17)
          at async Promise.all (index 968)

  console.log
    [EngineV1] HCS published: 0.0.6255927@1772496012.087939127

      at EngineV1.log [as verifyAndPublish] (src/engine/v1/engine-v1.js:386:17)
          at async Promise.all (index 980)

  console.log
    [EngineV1] HCS published: 0.0.6255927@1772496012.579337103

      at EngineV1.log [as verifyAndPublish] (src/engine/v1/engine-v1.js:386:17)
          at async Promise.all (index 600)

  console.log
    [EngineV1] HCS published: 0.0.6255927@1772496009.944520332

      at EngineV1.log [as verifyAndPublish] (src/engine/v1/engine-v1.js:386:17)
          at async Promise.all (index 57)

  console.log
    [EngineV1] HCS published: 0.0.6255927@1772496008.351029573

      at EngineV1.log [as verifyAndPublish] (src/engine/v1/engine-v1.js:386:17)
          at async Promise.all (index 97)

  console.log
    [EngineV1] HCS published: 0.0.6255927@1772496011.780558672

      at EngineV1.log [as verifyAndPublish] (src/engine/v1/engine-v1.js:386:17)
          at async Promise.all (index 292)

  console.log
    [EngineV1] HCS published: 0.0.6255927@1772496011.719270050

      at EngineV1.log [as verifyAndPublish] (src/engine/v1/engine-v1.js:386:17)
          at async Promise.all (index 646)

  console.log
    [EngineV1] HCS published: 0.0.6255927@1772496011.055539121

      at EngineV1.log [as verifyAndPublish] (src/engine/v1/engine-v1.js:386:17)
          at async Promise.all (index 516)

  console.log
    [EngineV1] HCS published: 0.0.6255927@1772496012.644040161

      at EngineV1.log [as verifyAndPublish] (src/engine/v1/engine-v1.js:386:17)
          at async Promise.all (index 296)

  console.log
    [EngineV1] HCS published: 0.0.6255927@1772496009.167527244

      at EngineV1.log [as verifyAndPublish] (src/engine/v1/engine-v1.js:386:17)
          at async Promise.all (index 425)

  console.log
    [EngineV1] HCS published: 0.0.6255927@1772496011.958397728

      at EngineV1.log [as verifyAndPublish] (src/engine/v1/engine-v1.js:386:17)
          at async Promise.all (index 511)

  console.log
    [EngineV1] HCS published: 0.0.6255927@1772496009.440147401

      at EngineV1.log [as verifyAndPublish] (src/engine/v1/engine-v1.js:386:17)
          at async Promise.all (index 207)

  console.log
    [EngineV1] HCS published: 0.0.6255927@1772496011.415500223

      at EngineV1.log [as verifyAndPublish] (src/engine/v1/engine-v1.js:386:17)
          at async Promise.all (index 258)

  console.log
    [EngineV1] HCS published: 0.0.6255927@1772496012.808554875

      at EngineV1.log [as verifyAndPublish] (src/engine/v1/engine-v1.js:386:17)
          at async Promise.all (index 575)

  console.log
    [EngineV1] HCS published: 0.0.6255927@1772496008.763238504

      at EngineV1.log [as verifyAndPublish] (src/engine/v1/engine-v1.js:386:17)
          at async Promise.all (index 558)

  console.log
    [EngineV1] HCS published: 0.0.6255927@1772496011.949051293

      at EngineV1.log [as verifyAndPublish] (src/engine/v1/engine-v1.js:386:17)
          at async Promise.all (index 88)

  console.log
    [EngineV1] HCS published: 0.0.6255927@1772496012.869490710

      at EngineV1.log [as verifyAndPublish] (src/engine/v1/engine-v1.js:386:17)
          at async Promise.all (index 173)

  console.log
    [EngineV1] HCS published: 0.0.6255927@1772496013.277273102

      at EngineV1.log [as verifyAndPublish] (src/engine/v1/engine-v1.js:386:17)
          at async Promise.all (index 885)

  console.log
    [EngineV1] HCS published: 0.0.6255927@1772496009.478382983

      at EngineV1.log [as verifyAndPublish] (src/engine/v1/engine-v1.js:386:17)
          at async Promise.all (index 11)

  console.log
    [EngineV1] HCS published: 0.0.6255927@1772496010.184451190

      at EngineV1.log [as verifyAndPublish] (src/engine/v1/engine-v1.js:386:17)
          at async Promise.all (index 51)

  console.log
    [EngineV1] HCS published: 0.0.6255927@1772496012.911014646

      at EngineV1.log [as verifyAndPublish] (src/engine/v1/engine-v1.js:386:17)
          at async Promise.all (index 557)

  console.log
    [EngineV1] HCS published: 0.0.6255927@1772496011.531495104

      at EngineV1.log [as verifyAndPublish] (src/engine/v1/engine-v1.js:386:17)
          at async Promise.all (index 565)

  console.log
    [EngineV1] HCS published: 0.0.6255927@1772496011.750334935

      at EngineV1.log [as verifyAndPublish] (src/engine/v1/engine-v1.js:386:17)
          at async Promise.all (index 134)

  console.log
    [EngineV1] HCS published: 0.0.6255927@1772496011.528347176

      at EngineV1.log [as verifyAndPublish] (src/engine/v1/engine-v1.js:386:17)
          at async Promise.all (index 70)

  console.log
    [EngineV1] HCS published: 0.0.6255927@1772496011.460732472

      at EngineV1.log [as verifyAndPublish] (src/engine/v1/engine-v1.js:386:17)
          at async Promise.all (index 250)

  console.log
    [EngineV1] HCS published: 0.0.6255927@1772496010.106847364

      at EngineV1.log [as verifyAndPublish] (src/engine/v1/engine-v1.js:386:17)
          at async Promise.all (index 916)

  console.log
    [EngineV1] HCS published: 0.0.6255927@1772496008.774427350

      at EngineV1.log [as verifyAndPublish] (src/engine/v1/engine-v1.js:386:17)
          at async Promise.all (index 38)

  console.log
    [EngineV1] HCS published: 0.0.6255927@1772496011.132149774

      at EngineV1.log [as verifyAndPublish] (src/engine/v1/engine-v1.js:386:17)
          at async Promise.all (index 226)

  console.log
    [EngineV1] HCS published: 0.0.6255927@1772496010.368547190

      at EngineV1.log [as verifyAndPublish] (src/engine/v1/engine-v1.js:386:17)
          at async Promise.all (index 615)

  console.log
    [EngineV1] HCS published: 0.0.6255927@1772496012.530767590

      at EngineV1.log [as verifyAndPublish] (src/engine/v1/engine-v1.js:386:17)
          at async Promise.all (index 90)

  console.log
    [EngineV1] HCS published: 0.0.6255927@1772496010.064634030

      at EngineV1.log [as verifyAndPublish] (src/engine/v1/engine-v1.js:386:17)
          at async Promise.all (index 108)

  console.log
    [EngineV1] HCS published: 0.0.6255927@1772496008.504786717

      at EngineV1.log [as verifyAndPublish] (src/engine/v1/engine-v1.js:386:17)
          at async Promise.all (index 48)

  console.log
    [EngineV1] HCS published: 0.0.6255927@1772496008.564431687

      at EngineV1.log [as verifyAndPublish] (src/engine/v1/engine-v1.js:386:17)
          at async Promise.all (index 158)

  console.log
    [EngineV1] HCS published: 0.0.6255927@1772496013.142142507

      at EngineV1.log [as verifyAndPublish] (src/engine/v1/engine-v1.js:386:17)
          at async Promise.all (index 550)

  console.log
    [EngineV1] HCS published: 0.0.6255927@1772496012.213017566

      at EngineV1.log [as verifyAndPublish] (src/engine/v1/engine-v1.js:386:17)
          at async Promise.all (index 357)

  console.log
    [EngineV1] HCS published: 0.0.6255927@1772496009.735965915

      at EngineV1.log [as verifyAndPublish] (src/engine/v1/engine-v1.js:386:17)
          at async Promise.all (index 901)

  console.log
    [EngineV1] HCS published: 0.0.6255927@1772496013.052933989

      at EngineV1.log [as verifyAndPublish] (src/engine/v1/engine-v1.js:386:17)
          at async Promise.all (index 927)

  console.log
    [EngineV1] HCS published: 0.0.6255927@1772496008.590530636

      at EngineV1.log [as verifyAndPublish] (src/engine/v1/engine-v1.js:386:17)
          at async Promise.all (index 464)

  console.log
    [EngineV1] HCS published: 0.0.6255927@1772496013.598722560

      at EngineV1.log [as verifyAndPublish] (src/engine/v1/engine-v1.js:386:17)
          at async Promise.all (index 661)

  console.log
    [EngineV1] HCS published: 0.0.6255927@1772496010.701657008

      at EngineV1.log [as verifyAndPublish] (src/engine/v1/engine-v1.js:386:17)
          at async Promise.all (index 858)

  console.log
    [EngineV1] HCS published: 0.0.6255927@1772496009.685483540

      at EngineV1.log [as verifyAndPublish] (src/engine/v1/engine-v1.js:386:17)
          at async Promise.all (index 100)

  console.log
    [EngineV1] HCS published: 0.0.6255927@1772496010.799583287

      at EngineV1.log [as verifyAndPublish] (src/engine/v1/engine-v1.js:386:17)
          at async Promise.all (index 261)

  console.log
    [EngineV1] HCS published: 0.0.6255927@1772496009.608322080

      at EngineV1.log [as verifyAndPublish] (src/engine/v1/engine-v1.js:386:17)
          at async Promise.all (index 561)

  console.log
    [EngineV1] HCS published: 0.0.6255927@1772496013.488863082

      at EngineV1.log [as verifyAndPublish] (src/engine/v1/engine-v1.js:386:17)
          at async Promise.all (index 974)

  console.log
    [EngineV1] HCS published: 0.0.6255927@1772496009.724629748

      at EngineV1.log [as verifyAndPublish] (src/engine/v1/engine-v1.js:386:17)
          at async Promise.all (index 87)

  console.log
    [EngineV1] HCS published: 0.0.6255927@1772496012.932097540

      at EngineV1.log [as verifyAndPublish] (src/engine/v1/engine-v1.js:386:17)
          at async Promise.all (index 406)

  console.log
    [EngineV1] HCS published: 0.0.6255927@1772496011.183519883

      at EngineV1.log [as verifyAndPublish] (src/engine/v1/engine-v1.js:386:17)
          at async Promise.all (index 24)

  console.log
    [EngineV1] HCS published: 0.0.6255927@1772496011.832605283

      at EngineV1.log [as verifyAndPublish] (src/engine/v1/engine-v1.js:386:17)
          at async Promise.all (index 68)

  console.log
    [EngineV1] HCS published: 0.0.6255927@1772496011.994654287

      at EngineV1.log [as verifyAndPublish] (src/engine/v1/engine-v1.js:386:17)
          at async Promise.all (index 340)

  console.log
    [EngineV1] HCS published: 0.0.6255927@1772496012.980268740

      at EngineV1.log [as verifyAndPublish] (src/engine/v1/engine-v1.js:386:17)
          at async Promise.all (index 542)

  console.log
    [EngineV1] HCS published: 0.0.6255927@1772496010.579299338

      at EngineV1.log [as verifyAndPublish] (src/engine/v1/engine-v1.js:386:17)
          at async Promise.all (index 576)

  console.log
    [EngineV1] HCS published: 0.0.6255927@1772496008.893420359

      at EngineV1.log [as verifyAndPublish] (src/engine/v1/engine-v1.js:386:17)
          at async Promise.all (index 754)

  console.log
    [EngineV1] HCS published: 0.0.6255927@1772496008.392821613

      at EngineV1.log [as verifyAndPublish] (src/engine/v1/engine-v1.js:386:17)
          at async Promise.all (index 59)

  console.log
    [EngineV1] HCS published: 0.0.6255927@1772496012.842308569

      at EngineV1.log [as verifyAndPublish] (src/engine/v1/engine-v1.js:386:17)
          at async Promise.all (index 218)

  console.log
    [EngineV1] HCS published: 0.0.6255927@1772496009.955550730

      at EngineV1.log [as verifyAndPublish] (src/engine/v1/engine-v1.js:386:17)
          at async Promise.all (index 298)

  console.log
    [EngineV1] HCS published: 0.0.6255927@1772496012.783438778

      at EngineV1.log [as verifyAndPublish] (src/engine/v1/engine-v1.js:386:17)
          at async Promise.all (index 989)

  console.log
    [EngineV1] HCS published: 0.0.6255927@1772496010.187236070

      at EngineV1.log [as verifyAndPublish] (src/engine/v1/engine-v1.js:386:17)
          at async Promise.all (index 202)

  console.log
    [EngineV1] HCS published: 0.0.6255927@1772496012.590150078

      at EngineV1.log [as verifyAndPublish] (src/engine/v1/engine-v1.js:386:17)
          at async Promise.all (index 117)

  console.log
    [EngineV1] HCS published: 0.0.6255927@1772496008.209359012

      at EngineV1.log [as verifyAndPublish] (src/engine/v1/engine-v1.js:386:17)
          at async Promise.all (index 137)

  console.log
    [EngineV1] HCS published: 0.0.6255927@1772496009.059512837

      at EngineV1.log [as verifyAndPublish] (src/engine/v1/engine-v1.js:386:17)
          at async Promise.all (index 324)

  console.log
    [EngineV1] HCS published: 0.0.6255927@1772496009.478907845

      at EngineV1.log [as verifyAndPublish] (src/engine/v1/engine-v1.js:386:17)
          at async Promise.all (index 420)

  console.log
    [EngineV1] HCS published: 0.0.6255927@1772496012.511470538

      at EngineV1.log [as verifyAndPublish] (src/engine/v1/engine-v1.js:386:17)
          at async Promise.all (index 640)

  console.log
    [EngineV1] HCS published: 0.0.6255927@1772496013.534500008

      at EngineV1.log [as verifyAndPublish] (src/engine/v1/engine-v1.js:386:17)
          at async Promise.all (index 701)

  console.log
    [EngineV1] HCS published: 0.0.6255927@1772496013.781805303

      at EngineV1.log [as verifyAndPublish] (src/engine/v1/engine-v1.js:386:17)
          at async Promise.all (index 823)

  console.log
    [EngineV1] HCS published: 0.0.6255927@1772496010.533077867

      at EngineV1.log [as verifyAndPublish] (src/engine/v1/engine-v1.js:386:17)
          at async Promise.all (index 2)

  console.log
    [EngineV1] HCS published: 0.0.6255927@1772496008.824956443

      at EngineV1.log [as verifyAndPublish] (src/engine/v1/engine-v1.js:386:17)
          at async Promise.all (index 306)

  console.log
    [EngineV1] HCS published: 0.0.6255927@1772496013.119354121

      at EngineV1.log [as verifyAndPublish] (src/engine/v1/engine-v1.js:386:17)
          at async Promise.all (index 704)

  console.log
    [EngineV1] HCS published: 0.0.6255927@1772496009.916689204

      at EngineV1.log [as verifyAndPublish] (src/engine/v1/engine-v1.js:386:17)
          at async Promise.all (index 796)

  console.log
    [EngineV1] HCS published: 0.0.6255927@1772496008.813702101

      at EngineV1.log [as verifyAndPublish] (src/engine/v1/engine-v1.js:386:17)
          at async Promise.all (index 285)

  console.log
    [EngineV1] HCS published: 0.0.6255927@1772496009.924566261

      at EngineV1.log [as verifyAndPublish] (src/engine/v1/engine-v1.js:386:17)
          at async Promise.all (index 733)

  console.log
    [EngineV1] HCS published: 0.0.6255927@1772496009.481402050

      at EngineV1.log [as verifyAndPublish] (src/engine/v1/engine-v1.js:386:17)
          at async Promise.all (index 64)

  console.log
    [EngineV1] HCS published: 0.0.6255927@1772496009.913086098

      at EngineV1.log [as verifyAndPublish] (src/engine/v1/engine-v1.js:386:17)
          at async Promise.all (index 432)

  console.log
    [EngineV1] HCS published: 0.0.6255927@1772496013.275884739

      at EngineV1.log [as verifyAndPublish] (src/engine/v1/engine-v1.js:386:17)
          at async Promise.all (index 579)

  console.log
    [EngineV1] HCS published: 0.0.6255927@1772496009.176991251

      at EngineV1.log [as verifyAndPublish] (src/engine/v1/engine-v1.js:386:17)
          at async Promise.all (index 764)

  console.log
    [EngineV1] HCS published: 0.0.6255927@1772496011.528692524

      at EngineV1.log [as verifyAndPublish] (src/engine/v1/engine-v1.js:386:17)
          at async Promise.all (index 124)

  console.log
    [EngineV1] HCS published: 0.0.6255927@1772496009.939039280

      at EngineV1.log [as verifyAndPublish] (src/engine/v1/engine-v1.js:386:17)
          at async Promise.all (index 170)

  console.log
    [EngineV1] HCS published: 0.0.6255927@1772496008.317999004

      at EngineV1.log [as verifyAndPublish] (src/engine/v1/engine-v1.js:386:17)
          at async Promise.all (index 251)

  console.log
    [EngineV1] HCS published: 0.0.6255927@1772496009.664213161

      at EngineV1.log [as verifyAndPublish] (src/engine/v1/engine-v1.js:386:17)
          at async Promise.all (index 276)

  console.log
    [EngineV1] HCS published: 0.0.6255927@1772496009.675716111

      at EngineV1.log [as verifyAndPublish] (src/engine/v1/engine-v1.js:386:17)
          at async Promise.all (index 659)

  console.log
    [EngineV1] HCS published: 0.0.6255927@1772496010.268907953

      at EngineV1.log [as verifyAndPublish] (src/engine/v1/engine-v1.js:386:17)
          at async Promise.all (index 179)

  console.log
    [EngineV1] HCS published: 0.0.6255927@1772496010.099554372

      at EngineV1.log [as verifyAndPublish] (src/engine/v1/engine-v1.js:386:17)
          at async Promise.all (index 637)

  console.log
    [EngineV1] HCS published: 0.0.6255927@1772496011.914861049

      at EngineV1.log [as verifyAndPublish] (src/engine/v1/engine-v1.js:386:17)
          at async Promise.all (index 151)

  console.log
    [EngineV1] HCS published: 0.0.6255927@1772496010.590730333

      at EngineV1.log [as verifyAndPublish] (src/engine/v1/engine-v1.js:386:17)
          at async Promise.all (index 341)

  console.log
    [EngineV1] HCS published: 0.0.6255927@1772496009.393669660

      at EngineV1.log [as verifyAndPublish] (src/engine/v1/engine-v1.js:386:17)
          at async Promise.all (index 622)

  console.log
    [EngineV1] HCS published: 0.0.6255927@1772496009.526591958

      at EngineV1.log [as verifyAndPublish] (src/engine/v1/engine-v1.js:386:17)
          at async Promise.all (index 422)

  console.log
    [EngineV1] HCS published: 0.0.6255927@1772496010.775962790

      at EngineV1.log [as verifyAndPublish] (src/engine/v1/engine-v1.js:386:17)
          at async Promise.all (index 609)

  console.log
    [EngineV1] HCS published: 0.0.6255927@1772496011.267920535

      at EngineV1.log [as verifyAndPublish] (src/engine/v1/engine-v1.js:386:17)
          at async Promise.all (index 765)

  console.log
    [EngineV1] HCS published: 0.0.6255927@1772496010.478735215

      at EngineV1.log [as verifyAndPublish] (src/engine/v1/engine-v1.js:386:17)
          at async Promise.all (index 944)

  console.log
    [EngineV1] HCS published: 0.0.6255927@1772496011.405829742

      at EngineV1.log [as verifyAndPublish] (src/engine/v1/engine-v1.js:386:17)
          at async Promise.all (index 352)

  console.log
    [EngineV1] HCS published: 0.0.6255927@1772496009.247009160

      at EngineV1.log [as verifyAndPublish] (src/engine/v1/engine-v1.js:386:17)
          at async Promise.all (index 515)

  console.log
    [EngineV1] HCS published: 0.0.6255927@1772496008.792752650

      at EngineV1.log [as verifyAndPublish] (src/engine/v1/engine-v1.js:386:17)
          at async Promise.all (index 186)

  console.log
    [EngineV1] HCS published: 0.0.6255927@1772496013.091144940

      at EngineV1.log [as verifyAndPublish] (src/engine/v1/engine-v1.js:386:17)
          at async Promise.all (index 395)

  console.log
    [EngineV1] HCS published: 0.0.6255927@1772496011.339733704

      at EngineV1.log [as verifyAndPublish] (src/engine/v1/engine-v1.js:386:17)
          at async Promise.all (index 189)

  console.log
    [EngineV1] HCS published: 0.0.6255927@1772496010.322818368

      at EngineV1.log [as verifyAndPublish] (src/engine/v1/engine-v1.js:386:17)
          at async Promise.all (index 44)

  console.log
    [EngineV1] HCS published: 0.0.6255927@1772496010.288614476

      at EngineV1.log [as verifyAndPublish] (src/engine/v1/engine-v1.js:386:17)
          at async Promise.all (index 238)

  console.log
    [EngineV1] HCS published: 0.0.6255927@1772496010.770097010

      at EngineV1.log [as verifyAndPublish] (src/engine/v1/engine-v1.js:386:17)
          at async Promise.all (index 235)

  console.log
    [EngineV1] HCS published: 0.0.6255927@1772496011.690501567

      at EngineV1.log [as verifyAndPublish] (src/engine/v1/engine-v1.js:386:17)
          at async Promise.all (index 278)

  console.log
    [EngineV1] HCS published: 0.0.6255927@1772496009.633391262

      at EngineV1.log [as verifyAndPublish] (src/engine/v1/engine-v1.js:386:17)
          at async Promise.all (index 578)

  console.log
    [EngineV1] HCS published: 0.0.6255927@1772496012.433381195

      at EngineV1.log [as verifyAndPublish] (src/engine/v1/engine-v1.js:386:17)
          at async Promise.all (index 688)

  console.log
    [EngineV1] HCS published: 0.0.6255927@1772496012.883487835

      at EngineV1.log [as verifyAndPublish] (src/engine/v1/engine-v1.js:386:17)
          at async Promise.all (index 818)

  console.log
    [EngineV1] HCS published: 0.0.6255927@1772496009.172372749

      at EngineV1.log [as verifyAndPublish] (src/engine/v1/engine-v1.js:386:17)
          at async Promise.all (index 366)

  console.log
    [EngineV1] HCS published: 0.0.6255927@1772496011.883896637

      at EngineV1.log [as verifyAndPublish] (src/engine/v1/engine-v1.js:386:17)
          at async Promise.all (index 551)

  console.log
    [EngineV1] HCS published: 0.0.6255927@1772496010.095255661

      at EngineV1.log [as verifyAndPublish] (src/engine/v1/engine-v1.js:386:17)
          at async Promise.all (index 66)

  console.log
    [EngineV1] HCS published: 0.0.6255927@1772496012.751595888

      at EngineV1.log [as verifyAndPublish] (src/engine/v1/engine-v1.js:386:17)
          at async Promise.all (index 19)

  console.log
    [EngineV1] HCS published: 0.0.6255927@1772496010.150695718

      at EngineV1.log [as verifyAndPublish] (src/engine/v1/engine-v1.js:386:17)
          at async Promise.all (index 295)

  console.log
    [EngineV1] HCS published: 0.0.6255927@1772496009.065055463

      at EngineV1.log [as verifyAndPublish] (src/engine/v1/engine-v1.js:386:17)
          at async Promise.all (index 316)

  console.log
    [EngineV1] HCS published: 0.0.6255927@1772496012.473612043

      at EngineV1.log [as verifyAndPublish] (src/engine/v1/engine-v1.js:386:17)
          at async Promise.all (index 231)

  console.log
    [EngineV1] HCS published: 0.0.6255927@1772496010.705872220

      at EngineV1.log [as verifyAndPublish] (src/engine/v1/engine-v1.js:386:17)
          at async Promise.all (index 594)

  console.log
    [EngineV1] HCS published: 0.0.6255927@1772496009.968782023

      at EngineV1.log [as verifyAndPublish] (src/engine/v1/engine-v1.js:386:17)
          at async Promise.all (index 807)

  console.log
    [EngineV1] HCS published: 0.0.6255927@1772496011.824192322

      at EngineV1.log [as verifyAndPublish] (src/engine/v1/engine-v1.js:386:17)
          at async Promise.all (index 910)

  console.log
    [EngineV1] HCS published: 0.0.6255927@1772496008.292624439

      at EngineV1.log [as verifyAndPublish] (src/engine/v1/engine-v1.js:386:17)
          at async Promise.all (index 242)

  console.log
    [EngineV1] HCS published: 0.0.6255927@1772496012.222349732

      at EngineV1.log [as verifyAndPublish] (src/engine/v1/engine-v1.js:386:17)
          at async Promise.all (index 41)

  console.log
    [EngineV1] HCS published: 0.0.6255927@1772496012.633732171

      at EngineV1.log [as verifyAndPublish] (src/engine/v1/engine-v1.js:386:17)
          at async Promise.all (index 882)

  console.log
    [EngineV1] HCS published: 0.0.6255927@1772496009.875150535

      at EngineV1.log [as verifyAndPublish] (src/engine/v1/engine-v1.js:386:17)
          at async Promise.all (index 717)

  console.log
    [EngineV1] HCS published: 0.0.6255927@1772496010.967896684

      at EngineV1.log [as verifyAndPublish] (src/engine/v1/engine-v1.js:386:17)
          at async Promise.all (index 843)

  console.log
    [EngineV1] HCS published: 0.0.6255927@1772496012.181922549

      at EngineV1.log [as verifyAndPublish] (src/engine/v1/engine-v1.js:386:17)
          at async Promise.all (index 952)

  console.log
    [EngineV1] HCS published: 0.0.6255927@1772496010.069316738

      at EngineV1.log [as verifyAndPublish] (src/engine/v1/engine-v1.js:386:17)
          at async Promise.all (index 677)

  console.log
    [EngineV1] HCS published: 0.0.6255927@1772496012.331973215

      at EngineV1.log [as verifyAndPublish] (src/engine/v1/engine-v1.js:386:17)
          at async Promise.all (index 889)

  console.log
    [EngineV1] HCS published: 0.0.6255927@1772496010.911206740

      at EngineV1.log [as verifyAndPublish] (src/engine/v1/engine-v1.js:386:17)
          at async Promise.all (index 612)

  console.log
    [EngineV1] HCS published: 0.0.6255927@1772496008.789751694

      at EngineV1.log [as verifyAndPublish] (src/engine/v1/engine-v1.js:386:17)
          at async Promise.all (index 112)

  console.log
    [EngineV1] HCS published: 0.0.6255927@1772496010.398103284

      at EngineV1.log [as verifyAndPublish] (src/engine/v1/engine-v1.js:386:17)
          at async Promise.all (index 742)

  console.log
    [EngineV1] HCS published: 0.0.6255927@1772496009.476196822

      at EngineV1.log [as verifyAndPublish] (src/engine/v1/engine-v1.js:386:17)
          at async Promise.all (index 909)

  console.log
    [EngineV1] HCS published: 0.0.6255927@1772496009.594165859

      at EngineV1.log [as verifyAndPublish] (src/engine/v1/engine-v1.js:386:17)
          at async Promise.all (index 429)

  console.log
    [EngineV1] HCS published: 0.0.6255927@1772496008.773944207

      at EngineV1.log [as verifyAndPublish] (src/engine/v1/engine-v1.js:386:17)
          at async Promise.all (index 184)

  console.log
    [EngineV1] HCS published: 0.0.6255927@1772496011.478254673

      at EngineV1.log [as verifyAndPublish] (src/engine/v1/engine-v1.js:386:17)
          at async Promise.all (index 460)

  console.log
    [EngineV1] HCS published: 0.0.6255927@1772496009.061687023

      at EngineV1.log [as verifyAndPublish] (src/engine/v1/engine-v1.js:386:17)
          at async Promise.all (index 404)

  console.log
    [EngineV1] HCS published: 0.0.6255927@1772496009.423420362

      at EngineV1.log [as verifyAndPublish] (src/engine/v1/engine-v1.js:386:17)
          at async Promise.all (index 412)

  console.log
    [EngineV1] HCS published: 0.0.6255927@1772496009.000233828

      at EngineV1.log [as verifyAndPublish] (src/engine/v1/engine-v1.js:386:17)
          at async Promise.all (index 467)

  console.log
    [EngineV1] HCS published: 0.0.6255927@1772496011.024552979

      at EngineV1.log [as verifyAndPublish] (src/engine/v1/engine-v1.js:386:17)
          at async Promise.all (index 120)

  console.log
    [EngineV1] HCS published: 0.0.6255927@1772496012.965812503

      at EngineV1.log [as verifyAndPublish] (src/engine/v1/engine-v1.js:386:17)
          at async Promise.all (index 125)

  console.log
    [EngineV1] HCS published: 0.0.6255927@1772496010.923041845

      at EngineV1.log [as verifyAndPublish] (src/engine/v1/engine-v1.js:386:17)
          at async Promise.all (index 181)

  console.log
    [EngineV1] HCS published: 0.0.6255927@1772496009.895957548

      at EngineV1.log [as verifyAndPublish] (src/engine/v1/engine-v1.js:386:17)
          at async Promise.all (index 104)

  console.log
    [EngineV1] HCS published: 0.0.6255927@1772496009.747366906

      at EngineV1.log [as verifyAndPublish] (src/engine/v1/engine-v1.js:386:17)
          at async Promise.all (index 444)

  console.log
    [EngineV1] HCS published: 0.0.6255927@1772496010.402597295

      at EngineV1.log [as verifyAndPublish] (src/engine/v1/engine-v1.js:386:17)
          at async Promise.all (index 599)

  console.log
    [EngineV1] HCS published: 0.0.6255927@1772496011.915998154

      at EngineV1.log [as verifyAndPublish] (src/engine/v1/engine-v1.js:386:17)
          at async Promise.all (index 305)

  console.log
    [EngineV1] HCS published: 0.0.6255927@1772496008.881204789

      at EngineV1.log [as verifyAndPublish] (src/engine/v1/engine-v1.js:386:17)
          at async Promise.all (index 505)

  console.log
    [EngineV1] HCS published: 0.0.6255927@1772496012.015663757

      at EngineV1.log [as verifyAndPublish] (src/engine/v1/engine-v1.js:386:17)
          at async Promise.all (index 963)

  console.log
    [EngineV1] HCS published: 0.0.6255927@1772496009.231031564

      at EngineV1.log [as verifyAndPublish] (src/engine/v1/engine-v1.js:386:17)
          at async Promise.all (index 636)

  console.log
    [EngineV1] HCS published: 0.0.6255927@1772496012.666946286

      at EngineV1.log [as verifyAndPublish] (src/engine/v1/engine-v1.js:386:17)
          at async Promise.all (index 110)

  console.log
    [EngineV1] HCS published: 0.0.6255927@1772496011.380443332

      at EngineV1.log [as verifyAndPublish] (src/engine/v1/engine-v1.js:386:17)
          at async Promise.all (index 20)

  console.log
    [EngineV1] HCS published: 0.0.6255927@1772496009.833684286

      at EngineV1.log [as verifyAndPublish] (src/engine/v1/engine-v1.js:386:17)
          at async Promise.all (index 348)

  console.log
    [EngineV1] HCS published: 0.0.6255927@1772496008.253073637

      at EngineV1.log [as verifyAndPublish] (src/engine/v1/engine-v1.js:386:17)
          at async Promise.all (index 222)

  console.log
    [EngineV1] HCS published: 0.0.6255927@1772496009.845653330

      at EngineV1.log [as verifyAndPublish] (src/engine/v1/engine-v1.js:386:17)
          at async Promise.all (index 985)

  console.log
    [EngineV1] HCS published: 0.0.6255927@1772496013.317987234

      at EngineV1.log [as verifyAndPublish] (src/engine/v1/engine-v1.js:386:17)
          at async Promise.all (index 477)

  console.log
    [EngineV1] HCS published: 0.0.6255927@1772496010.547911389

      at EngineV1.log [as verifyAndPublish] (src/engine/v1/engine-v1.js:386:17)
          at async Promise.all (index 282)

  console.log
    [EngineV1] HCS published: 0.0.6255927@1772496012.995173685

      at EngineV1.log [as verifyAndPublish] (src/engine/v1/engine-v1.js:386:17)
          at async Promise.all (index 315)

  console.log
    [EngineV1] HCS published: 0.0.6255927@1772496009.169171779

      at EngineV1.log [as verifyAndPublish] (src/engine/v1/engine-v1.js:386:17)
          at async Promise.all (index 536)

  console.log
    [EngineV1] HCS published: 0.0.6255927@1772496008.887265296

      at EngineV1.log [as verifyAndPublish] (src/engine/v1/engine-v1.js:386:17)
          at async Promise.all (index 772)

  console.log
    [EngineV1] HCS published: 0.0.6255927@1772496012.798221367

      at EngineV1.log [as verifyAndPublish] (src/engine/v1/engine-v1.js:386:17)
          at async Promise.all (index 268)

  console.log
    [EngineV1] HCS published: 0.0.6255927@1772496008.372111808

      at EngineV1.log [as verifyAndPublish] (src/engine/v1/engine-v1.js:386:17)
          at async Promise.all (index 8)

  console.log
    [EngineV1] HCS published: 0.0.6255927@1772496010.243550906

      at EngineV1.log [as verifyAndPublish] (src/engine/v1/engine-v1.js:386:17)
          at async Promise.all (index 197)

  console.log
    [EngineV1] HCS published: 0.0.6255927@1772496009.557351912

      at EngineV1.log [as verifyAndPublish] (src/engine/v1/engine-v1.js:386:17)
          at async Promise.all (index 880)

  console.log
    [EngineV1] HCS published: 0.0.6255927@1772496010.419564119

      at EngineV1.log [as verifyAndPublish] (src/engine/v1/engine-v1.js:386:17)
          at async Promise.all (index 77)

  console.log
    [EngineV1] HCS published: 0.0.6255927@1772496012.602439463

      at EngineV1.log [as verifyAndPublish] (src/engine/v1/engine-v1.js:386:17)
          at async Promise.all (index 482)

  console.log
    [EngineV1] HCS published: 0.0.6255927@1772496008.595469880

      at EngineV1.log [as verifyAndPublish] (src/engine/v1/engine-v1.js:386:17)
          at async Promise.all (index 277)

  console.log
    [EngineV1] HCS published: 0.0.6255927@1772496011.719345148

      at EngineV1.log [as verifyAndPublish] (src/engine/v1/engine-v1.js:386:17)
          at async Promise.all (index 693)

  console.log
    [EngineV1] HCS published: 0.0.6255927@1772496011.738587297

      at EngineV1.log [as verifyAndPublish] (src/engine/v1/engine-v1.js:386:17)
          at async Promise.all (index 221)

  console.log
    [EngineV1] HCS published: 0.0.6255927@1772496013.229385403

      at EngineV1.log [as verifyAndPublish] (src/engine/v1/engine-v1.js:386:17)
          at async Promise.all (index 543)

  console.log
    [EngineV1] HCS published: 0.0.6255927@1772496013.303714597

      at EngineV1.log [as verifyAndPublish] (src/engine/v1/engine-v1.js:386:17)
          at async Promise.all (index 651)

  console.log
    [EngineV1] HCS published: 0.0.6255927@1772496010.890919225

      at EngineV1.log [as verifyAndPublish] (src/engine/v1/engine-v1.js:386:17)
          at async Promise.all (index 700)

  console.log
    [EngineV1] HCS published: 0.0.6255927@1772496013.311249813

      at EngineV1.log [as verifyAndPublish] (src/engine/v1/engine-v1.js:386:17)
          at async Promise.all (index 731)

  console.log
    [EngineV1] HCS published: 0.0.6255927@1772496011.681522110

      at EngineV1.log [as verifyAndPublish] (src/engine/v1/engine-v1.js:386:17)
          at async Promise.all (index 748)

  console.log
    [EngineV1] HCS published: 0.0.6255927@1772496013.464232371

      at EngineV1.log [as verifyAndPublish] (src/engine/v1/engine-v1.js:386:17)
          at async Promise.all (index 769)

  console.log
    [EngineV1] HCS published: 0.0.6255927@1772496009.518725727

      at EngineV1.log [as verifyAndPublish] (src/engine/v1/engine-v1.js:386:17)
          at async Promise.all (index 353)

  console.log
    [EngineV1] HCS published: 0.0.6255927@1772496009.308708834

      at EngineV1.log [as verifyAndPublish] (src/engine/v1/engine-v1.js:386:17)
          at async Promise.all (index 508)

  console.log
    [EngineV1] HCS published: 0.0.6255927@1772496010.269176429

      at EngineV1.log [as verifyAndPublish] (src/engine/v1/engine-v1.js:386:17)
          at async Promise.all (index 672)

  console.log
    [EngineV1] HCS published: 0.0.6255927@1772496011.129017527

      at EngineV1.log [as verifyAndPublish] (src/engine/v1/engine-v1.js:386:17)
          at async Promise.all (index 334)

  console.log
    [EngineV1] HCS published: 0.0.6255927@1772496008.852671963

      at EngineV1.log [as verifyAndPublish] (src/engine/v1/engine-v1.js:386:17)
          at async Promise.all (index 228)

  console.log
    [EngineV1] HCS published: 0.0.6255927@1772496009.295274972

      at EngineV1.log [as verifyAndPublish] (src/engine/v1/engine-v1.js:386:17)
          at async Promise.all (index 286)

  console.log
    [EngineV1] HCS published: 0.0.6255927@1772496008.469407916

      at EngineV1.log [as verifyAndPublish] (src/engine/v1/engine-v1.js:386:17)
          at async Promise.all (index 451)

  console.log
    [EngineV1] HCS published: 0.0.6255927@1772496009.378889840

      at EngineV1.log [as verifyAndPublish] (src/engine/v1/engine-v1.js:386:17)
          at async Promise.all (index 619)

  console.log
    [EngineV1] HCS published: 0.0.6255927@1772496011.906383675

      at EngineV1.log [as verifyAndPublish] (src/engine/v1/engine-v1.js:386:17)
          at async Promise.all (index 463)

  console.log
    [EngineV1] HCS published: 0.0.6255927@1772496011.172459201

      at EngineV1.log [as verifyAndPublish] (src/engine/v1/engine-v1.js:386:17)
          at async Promise.all (index 342)

  console.log
    [EngineV1] HCS published: 0.0.6255927@1772496012.481457706

      at EngineV1.log [as verifyAndPublish] (src/engine/v1/engine-v1.js:386:17)
          at async Promise.all (index 378)

  console.log
    [EngineV1] HCS published: 0.0.6255927@1772496011.063879317

      at EngineV1.log [as verifyAndPublish] (src/engine/v1/engine-v1.js:386:17)
          at async Promise.all (index 626)

  console.log
    [EngineV1] HCS published: 0.0.6255927@1772496011.323875101

      at EngineV1.log [as verifyAndPublish] (src/engine/v1/engine-v1.js:386:17)
          at async Promise.all (index 703)

  console.log
    [EngineV1] HCS published: 0.0.6255927@1772496010.577524075

      at EngineV1.log [as verifyAndPublish] (src/engine/v1/engine-v1.js:386:17)
          at async Promise.all (index 840)

  console.log
    [EngineV1] HCS published: 0.0.6255927@1772496010.690948068

      at EngineV1.log [as verifyAndPublish] (src/engine/v1/engine-v1.js:386:17)
          at async Promise.all (index 22)

  console.log
    [EngineV1] HCS published: 0.0.6255927@1772496008.980597204

      at EngineV1.log [as verifyAndPublish] (src/engine/v1/engine-v1.js:386:17)
          at async Promise.all (index 80)

  console.log
    [EngineV1] HCS published: 0.0.6255927@1772496012.261002143

      at EngineV1.log [as verifyAndPublish] (src/engine/v1/engine-v1.js:386:17)
          at async Promise.all (index 729)

  console.log
    [EngineV1] HCS published: 0.0.6255927@1772496008.864679301

      at EngineV1.log [as verifyAndPublish] (src/engine/v1/engine-v1.js:386:17)
          at async Promise.all (index 773)

  console.log
    [EngineV1] HCS published: 0.0.6255927@1772496010.780039156

      at EngineV1.log [as verifyAndPublish] (src/engine/v1/engine-v1.js:386:17)
          at async Promise.all (index 333)

  console.log
    [EngineV1] HCS published: 0.0.6255927@1772496011.785928490

      at EngineV1.log [as verifyAndPublish] (src/engine/v1/engine-v1.js:386:17)
          at async Promise.all (index 71)

  console.log
    [EngineV1] HCS published: 0.0.6255927@1772496011.390266630

      at EngineV1.log [as verifyAndPublish] (src/engine/v1/engine-v1.js:386:17)
          at async Promise.all (index 191)

  console.log
    [EngineV1] HCS published: 0.0.6255927@1772496012.797457557

      at EngineV1.log [as verifyAndPublish] (src/engine/v1/engine-v1.js:386:17)
          at async Promise.all (index 935)

  console.log
    [EngineV1] HCS published: 0.0.6255927@1772496009.120564437

      at EngineV1.log [as verifyAndPublish] (src/engine/v1/engine-v1.js:386:17)
          at async Promise.all (index 177)

  console.log
    [EngineV1] HCS published: 0.0.6255927@1772496011.972703900

      at EngineV1.log [as verifyAndPublish] (src/engine/v1/engine-v1.js:386:17)
          at async Promise.all (index 23)

  console.log
    [EngineV1] HCS published: 0.0.6255927@1772496012.912207359

      at EngineV1.log [as verifyAndPublish] (src/engine/v1/engine-v1.js:386:17)
          at async Promise.all (index 946)

  console.log
    [EngineV1] HCS published: 0.0.6255927@1772496010.460545563

      at EngineV1.log [as verifyAndPublish] (src/engine/v1/engine-v1.js:386:17)
          at async Promise.all (index 860)

  console.log
    [EngineV1] HCS published: 0.0.6255927@1772496010.584380850

      at EngineV1.log [as verifyAndPublish] (src/engine/v1/engine-v1.js:386:17)
          at async Promise.all (index 17)

  console.log
    [EngineV1] HCS published: 0.0.6255927@1772496008.399871671

      at EngineV1.log [as verifyAndPublish] (src/engine/v1/engine-v1.js:386:17)
          at async Promise.all (index 297)

  console.log
    [EngineV1] HCS published: 0.0.6255927@1772496010.105872590

      at EngineV1.log [as verifyAndPublish] (src/engine/v1/engine-v1.js:386:17)
          at async Promise.all (index 755)

  console.log
    [EngineV1] HCS published: 0.0.6255927@1772496009.415910005

      at EngineV1.log [as verifyAndPublish] (src/engine/v1/engine-v1.js:386:17)
          at async Promise.all (index 881)

  console.log
    [EngineV1] HCS published: 0.0.6255927@1772496012.527526793

      at EngineV1.log [as verifyAndPublish] (src/engine/v1/engine-v1.js:386:17)
          at async Promise.all (index 867)

  console.log
    [EngineV1] HCS published: 0.0.6255927@1772496010.836759479

      at EngineV1.log [as verifyAndPublish] (src/engine/v1/engine-v1.js:386:17)
          at async Promise.all (index 532)

  console.log
    [EngineV1] HCS published: 0.0.6255927@1772496009.434993540

      at EngineV1.log [as verifyAndPublish] (src/engine/v1/engine-v1.js:386:17)
          at async Promise.all (index 803)

  console.log
    [EngineV1] HCS published: 0.0.6255927@1772496008.325309561

      at EngineV1.log [as verifyAndPublish] (src/engine/v1/engine-v1.js:386:17)
          at async Promise.all (index 243)

  console.log
    [EngineV1] HCS published: 0.0.6255927@1772496010.532525930

      at EngineV1.log [as verifyAndPublish] (src/engine/v1/engine-v1.js:386:17)
          at async Promise.all (index 273)

  console.log
    [EngineV1] HCS published: 0.0.6255927@1772496013.116707650

      at EngineV1.log [as verifyAndPublish] (src/engine/v1/engine-v1.js:386:17)
          at async Promise.all (index 544)

  console.log
    [EngineV1] HCS published: 0.0.6255927@1772496010.443781956

      at EngineV1.log [as verifyAndPublish] (src/engine/v1/engine-v1.js:386:17)
          at async Promise.all (index 138)

  console.log
    [EngineV1] HCS published: 0.0.6255927@1772496009.086976800

      at EngineV1.log [as verifyAndPublish] (src/engine/v1/engine-v1.js:386:17)
          at async Promise.all (index 370)

  console.log
    [EngineV1] HCS published: 0.0.6255927@1772496009.430410968

      at EngineV1.log [as verifyAndPublish] (src/engine/v1/engine-v1.js:386:17)
          at async Promise.all (index 924)

  console.log
    [EngineV1] HCS published: 0.0.6255927@1772496008.979285583

      at EngineV1.log [as verifyAndPublish] (src/engine/v1/engine-v1.js:386:17)
          at async Promise.all (index 706)

  console.log
    [EngineV1] HCS published: 0.0.6255927@1772496011.340779672

      at EngineV1.log [as verifyAndPublish] (src/engine/v1/engine-v1.js:386:17)
          at async Promise.all (index 608)

  console.log
    [EngineV1] HCS published: 0.0.6255927@1772496012.062311913

      at EngineV1.log [as verifyAndPublish] (src/engine/v1/engine-v1.js:386:17)
          at async Promise.all (index 863)

  console.log
    [EngineV1] HCS published: 0.0.6255927@1772496010.069813042

      at EngineV1.log [as verifyAndPublish] (src/engine/v1/engine-v1.js:386:17)
          at async Promise.all (index 483)

  console.log
    [EngineV1] HCS published: 0.0.6255927@1772496009.830104403

      at EngineV1.log [as verifyAndPublish] (src/engine/v1/engine-v1.js:386:17)
          at async Promise.all (index 217)

  console.log
    [EngineV1] HCS published: 0.0.6255927@1772496008.618773097

      at EngineV1.log [as verifyAndPublish] (src/engine/v1/engine-v1.js:386:17)
          at async Promise.all (index 346)

  console.log
    [EngineV1] HCS published: 0.0.6255927@1772496009.119834977

      at EngineV1.log [as verifyAndPublish] (src/engine/v1/engine-v1.js:386:17)
          at async Promise.all (index 434)

  console.log
    [EngineV1] HCS published: 0.0.6255927@1772496010.438023130

      at EngineV1.log [as verifyAndPublish] (src/engine/v1/engine-v1.js:386:17)
          at async Promise.all (index 572)

  console.log
    [EngineV1] HCS published: 0.0.6255927@1772496010.725145260

      at EngineV1.log [as verifyAndPublish] (src/engine/v1/engine-v1.js:386:17)
          at async Promise.all (index 377)

  console.log
    [EngineV1] HCS published: 0.0.6255927@1772496010.575383221

      at EngineV1.log [as verifyAndPublish] (src/engine/v1/engine-v1.js:386:17)
          at async Promise.all (index 18)

  console.log
    [EngineV1] HCS published: 0.0.6255927@1772496010.664148197

      at EngineV1.log [as verifyAndPublish] (src/engine/v1/engine-v1.js:386:17)
          at async Promise.all (index 29)

  console.log
    [EngineV1] HCS published: 0.0.6255927@1772496010.903562896

      at EngineV1.log [as verifyAndPublish] (src/engine/v1/engine-v1.js:386:17)
          at async Promise.all (index 128)

  console.log
    [EngineV1] HCS published: 0.0.6255927@1772496009.651738399

      at EngineV1.log [as verifyAndPublish] (src/engine/v1/engine-v1.js:386:17)
          at async Promise.all (index 850)

  console.log
    [EngineV1] HCS published: 0.0.6255927@1772496012.425971821

      at EngineV1.log [as verifyAndPublish] (src/engine/v1/engine-v1.js:386:17)
          at async Promise.all (index 323)

  console.log
    [EngineV1] HCS published: 0.0.6255927@1772496008.996754338

      at EngineV1.log [as verifyAndPublish] (src/engine/v1/engine-v1.js:386:17)
          at async Promise.all (index 691)

  console.log
    [EngineV1] HCS published: 0.0.6255927@1772496010.934141919

      at EngineV1.log [as verifyAndPublish] (src/engine/v1/engine-v1.js:386:17)
          at async Promise.all (index 428)

  console.log
    [EngineV1] HCS published: 0.0.6255927@1772496012.765895070

      at EngineV1.log [as verifyAndPublish] (src/engine/v1/engine-v1.js:386:17)
          at async Promise.all (index 174)

  console.log
    [EngineV1] HCS published: 0.0.6255927@1772496013.179096276

      at EngineV1.log [as verifyAndPublish] (src/engine/v1/engine-v1.js:386:17)
          at async Promise.all (index 234)

  console.log
    [EngineV1] HCS published: 0.0.6255927@1772496012.349229155

      at EngineV1.log [as verifyAndPublish] (src/engine/v1/engine-v1.js:386:17)
          at async Promise.all (index 236)

  console.log
    [EngineV1] HCS published: 0.0.6255927@1772496011.132250129

      at EngineV1.log [as verifyAndPublish] (src/engine/v1/engine-v1.js:386:17)
          at async Promise.all (index 317)

  console.log
    [EngineV1] HCS published: 0.0.6255927@1772496009.948669529

      at EngineV1.log [as verifyAndPublish] (src/engine/v1/engine-v1.js:386:17)
          at async Promise.all (index 356)

  console.log
    [EngineV1] HCS published: 0.0.6255927@1772496008.859150098

      at EngineV1.log [as verifyAndPublish] (src/engine/v1/engine-v1.js:386:17)
          at async Promise.all (index 381)

  console.log
    [EngineV1] HCS published: 0.0.6255927@1772496008.582800324

      at EngineV1.log [as verifyAndPublish] (src/engine/v1/engine-v1.js:386:17)
          at async Promise.all (index 488)

  console.log
    [EngineV1] HCS published: 0.0.6255927@1772496013.248718918

      at EngineV1.log [as verifyAndPublish] (src/engine/v1/engine-v1.js:386:17)
          at async Promise.all (index 959)

  console.log
    [EngineV1] HCS published: 0.0.6255927@1772496010.805674337

      at EngineV1.log [as verifyAndPublish] (src/engine/v1/engine-v1.js:386:17)
          at async Promise.all (index 715)

  console.log
    [EngineV1] HCS published: 0.0.6255927@1772496012.536057746

      at EngineV1.log [as verifyAndPublish] (src/engine/v1/engine-v1.js:386:17)
          at async Promise.all (index 13)

  console.log
    [EngineV1] HCS published: 0.0.6255927@1772496009.728274599

      at EngineV1.log [as verifyAndPublish] (src/engine/v1/engine-v1.js:386:17)
          at async Promise.all (index 210)

  console.log
    [EngineV1] HCS published: 0.0.6255927@1772496012.904219409

      at EngineV1.log [as verifyAndPublish] (src/engine/v1/engine-v1.js:386:17)
          at async Promise.all (index 484)

  console.log
    [EngineV1] HCS published: 0.0.6255927@1772496011.681207915

      at EngineV1.log [as verifyAndPublish] (src/engine/v1/engine-v1.js:386:17)
          at async Promise.all (index 656)

  console.log
    [EngineV1] HCS published: 0.0.6255927@1772496012.586573614

      at EngineV1.log [as verifyAndPublish] (src/engine/v1/engine-v1.js:386:17)
          at async Promise.all (index 157)

  console.log
    [EngineV1] HCS published: 0.0.6255927@1772496013.063279666

      at EngineV1.log [as verifyAndPublish] (src/engine/v1/engine-v1.js:386:17)
          at async Promise.all (index 876)

  console.log
    [EngineV1] HCS published: 0.0.6255927@1772496012.584167427

      at EngineV1.log [as verifyAndPublish] (src/engine/v1/engine-v1.js:386:17)
          at async Promise.all (index 928)

  console.log
    [EngineV1] HCS published: 0.0.6255927@1772496010.000902851

      at EngineV1.log [as verifyAndPublish] (src/engine/v1/engine-v1.js:386:17)
          at async Promise.all (index 190)

  console.log
    [EngineV1] HCS published: 0.0.6255927@1772496009.499919093

      at EngineV1.log [as verifyAndPublish] (src/engine/v1/engine-v1.js:386:17)
          at async Promise.all (index 329)

  console.log
    [EngineV1] HCS published: 0.0.6255927@1772496010.850872002

      at EngineV1.log [as verifyAndPublish] (src/engine/v1/engine-v1.js:386:17)
          at async Promise.all (index 913)

  console.log
    [EngineV1] HCS published: 0.0.6255927@1772496009.523460233

      at EngineV1.log [as verifyAndPublish] (src/engine/v1/engine-v1.js:386:17)
          at async Promise.all (index 852)

  console.log
    [EngineV1] HCS published: 0.0.6255927@1772496010.369129909

      at EngineV1.log [as verifyAndPublish] (src/engine/v1/engine-v1.js:386:17)
          at async Promise.all (index 804)

  console.log
    [EngineV1] HCS published: 0.0.6255927@1772496012.243549024

      at EngineV1.log [as verifyAndPublish] (src/engine/v1/engine-v1.js:386:17)
          at async Promise.all (index 984)

  console.log
    [EngineV1] HCS published: 0.0.6255927@1772496011.475220580

      at EngineV1.log [as verifyAndPublish] (src/engine/v1/engine-v1.js:386:17)
          at async Promise.all (index 929)

  console.log
    [EngineV1] HCS published: 0.0.6255927@1772496011.769117434

      at EngineV1.log [as verifyAndPublish] (src/engine/v1/engine-v1.js:386:17)
          at async Promise.all (index 146)

  console.log
    [EngineV1] HCS published: 0.0.6255927@1772496009.715506690

      at EngineV1.log [as verifyAndPublish] (src/engine/v1/engine-v1.js:386:17)
          at async Promise.all (index 737)

  console.log
    [EngineV1] HCS published: 0.0.6255927@1772496009.001815324

      at EngineV1.log [as verifyAndPublish] (src/engine/v1/engine-v1.js:386:17)
          at async Promise.all (index 762)

  console.log
    [EngineV1] HCS published: 0.0.6255927@1772496012.250521874

      at EngineV1.log [as verifyAndPublish] (src/engine/v1/engine-v1.js:386:17)
          at async Promise.all (index 802)

  console.log
    [EngineV1] HCS published: 0.0.6255927@1772496009.427737355

      at EngineV1.log [as verifyAndPublish] (src/engine/v1/engine-v1.js:386:17)
          at async Promise.all (index 798)

  console.log
    [EngineV1] HCS published: 0.0.6255927@1772496010.642234202

      at EngineV1.log [as verifyAndPublish] (src/engine/v1/engine-v1.js:386:17)
          at async Promise.all (index 763)

  console.log
    [EngineV1] HCS published: 0.0.6255927@1772496011.188425628

      at EngineV1.log [as verifyAndPublish] (src/engine/v1/engine-v1.js:386:17)
          at async Promise.all (index 674)

  console.log
    [EngineV1] HCS published: 0.0.6255927@1772496011.234088501

      at EngineV1.log [as verifyAndPublish] (src/engine/v1/engine-v1.js:386:17)
          at async Promise.all (index 141)

  console.log
    [EngineV1] HCS published: 0.0.6255927@1772496012.026295857

      at EngineV1.log [as verifyAndPublish] (src/engine/v1/engine-v1.js:386:17)
          at async Promise.all (index 351)

  console.log
    [EngineV1] HCS published: 0.0.6255927@1772496012.511518961

      at EngineV1.log [as verifyAndPublish] (src/engine/v1/engine-v1.js:386:17)
          at async Promise.all (index 562)

  console.log
    [EngineV1] HCS published: 0.0.6255927@1772496011.198975144

      at EngineV1.log [as verifyAndPublish] (src/engine/v1/engine-v1.js:386:17)
          at async Promise.all (index 78)

  console.log
    [EngineV1] HCS published: 0.0.6255927@1772496012.619742907

      at EngineV1.log [as verifyAndPublish] (src/engine/v1/engine-v1.js:386:17)
          at async Promise.all (index 272)

  console.log
    [EngineV1] HCS published: 0.0.6255927@1772496012.020116498

      at EngineV1.log [as verifyAndPublish] (src/engine/v1/engine-v1.js:386:17)
          at async Promise.all (index 567)

  console.log
    [EngineV1] HCS published: 0.0.6255927@1772496009.768020571

      at EngineV1.log [as verifyAndPublish] (src/engine/v1/engine-v1.js:386:17)
          at async Promise.all (index 652)

  console.log
    [EngineV1] HCS published: 0.0.6255927@1772496009.382831756

      at EngineV1.log [as verifyAndPublish] (src/engine/v1/engine-v1.js:386:17)
          at async Promise.all (index 808)

  console.log
    [EngineV1] HCS published: 0.0.6255927@1772496010.264788931

      at EngineV1.log [as verifyAndPublish] (src/engine/v1/engine-v1.js:386:17)
          at async Promise.all (index 6)

  console.log
    [EngineV1] HCS published: 0.0.6255927@1772496012.816654465

      at EngineV1.log [as verifyAndPublish] (src/engine/v1/engine-v1.js:386:17)
          at async Promise.all (index 233)

  console.log
    [EngineV1] HCS published: 0.0.6255927@1772496012.347064681

      at EngineV1.log [as verifyAndPublish] (src/engine/v1/engine-v1.js:386:17)
          at async Promise.all (index 262)

  console.log
    [EngineV1] HCS published: 0.0.6255927@1772496011.155036857

      at EngineV1.log [as verifyAndPublish] (src/engine/v1/engine-v1.js:386:17)
          at async Promise.all (index 255)

  console.log
    [EngineV1] HCS published: 0.0.6255927@1772496009.463661756

      at EngineV1.log [as verifyAndPublish] (src/engine/v1/engine-v1.js:386:17)
          at async Promise.all (index 727)

  console.log
    [EngineV1] HCS published: 0.0.6255927@1772496010.860649277

      at EngineV1.log [as verifyAndPublish] (src/engine/v1/engine-v1.js:386:17)
          at async Promise.all (index 942)

  console.log
    [EngineV1] HCS published: 0.0.6255927@1772496012.467010882

      at EngineV1.log [as verifyAndPublish] (src/engine/v1/engine-v1.js:386:17)
          at async Promise.all (index 730)

  console.log
    [EngineV1] HCS published: 0.0.6255927@1772496011.642110148

      at EngineV1.log [as verifyAndPublish] (src/engine/v1/engine-v1.js:386:17)
          at async Promise.all (index 302)

  console.log
    [EngineV1] HCS published: 0.0.6255927@1772496009.140309329

      at EngineV1.log [as verifyAndPublish] (src/engine/v1/engine-v1.js:386:17)
          at async Promise.all (index 319)

  console.log
    [EngineV1] HCS published: 0.0.6255927@1772496008.405540838

      at EngineV1.log [as verifyAndPublish] (src/engine/v1/engine-v1.js:386:17)
          at async Promise.all (index 208)

  console.log
    [EngineV1] HCS published: 0.0.6255927@1772496011.462515689

      at EngineV1.log [as verifyAndPublish] (src/engine/v1/engine-v1.js:386:17)
          at async Promise.all (index 399)

  console.log
    [EngineV1] HCS published: 0.0.6255927@1772496011.347661464

      at EngineV1.log [as verifyAndPublish] (src/engine/v1/engine-v1.js:386:17)
          at async Promise.all (index 116)

  console.log
    [EngineV1] HCS published: 0.0.6255927@1772496008.455229302

      at EngineV1.log [as verifyAndPublish] (src/engine/v1/engine-v1.js:386:17)
          at async Promise.all (index 133)

  console.log
    [EngineV1] HCS published: 0.0.6255927@1772496009.154885712

      at EngineV1.log [as verifyAndPublish] (src/engine/v1/engine-v1.js:386:17)
          at async Promise.all (index 193)

  console.log
    [EngineV1] HCS published: 0.0.6255927@1772496011.670720471

      at EngineV1.log [as verifyAndPublish] (src/engine/v1/engine-v1.js:386:17)
          at async Promise.all (index 176)

  console.log
    [EngineV1] HCS published: 0.0.6255927@1772496013.060980459

      at EngineV1.log [as verifyAndPublish] (src/engine/v1/engine-v1.js:386:17)
          at async Promise.all (index 589)

  console.log
    [EngineV1] HCS published: 0.0.6255927@1772496010.151627328

      at EngineV1.log [as verifyAndPublish] (src/engine/v1/engine-v1.js:386:17)
          at async Promise.all (index 721)

  console.log
    [EngineV1] HCS published: 0.0.6255927@1772496008.743867594

      at EngineV1.log [as verifyAndPublish] (src/engine/v1/engine-v1.js:386:17)
          at async Promise.all (index 538)

  console.log
    [EngineV1] HCS published: 0.0.6255927@1772496009.171900130

      at EngineV1.log [as verifyAndPublish] (src/engine/v1/engine-v1.js:386:17)
          at async Promise.all (index 642)

  console.log
    [EngineV1] HCS published: 0.0.6255927@1772496011.880833952

      at EngineV1.log [as verifyAndPublish] (src/engine/v1/engine-v1.js:386:17)
          at async Promise.all (index 127)

  console.log
    [EngineV1] HCS published: 0.0.6255927@1772496009.087297720

      at EngineV1.log [as verifyAndPublish] (src/engine/v1/engine-v1.js:386:17)
          at async Promise.all (index 154)

  console.log
    [EngineV1] HCS published: 0.0.6255927@1772496009.781213626

      at EngineV1.log [as verifyAndPublish] (src/engine/v1/engine-v1.js:386:17)
          at async Promise.all (index 153)

  console.log
    [EngineV1] HCS published: 0.0.6255927@1772496010.075163101

      at EngineV1.log [as verifyAndPublish] (src/engine/v1/engine-v1.js:386:17)
          at async Promise.all (index 528)

  console.log
    [EngineV1] HCS published: 0.0.6255927@1772496012.133954925

      at EngineV1.log [as verifyAndPublish] (src/engine/v1/engine-v1.js:386:17)
          at async Promise.all (index 689)

  console.log
    [EngineV1] HCS published: 0.0.6255927@1772496011.721234204

      at EngineV1.log [as verifyAndPublish] (src/engine/v1/engine-v1.js:386:17)
          at async Promise.all (index 771)

  console.log
    [EngineV1] HCS published: 0.0.6255927@1772496011.593485522

      at EngineV1.log [as verifyAndPublish] (src/engine/v1/engine-v1.js:386:17)
          at async Promise.all (index 224)

  console.log
    [EngineV1] HCS published: 0.0.6255927@1772496008.732490927

      at EngineV1.log [as verifyAndPublish] (src/engine/v1/engine-v1.js:386:17)
          at async Promise.all (index 462)

  console.log
    [EngineV1] HCS published: 0.0.6255927@1772496012.745115977

      at EngineV1.log [as verifyAndPublish] (src/engine/v1/engine-v1.js:386:17)
          at async Promise.all (index 836)

  console.log
    [EngineV1] HCS published: 0.0.6255927@1772496011.997036106

      at EngineV1.log [as verifyAndPublish] (src/engine/v1/engine-v1.js:386:17)
          at async Promise.all (index 431)

  console.log
    [EngineV1] HCS published: 0.0.6255927@1772496012.937144195

      at EngineV1.log [as verifyAndPublish] (src/engine/v1/engine-v1.js:386:17)
          at async Promise.all (index 58)

  console.log
    [EngineV1] HCS published: 0.0.6255927@1772496008.655137723

      at EngineV1.log [as verifyAndPublish] (src/engine/v1/engine-v1.js:386:17)
          at async Promise.all (index 136)

  console.log
    [EngineV1] HCS published: 0.0.6255927@1772496009.315748573

      at EngineV1.log [as verifyAndPublish] (src/engine/v1/engine-v1.js:386:17)
          at async Promise.all (index 869)

  console.log
    [EngineV1] HCS published: 0.0.6255927@1772496008.513985571

      at EngineV1.log [as verifyAndPublish] (src/engine/v1/engine-v1.js:386:17)
          at async Promise.all (index 485)

  console.log
    [EngineV1] HCS published: 0.0.6255927@1772496009.531287509

      at EngineV1.log [as verifyAndPublish] (src/engine/v1/engine-v1.js:386:17)
          at async Promise.all (index 566)

  console.log
    [EngineV1] HCS published: 0.0.6255927@1772496011.347690839

      at EngineV1.log [as verifyAndPublish] (src/engine/v1/engine-v1.js:386:17)
          at async Promise.all (index 392)

  console.log
    [EngineV1] HCS published: 0.0.6255927@1772496009.813546317

      at EngineV1.log [as verifyAndPublish] (src/engine/v1/engine-v1.js:386:17)
          at async Promise.all (index 523)

  console.log
    [EngineV1] HCS published: 0.0.6255927@1772496013.665307170

      at EngineV1.log [as verifyAndPublish] (src/engine/v1/engine-v1.js:386:17)
          at async Promise.all (index 752)

  console.log
    [EngineV1] HCS published: 0.0.6255927@1772496010.765708467

      at EngineV1.log [as verifyAndPublish] (src/engine/v1/engine-v1.js:386:17)
          at async Promise.all (index 271)

  console.log
    [EngineV1] HCS published: 0.0.6255927@1772496012.213825077

      at EngineV1.log [as verifyAndPublish] (src/engine/v1/engine-v1.js:386:17)
          at async Promise.all (index 387)

  console.log
    [EngineV1] HCS published: 0.0.6255927@1772496011.415074142

      at EngineV1.log [as verifyAndPublish] (src/engine/v1/engine-v1.js:386:17)
          at async Promise.all (index 480)

  console.log
    [EngineV1] HCS published: 0.0.6255927@1772496013.476618504

      at EngineV1.log [as verifyAndPublish] (src/engine/v1/engine-v1.js:386:17)
          at async Promise.all (index 500)

  console.log
    [EngineV1] HCS published: 0.0.6255927@1772496010.445468457

      at EngineV1.log [as verifyAndPublish] (src/engine/v1/engine-v1.js:386:17)
          at async Promise.all (index 720)

  console.log
    [EngineV1] HCS published: 0.0.6255927@1772496012.996194878

      at EngineV1.log [as verifyAndPublish] (src/engine/v1/engine-v1.js:386:17)
          at async Promise.all (index 854)

  console.log
    [EngineV1] HCS published: 0.0.6255927@1772496011.031820047

      at EngineV1.log [as verifyAndPublish] (src/engine/v1/engine-v1.js:386:17)
          at async Promise.all (index 249)

  console.log
    [EngineV1] HCS published: 0.0.6255927@1772496011.867231313

      at EngineV1.log [as verifyAndPublish] (src/engine/v1/engine-v1.js:386:17)
          at async Promise.all (index 471)

  console.log
    [EngineV1] HCS published: 0.0.6255927@1772496010.728205928

      at EngineV1.log [as verifyAndPublish] (src/engine/v1/engine-v1.js:386:17)
          at async Promise.all (index 509)

  console.log
    [EngineV1] HCS published: 0.0.6255927@1772496013.480060788

      at EngineV1.log [as verifyAndPublish] (src/engine/v1/engine-v1.js:386:17)
          at async Promise.all (index 623)

  console.log
    [EngineV1] HCS published: 0.0.6255927@1772496009.695709590

      at EngineV1.log [as verifyAndPublish] (src/engine/v1/engine-v1.js:386:17)
          at async Promise.all (index 668)

  console.log
    [EngineV1] HCS published: 0.0.6255927@1772496009.200142632

      at EngineV1.log [as verifyAndPublish] (src/engine/v1/engine-v1.js:386:17)
          at async Promise.all (index 745)

  console.log
    [EngineV1] HCS published: 0.0.6255927@1772496009.746807022

      at EngineV1.log [as verifyAndPublish] (src/engine/v1/engine-v1.js:386:17)
          at async Promise.all (index 274)

  console.log
    [EngineV1] HCS published: 0.0.6255927@1772496009.425504167

      at EngineV1.log [as verifyAndPublish] (src/engine/v1/engine-v1.js:386:17)
          at async Promise.all (index 372)

  console.log
    [EngineV1] HCS published: 0.0.6255927@1772496012.828705364

      at EngineV1.log [as verifyAndPublish] (src/engine/v1/engine-v1.js:386:17)
          at async Promise.all (index 1)

  console.log
    [EngineV1] HCS published: 0.0.6255927@1772496009.114627979

      at EngineV1.log [as verifyAndPublish] (src/engine/v1/engine-v1.js:386:17)
          at async Promise.all (index 26)

  console.log
    [EngineV1] HCS published: 0.0.6255927@1772496012.970967183

      at EngineV1.log [as verifyAndPublish] (src/engine/v1/engine-v1.js:386:17)
          at async Promise.all (index 291)

  console.log
    [EngineV1] HCS published: 0.0.6255927@1772496010.838289158

      at EngineV1.log [as verifyAndPublish] (src/engine/v1/engine-v1.js:386:17)
          at async Promise.all (index 389)

  console.log
    [EngineV1] HCS published: 0.0.6255927@1772496011.491481799

      at EngineV1.log [as verifyAndPublish] (src/engine/v1/engine-v1.js:386:17)
          at async Promise.all (index 671)

  console.log
    [EngineV1] HCS published: 0.0.6255927@1772496009.824206014

      at EngineV1.log [as verifyAndPublish] (src/engine/v1/engine-v1.js:386:17)
          at async Promise.all (index 760)

  console.log
    [EngineV1] HCS published: 0.0.6255927@1772496011.126218177

      at EngineV1.log [as verifyAndPublish] (src/engine/v1/engine-v1.js:386:17)
          at async Promise.all (index 265)

  console.log
    [EngineV1] HCS published: 0.0.6255927@1772496012.933356962

      at EngineV1.log [as verifyAndPublish] (src/engine/v1/engine-v1.js:386:17)
          at async Promise.all (index 343)

  console.log
    [EngineV1] HCS published: 0.0.6255927@1772496010.185759628

      at EngineV1.log [as verifyAndPublish] (src/engine/v1/engine-v1.js:386:17)
          at async Promise.all (index 398)

  console.log
    [EngineV1] HCS published: 0.0.6255927@1772496011.274469422

      at EngineV1.log [as verifyAndPublish] (src/engine/v1/engine-v1.js:386:17)
          at async Promise.all (index 232)

  console.log
    [EngineV1] HCS published: 0.0.6255927@1772496012.575118917

      at EngineV1.log [as verifyAndPublish] (src/engine/v1/engine-v1.js:386:17)
          at async Promise.all (index 230)

  console.log
    [EngineV1] HCS published: 0.0.6255927@1772496012.008384532

      at EngineV1.log [as verifyAndPublish] (src/engine/v1/engine-v1.js:386:17)
          at async Promise.all (index 441)

  console.log
    [EngineV1] HCS published: 0.0.6255927@1772496013.542596580

      at EngineV1.log [as verifyAndPublish] (src/engine/v1/engine-v1.js:386:17)
          at async Promise.all (index 666)

  console.log
    [EngineV1] HCS published: 0.0.6255927@1772496009.350643751

      at EngineV1.log [as verifyAndPublish] (src/engine/v1/engine-v1.js:386:17)
          at async Promise.all (index 248)

  console.log
    [EngineV1] HCS published: 0.0.6255927@1772496009.016746970

      at EngineV1.log [as verifyAndPublish] (src/engine/v1/engine-v1.js:386:17)
          at async Promise.all (index 583)

  console.log
    [EngineV1] HCS published: 0.0.6255927@1772496012.686533863

      at EngineV1.log [as verifyAndPublish] (src/engine/v1/engine-v1.js:386:17)
          at async Promise.all (index 749)

  console.log
    [EngineV1] HCS published: 0.0.6255927@1772496013.265695231

      at EngineV1.log [as verifyAndPublish] (src/engine/v1/engine-v1.js:386:17)
          at async Promise.all (index 630)

  console.log
    [EngineV1] HCS published: 0.0.6255927@1772496009.637726424

      at EngineV1.log [as verifyAndPublish] (src/engine/v1/engine-v1.js:386:17)
          at async Promise.all (index 246)

  console.log
    [EngineV1] HCS published: 0.0.6255927@1772496009.552941594

      at EngineV1.log [as verifyAndPublish] (src/engine/v1/engine-v1.js:386:17)
          at async Promise.all (index 524)

  console.log
    [EngineV1] HCS published: 0.0.6255927@1772496013.009847274

      at EngineV1.log [as verifyAndPublish] (src/engine/v1/engine-v1.js:386:17)
          at async Promise.all (index 698)

  console.log
    [EngineV1] HCS published: 0.0.6255927@1772496010.357350851

      at EngineV1.log [as verifyAndPublish] (src/engine/v1/engine-v1.js:386:17)
          at async Promise.all (index 573)

  console.log
    [EngineV1] HCS published: 0.0.6255927@1772496011.523633947

      at EngineV1.log [as verifyAndPublish] (src/engine/v1/engine-v1.js:386:17)
          at async Promise.all (index 269)

  console.log
    [EngineV1] HCS published: 0.0.6255927@1772496009.688779708

      at EngineV1.log [as verifyAndPublish] (src/engine/v1/engine-v1.js:386:17)
          at async Promise.all (index 478)

  console.log
    [EngineV1] HCS published: 0.0.6255927@1772496009.248298534

      at EngineV1.log [as verifyAndPublish] (src/engine/v1/engine-v1.js:386:17)
          at async Promise.all (index 590)

  console.log
    [EngineV1] HCS published: 0.0.6255927@1772496011.273981302

      at EngineV1.log [as verifyAndPublish] (src/engine/v1/engine-v1.js:386:17)
          at async Promise.all (index 527)

  console.log
    [EngineV1] HCS published: 0.0.6255927@1772496010.711348853

      at EngineV1.log [as verifyAndPublish] (src/engine/v1/engine-v1.js:386:17)
          at async Promise.all (index 369)

  console.log
    [EngineV1] HCS published: 0.0.6255927@1772496008.694714734

      at EngineV1.log [as verifyAndPublish] (src/engine/v1/engine-v1.js:386:17)
          at async Promise.all (index 383)

  console.log
    [EngineV1] HCS published: 0.0.6255927@1772496010.143358722

      at EngineV1.log [as verifyAndPublish] (src/engine/v1/engine-v1.js:386:17)
          at async Promise.all (index 664)

  console.log
    [EngineV1] HCS published: 0.0.6255927@1772496010.315951069

      at EngineV1.log [as verifyAndPublish] (src/engine/v1/engine-v1.js:386:17)
          at async Promise.all (index 965)

  console.log
    [EngineV1] HCS published: 0.0.6255927@1772496009.725658548

      at EngineV1.log [as verifyAndPublish] (src/engine/v1/engine-v1.js:386:17)
          at async Promise.all (index 419)

  console.log
    [EngineV1] HCS published: 0.0.6255927@1772496010.513457339

      at EngineV1.log [as verifyAndPublish] (src/engine/v1/engine-v1.js:386:17)
          at async Promise.all (index 694)

  console.log
    [EngineV1] HCS published: 0.0.6255927@1772496008.499028935

      at EngineV1.log [as verifyAndPublish] (src/engine/v1/engine-v1.js:386:17)
          at async Promise.all (index 103)

  console.log
    [EngineV1] HCS published: 0.0.6255927@1772496010.733613242

      at EngineV1.log [as verifyAndPublish] (src/engine/v1/engine-v1.js:386:17)
          at async Promise.all (index 122)

  console.log
    [EngineV1] HCS published: 0.0.6255927@1772496008.873108067

      at EngineV1.log [as verifyAndPublish] (src/engine/v1/engine-v1.js:386:17)
          at async Promise.all (index 474)

  console.log
    [EngineV1] HCS published: 0.0.6255927@1772496008.873123748

      at EngineV1.log [as verifyAndPublish] (src/engine/v1/engine-v1.js:386:17)
          at async Promise.all (index 553)

  console.log
    [EngineV1] HCS published: 0.0.6255927@1772496009.370161834

      at EngineV1.log [as verifyAndPublish] (src/engine/v1/engine-v1.js:386:17)
          at async Promise.all (index 49)

  console.log
    [EngineV1] HCS published: 0.0.6255927@1772496010.507689442

      at EngineV1.log [as verifyAndPublish] (src/engine/v1/engine-v1.js:386:17)
          at async Promise.all (index 119)

  console.log
    [EngineV1] HCS published: 0.0.6255927@1772496009.956459733

      at EngineV1.log [as verifyAndPublish] (src/engine/v1/engine-v1.js:386:17)
          at async Promise.all (index 256)

  console.log
    [EngineV1] HCS published: 0.0.6255927@1772496012.098947691

      at EngineV1.log [as verifyAndPublish] (src/engine/v1/engine-v1.js:386:17)
          at async Promise.all (index 518)

  console.log
    [EngineV1] HCS published: 0.0.6255927@1772496011.371413145

      at EngineV1.log [as verifyAndPublish] (src/engine/v1/engine-v1.js:386:17)
          at async Promise.all (index 695)

  console.log
    [EngineV1] HCS published: 0.0.6255927@1772496008.998503399

      at EngineV1.log [as verifyAndPublish] (src/engine/v1/engine-v1.js:386:17)
          at async Promise.all (index 940)

  console.log
    [EngineV1] HCS published: 0.0.6255927@1772496010.539243926

      at EngineV1.log [as verifyAndPublish] (src/engine/v1/engine-v1.js:386:17)
          at async Promise.all (index 958)

  console.log
    [EngineV1] HCS published: 0.0.6255927@1772496009.650595378

      at EngineV1.log [as verifyAndPublish] (src/engine/v1/engine-v1.js:386:17)
          at async Promise.all (index 591)

  console.log
    [EngineV1] HCS published: 0.0.6255927@1772496010.254751470

      at EngineV1.log [as verifyAndPublish] (src/engine/v1/engine-v1.js:386:17)
          at async Promise.all (index 686)

  console.log
    [EngineV1] HCS published: 0.0.6255927@1772496011.756667504

      at EngineV1.log [as verifyAndPublish] (src/engine/v1/engine-v1.js:386:17)
          at async Promise.all (index 549)

  console.log
    [EngineV1] HCS published: 0.0.6255927@1772496011.437001129

      at EngineV1.log [as verifyAndPublish] (src/engine/v1/engine-v1.js:386:17)
          at async Promise.all (index 288)

  console.log
    [EngineV1] HCS published: 0.0.6255927@1772496011.861141310

      at EngineV1.log [as verifyAndPublish] (src/engine/v1/engine-v1.js:386:17)
          at async Promise.all (index 312)

  console.log
    [EngineV1] HCS published: 0.0.6255927@1772496009.937368913

      at EngineV1.log [as verifyAndPublish] (src/engine/v1/engine-v1.js:386:17)
          at async Promise.all (index 811)

  console.log
    [EngineV1] HCS published: 0.0.6255927@1772496013.616178238

      at EngineV1.log [as verifyAndPublish] (src/engine/v1/engine-v1.js:386:17)
          at async Promise.all (index 903)

  console.log
    [EngineV1] HCS published: 0.0.6255927@1772496009.992464083

      at EngineV1.log [as verifyAndPublish] (src/engine/v1/engine-v1.js:386:17)
          at async Promise.all (index 948)

  console.log
    [EngineV1] HCS published: 0.0.6255927@1772496012.726302518

      at EngineV1.log [as verifyAndPublish] (src/engine/v1/engine-v1.js:386:17)
          at async Promise.all (index 37)

  console.log
    [EngineV1] HCS published: 0.0.6255927@1772496012.608763713

      at EngineV1.log [as verifyAndPublish] (src/engine/v1/engine-v1.js:386:17)
          at async Promise.all (index 85)

  console.log
    [EngineV1] HCS published: 0.0.6255927@1772496012.736954717

      at EngineV1.log [as verifyAndPublish] (src/engine/v1/engine-v1.js:386:17)
          at async Promise.all (index 185)

  console.log
    [EngineV1] HCS published: 0.0.6255927@1772496008.993948705

      at EngineV1.log [as verifyAndPublish] (src/engine/v1/engine-v1.js:386:17)
          at async Promise.all (index 373)

  console.log
    [EngineV1] HCS published: 0.0.6255927@1772496013.326215969

      at EngineV1.log [as verifyAndPublish] (src/engine/v1/engine-v1.js:386:17)
          at async Promise.all (index 996)

  console.log
    [EngineV1] HCS published: 0.0.6255927@1772496008.968443882

      at EngineV1.log [as verifyAndPublish] (src/engine/v1/engine-v1.js:386:17)
          at async Promise.all (index 687)

  console.log
    [EngineV1] HCS published: 0.0.6255927@1772496009.058787388

      at EngineV1.log [as verifyAndPublish] (src/engine/v1/engine-v1.js:386:17)
          at async Promise.all (index 237)

  console.log
    [EngineV1] HCS published: 0.0.6255927@1772496013.389360988

      at EngineV1.log [as verifyAndPublish] (src/engine/v1/engine-v1.js:386:17)
          at async Promise.all (index 592)

  console.log
    [EngineV1] HCS published: 0.0.6255927@1772496011.205807558

      at EngineV1.log [as verifyAndPublish] (src/engine/v1/engine-v1.js:386:17)
          at async Promise.all (index 900)

  console.log
    [EngineV1] HCS published: 0.0.6255927@1772496012.826343730

      at EngineV1.log [as verifyAndPublish] (src/engine/v1/engine-v1.js:386:17)
          at async Promise.all (index 418)

  console.log
    [EngineV1] HCS published: 0.0.6255927@1772496010.268073731

      at EngineV1.log [as verifyAndPublish] (src/engine/v1/engine-v1.js:386:17)
          at async Promise.all (index 719)

  console.log
    [EngineV1] HCS published: 0.0.6255927@1772496012.052890300

      at EngineV1.log [as verifyAndPublish] (src/engine/v1/engine-v1.js:386:17)
          at async Promise.all (index 501)

  console.log
    [EngineV1] HCS published: 0.0.6255927@1772496010.761692353

      at EngineV1.log [as verifyAndPublish] (src/engine/v1/engine-v1.js:386:17)
          at async Promise.all (index 448)

  console.log
    [EngineV1] HCS published: 0.0.6255927@1772496012.204427311

      at EngineV1.log [as verifyAndPublish] (src/engine/v1/engine-v1.js:386:17)
          at async Promise.all (index 183)

  console.log
    [EngineV1] HCS published: 0.0.6255927@1772496011.503944861

      at EngineV1.log [as verifyAndPublish] (src/engine/v1/engine-v1.js:386:17)
          at async Promise.all (index 522)

  console.log
    [EngineV1] HCS published: 0.0.6255927@1772496012.302190415

      at EngineV1.log [as verifyAndPublish] (src/engine/v1/engine-v1.js:386:17)
          at async Promise.all (index 728)

  console.log
    [EngineV1] HCS published: 0.0.6255927@1772496009.961633123

      at EngineV1.log [as verifyAndPublish] (src/engine/v1/engine-v1.js:386:17)
          at async Promise.all (index 403)

  console.log
    [EngineV1] HCS published: 0.0.6255927@1772496013.009819187

      at EngineV1.log [as verifyAndPublish] (src/engine/v1/engine-v1.js:386:17)
          at async Promise.all (index 459)

  console.log
    [EngineV1] HCS published: 0.0.6255927@1772496011.316291246

      at EngineV1.log [as verifyAndPublish] (src/engine/v1/engine-v1.js:386:17)
          at async Promise.all (index 94)

  console.log
    [EngineV1] HCS published: 0.0.6255927@1772496012.008242075

      at EngineV1.log [as verifyAndPublish] (src/engine/v1/engine-v1.js:386:17)
          at async Promise.all (index 36)

  console.log
    [EngineV1] HCS published: 0.0.6255927@1772496011.949042546

      at EngineV1.log [as verifyAndPublish] (src/engine/v1/engine-v1.js:386:17)
          at async Promise.all (index 817)

  console.log
    [EngineV1] HCS published: 0.0.6255927@1772496008.996663064

      at EngineV1.log [as verifyAndPublish] (src/engine/v1/engine-v1.js:386:17)
          at async Promise.all (index 53)

  console.log
    [EngineV1] HCS published: 0.0.6255927@1772496008.434447450

      at EngineV1.log [as verifyAndPublish] (src/engine/v1/engine-v1.js:386:17)
          at async Promise.all (index 391)

  console.log
    [EngineV1] HCS published: 0.0.6255927@1772496011.563892416

      at EngineV1.log [as verifyAndPublish] (src/engine/v1/engine-v1.js:386:17)
          at async Promise.all (index 541)

  console.log
    [EngineV1] HCS published: 0.0.6255927@1772496008.696403721

      at EngineV1.log [as verifyAndPublish] (src/engine/v1/engine-v1.js:386:17)
          at async Promise.all (index 489)

  console.log
    [EngineV1] HCS published: 0.0.6255927@1772496009.628003858

      at EngineV1.log [as verifyAndPublish] (src/engine/v1/engine-v1.js:386:17)
          at async Promise.all (index 82)

  console.log
    [EngineV1] HCS published: 0.0.6255927@1772496010.476749318

      at EngineV1.log [as verifyAndPublish] (src/engine/v1/engine-v1.js:386:17)
          at async Promise.all (index 301)

  console.log
    [EngineV1] HCS published: 0.0.6255927@1772496009.911808777

      at EngineV1.log [as verifyAndPublish] (src/engine/v1/engine-v1.js:386:17)
          at async Promise.all (index 628)

  console.log
    [EngineV1] HCS published: 0.0.6255927@1772496009.938027020

      at EngineV1.log [as verifyAndPublish] (src/engine/v1/engine-v1.js:386:17)
          at async Promise.all (index 610)

  console.log
    [EngineV1] HCS published: 0.0.6255927@1772496009.848877937

      at EngineV1.log [as verifyAndPublish] (src/engine/v1/engine-v1.js:386:17)
          at async Promise.all (index 214)

  console.log
    [EngineV1] HCS published: 0.0.6255927@1772496013.244074208

      at EngineV1.log [as verifyAndPublish] (src/engine/v1/engine-v1.js:386:17)
          at async Promise.all (index 491)

  console.log
    [EngineV1] HCS published: 0.0.6255927@1772496010.324660047

      at EngineV1.log [as verifyAndPublish] (src/engine/v1/engine-v1.js:386:17)
          at async Promise.all (index 654)

  console.log
    [EngineV1] HCS published: 0.0.6255927@1772496012.004928486

      at EngineV1.log [as verifyAndPublish] (src/engine/v1/engine-v1.js:386:17)
          at async Promise.all (index 667)

  console.log
    [EngineV1] HCS published: 0.0.6255927@1772496008.899268951

      at EngineV1.log [as verifyAndPublish] (src/engine/v1/engine-v1.js:386:17)
          at async Promise.all (index 786)

  console.log
    [EngineV1] HCS published: 0.0.6255927@1772496009.989799318

      at EngineV1.log [as verifyAndPublish] (src/engine/v1/engine-v1.js:386:17)
          at async Promise.all (index 161)

  console.log
    [EngineV1] HCS published: 0.0.6255927@1772496009.641475949

      at EngineV1.log [as verifyAndPublish] (src/engine/v1/engine-v1.js:386:17)
          at async Promise.all (index 163)

  console.log
    [EngineV1] HCS published: 0.0.6255927@1772496011.771168899

      at EngineV1.log [as verifyAndPublish] (src/engine/v1/engine-v1.js:386:17)
          at async Promise.all (index 209)

  console.log
    [EngineV1] HCS published: 0.0.6255927@1772496011.315320378

      at EngineV1.log [as verifyAndPublish] (src/engine/v1/engine-v1.js:386:17)
          at async Promise.all (index 493)

  console.log
    [EngineV1] HCS published: 0.0.6255927@1772496013.844932534

      at EngineV1.log [as verifyAndPublish] (src/engine/v1/engine-v1.js:386:17)
          at async Promise.all (index 957)

  console.log
    [EngineV1] HCS published: 0.0.6255927@1772496009.703987742

      at EngineV1.log [as verifyAndPublish] (src/engine/v1/engine-v1.js:386:17)
          at async Promise.all (index 413)

  console.log
    [EngineV1] HCS published: 0.0.6255927@1772496012.296806007

      at EngineV1.log [as verifyAndPublish] (src/engine/v1/engine-v1.js:386:17)
          at async Promise.all (index 521)

  console.log
    [EngineV1] HCS published: 0.0.6255927@1772496010.027755832

      at EngineV1.log [as verifyAndPublish] (src/engine/v1/engine-v1.js:386:17)
          at async Promise.all (index 313)

  console.log
    [EngineV1] HCS published: 0.0.6255927@1772496010.800587886

      at EngineV1.log [as verifyAndPublish] (src/engine/v1/engine-v1.js:386:17)
          at async Promise.all (index 411)

  console.log
    [EngineV1] HCS published: 0.0.6255927@1772496012.734718295

      at EngineV1.log [as verifyAndPublish] (src/engine/v1/engine-v1.js:386:17)
          at async Promise.all (index 570)

  console.log
    [EngineV1] HCS published: 0.0.6255927@1772496009.122640576

      at EngineV1.log [as verifyAndPublish] (src/engine/v1/engine-v1.js:386:17)
          at async Promise.all (index 40)

  console.log
    [EngineV1] HCS published: 0.0.6255927@1772496013.557813307

      at EngineV1.log [as verifyAndPublish] (src/engine/v1/engine-v1.js:386:17)
          at async Promise.all (index 685)

  console.log
    [EngineV1] HCS published: 0.0.6255927@1772496009.640699038

      at EngineV1.log [as verifyAndPublish] (src/engine/v1/engine-v1.js:386:17)
          at async Promise.all (index 588)

  console.log
    [EngineV1] HCS published: 0.0.6255927@1772496010.107207679

      at EngineV1.log [as verifyAndPublish] (src/engine/v1/engine-v1.js:386:17)
          at async Promise.all (index 621)

  console.log
    [EngineV1] HCS published: 0.0.6255927@1772496013.438321292

      at EngineV1.log [as verifyAndPublish] (src/engine/v1/engine-v1.js:386:17)
          at async Promise.all (index 632)

  console.log
    [EngineV1] HCS published: 0.0.6255927@1772496011.881845042

      at EngineV1.log [as verifyAndPublish] (src/engine/v1/engine-v1.js:386:17)
          at async Promise.all (index 663)

  console.log
    [EngineV1] HCS published: 0.0.6255927@1772496011.230987587

      at EngineV1.log [as verifyAndPublish] (src/engine/v1/engine-v1.js:386:17)
          at async Promise.all (index 199)

  console.log
    [EngineV1] HCS published: 0.0.6255927@1772496012.332983473

      at EngineV1.log [as verifyAndPublish] (src/engine/v1/engine-v1.js:386:17)
          at async Promise.all (index 793)

  console.log
    [EngineV1] HCS published: 0.0.6255927@1772496013.160985506

      at EngineV1.log [as verifyAndPublish] (src/engine/v1/engine-v1.js:386:17)
          at async Promise.all (index 308)

  console.log
    [EngineV1] HCS published: 0.0.6255927@1772496009.732658516

      at EngineV1.log [as verifyAndPublish] (src/engine/v1/engine-v1.js:386:17)
          at async Promise.all (index 397)

  console.log
    [EngineV1] HCS published: 0.0.6255927@1772496009.679758345

      at EngineV1.log [as verifyAndPublish] (src/engine/v1/engine-v1.js:386:17)
          at async Promise.all (index 870)

  console.log
    [EngineV1] HCS published: 0.0.6255927@1772496011.451705475

      at EngineV1.log [as verifyAndPublish] (src/engine/v1/engine-v1.js:386:17)
          at async Promise.all (index 932)

  console.log
    [EngineV1] HCS published: 0.0.6255927@1772496009.471031651

      at EngineV1.log [as verifyAndPublish] (src/engine/v1/engine-v1.js:386:17)
          at async Promise.all (index 970)

  console.log
    [EngineV1] HCS published: 0.0.6255927@1772496012.639685145

      at EngineV1.log [as verifyAndPublish] (src/engine/v1/engine-v1.js:386:17)
          at async Promise.all (index 953)

  console.log
    [EngineV1] HCS published: 0.0.6255927@1772496010.623334016

      at EngineV1.log [as verifyAndPublish] (src/engine/v1/engine-v1.js:386:17)
          at async Promise.all (index 976)

  console.log
    [EngineV1] HCS published: 0.0.6255927@1772496010.281858039

      at EngineV1.log [as verifyAndPublish] (src/engine/v1/engine-v1.js:386:17)
          at async Promise.all (index 879)

  console.log
    [EngineV1] HCS published: 0.0.6255927@1772496013.293108651

      at EngineV1.log [as verifyAndPublish] (src/engine/v1/engine-v1.js:386:17)
          at async Promise.all (index 866)

  console.log
    [EngineV1] HCS published: 0.0.6255927@1772496012.970660756

      at EngineV1.log [as verifyAndPublish] (src/engine/v1/engine-v1.js:386:17)
          at async Promise.all (index 820)

  console.log
    [EngineV1] HCS published: 0.0.6255927@1772496011.201359627

      at EngineV1.log [as verifyAndPublish] (src/engine/v1/engine-v1.js:386:17)
          at async Promise.all (index 86)

  console.log
    [EngineV1] HCS published: 0.0.6255927@1772496012.816667624

      at EngineV1.log [as verifyAndPublish] (src/engine/v1/engine-v1.js:386:17)
          at async Promise.all (index 121)

  console.log
    [EngineV1] HCS published: 0.0.6255927@1772496012.455970943

      at EngineV1.log [as verifyAndPublish] (src/engine/v1/engine-v1.js:386:17)
          at async Promise.all (index 960)

  console.log
    [EngineV1] HCS published: 0.0.6255927@1772496009.421435127

      at EngineV1.log [as verifyAndPublish] (src/engine/v1/engine-v1.js:386:17)
          at async Promise.all (index 979)

  console.log
    [EngineV1] HCS published: 0.0.6255927@1772496009.448698836

      at EngineV1.log [as verifyAndPublish] (src/engine/v1/engine-v1.js:386:17)
          at async Promise.all (index 275)

  console.log
    [EngineV1] HCS published: 0.0.6255927@1772496008.667467640

      at EngineV1.log [as verifyAndPublish] (src/engine/v1/engine-v1.js:386:17)
          at async Promise.all (index 287)

  console.log
    [EngineV1] HCS published: 0.0.6255927@1772496013.241306607

      at EngineV1.log [as verifyAndPublish] (src/engine/v1/engine-v1.js:386:17)
          at async Promise.all (index 846)

  console.log
    [EngineV1] HCS published: 0.0.6255927@1772496012.297072347

      at EngineV1.log [as verifyAndPublish] (src/engine/v1/engine-v1.js:386:17)
          at async Promise.all (index 898)

  console.log
    [EngineV1] HCS published: 0.0.6255927@1772496013.795352902

      at EngineV1.log [as verifyAndPublish] (src/engine/v1/engine-v1.js:386:17)
          at async Promise.all (index 906)

  console.log
    [EngineV1] HCS published: 0.0.6255927@1772496010.684948567

      at EngineV1.log [as verifyAndPublish] (src/engine/v1/engine-v1.js:386:17)
          at async Promise.all (index 279)

  console.log
    [EngineV1] HCS published: 0.0.6255927@1772496011.954037996

      at EngineV1.log [as verifyAndPublish] (src/engine/v1/engine-v1.js:386:17)
          at async Promise.all (index 535)

  console.log
    [EngineV1] HCS published: 0.0.6255927@1772496011.783193083

      at EngineV1.log [as verifyAndPublish] (src/engine/v1/engine-v1.js:386:17)
          at async Promise.all (index 293)

  console.log
    [EngineV1] HCS published: 0.0.6255927@1772496010.919176857

      at EngineV1.log [as verifyAndPublish] (src/engine/v1/engine-v1.js:386:17)
          at async Promise.all (index 504)

  console.log
    [EngineV1] HCS published: 0.0.6255927@1772496010.847187623

      at EngineV1.log [as verifyAndPublish] (src/engine/v1/engine-v1.js:386:17)
          at async Promise.all (index 525)

  console.log
    [EngineV1] HCS published: 0.0.6255927@1772496008.865384531

      at EngineV1.log [as verifyAndPublish] (src/engine/v1/engine-v1.js:386:17)
          at async Promise.all (index 782)

  console.log
    [EngineV1] HCS published: 0.0.6255927@1772496013.303875491

      at EngineV1.log [as verifyAndPublish] (src/engine/v1/engine-v1.js:386:17)
          at async Promise.all (index 580)

  console.log
    [EngineV1] HCS published: 0.0.6255927@1772496010.781405097

      at EngineV1.log [as verifyAndPublish] (src/engine/v1/engine-v1.js:386:17)
          at async Promise.all (index 684)

  console.log
    [EngineV1] HCS published: 0.0.6255927@1772496012.505306471

      at EngineV1.log [as verifyAndPublish] (src/engine/v1/engine-v1.js:386:17)
          at async Promise.all (index 778)

  console.log
    [EngineV1] HCS published: 0.0.6255927@1772496013.387541934

      at EngineV1.log [as verifyAndPublish] (src/engine/v1/engine-v1.js:386:17)
          at async Promise.all (index 859)

  console.log
    [EngineV1] HCS published: 0.0.6255927@1772496011.084165845

      at EngineV1.log [as verifyAndPublish] (src/engine/v1/engine-v1.js:386:17)
          at async Promise.all (index 676)

  console.log
    [EngineV1] HCS published: 0.0.6255927@1772496009.558007465

      at EngineV1.log [as verifyAndPublish] (src/engine/v1/engine-v1.js:386:17)
          at async Promise.all (index 201)

  console.log
    [EngineV1] HCS published: 0.0.6255927@1772496013.311100029

      at EngineV1.log [as verifyAndPublish] (src/engine/v1/engine-v1.js:386:17)
          at async Promise.all (index 853)

  console.log
    [EngineV1] HCS published: 0.0.6255927@1772496013.655429642

      at EngineV1.log [as verifyAndPublish] (src/engine/v1/engine-v1.js:386:17)
          at async Promise.all (index 992)

  console.log
    [EngineV1] HCS published: 0.0.6255927@1772496012.172729403

      at EngineV1.log [as verifyAndPublish] (src/engine/v1/engine-v1.js:386:17)
          at async Promise.all (index 791)

  console.log
    [EngineV1] HCS published: 0.0.6255927@1772496012.335560392

      at EngineV1.log [as verifyAndPublish] (src/engine/v1/engine-v1.js:386:17)
          at async Promise.all (index 920)

  console.log
    [EngineV1] HCS published: 0.0.6255927@1772496012.834401175

      at EngineV1.log [as verifyAndPublish] (src/engine/v1/engine-v1.js:386:17)
          at async Promise.all (index 819)

  console.log
    [EngineV1] HCS published: 0.0.6255927@1772496011.670400795

      at EngineV1.log [as verifyAndPublish] (src/engine/v1/engine-v1.js:386:17)
          at async Promise.all (index 821)

  console.log
    [EngineV1] HCS published: 0.0.6255927@1772496009.949314866

      at EngineV1.log [as verifyAndPublish] (src/engine/v1/engine-v1.js:386:17)
          at async Promise.all (index 245)

  console.log
    [EngineV1] HCS published: 0.0.6255927@1772496008.742479614

      at EngineV1.log [as verifyAndPublish] (src/engine/v1/engine-v1.js:386:17)
          at async Promise.all (index 300)

  console.log
    [EngineV1] HCS published: 0.0.6255927@1772496008.630358658

      at EngineV1.log [as verifyAndPublish] (src/engine/v1/engine-v1.js:386:17)
          at async Promise.all (index 320)

  console.log
    [EngineV1] HCS published: 0.0.6255927@1772496012.197062092

      at EngineV1.log [as verifyAndPublish] (src/engine/v1/engine-v1.js:386:17)
          at async Promise.all (index 332)

  console.log
    [EngineV1] HCS published: 0.0.6255927@1772496012.808311417

      at EngineV1.log [as verifyAndPublish] (src/engine/v1/engine-v1.js:386:17)
          at async Promise.all (index 318)

  console.log
    [EngineV1] HCS published: 0.0.6255927@1772496009.698431965

      at EngineV1.log [as verifyAndPublish] (src/engine/v1/engine-v1.js:386:17)
          at async Promise.all (index 828)

  console.log
    [EngineV1] HCS published: 0.0.6255927@1772496009.325935771

      at EngineV1.log [as verifyAndPublish] (src/engine/v1/engine-v1.js:386:17)
          at async Promise.all (index 962)

  console.log
    [EngineV1] HCS published: 0.0.6255927@1772496011.993088474

      at EngineV1.log [as verifyAndPublish] (src/engine/v1/engine-v1.js:386:17)
          at async Promise.all (index 967)

  console.log
    [EngineV1] HCS published: 0.0.6255927@1772496009.638242125

      at EngineV1.log [as verifyAndPublish] (src/engine/v1/engine-v1.js:386:17)
          at async Promise.all (index 991)

  console.log
    [EngineV1] HCS published: 0.0.6255927@1772496010.814352697

      at EngineV1.log [as verifyAndPublish] (src/engine/v1/engine-v1.js:386:17)
          at async Promise.all (index 761)

  console.log
    [EngineV1] HCS published: 0.0.6255927@1772496008.591275922

      at EngineV1.log [as verifyAndPublish] (src/engine/v1/engine-v1.js:386:17)
          at async Promise.all (index 294)

  console.log
    [EngineV1] HCS published: 0.0.6255927@1772496011.300319141

      at EngineV1.log [as verifyAndPublish] (src/engine/v1/engine-v1.js:386:17)
          at async Promise.all (index 423)

  console.log
    [EngineV1] HCS published: 0.0.6255927@1772496008.440473505

      at EngineV1.log [as verifyAndPublish] (src/engine/v1/engine-v1.js:386:17)
          at async Promise.all (index 426)

  console.log
    [EngineV1] HCS published: 0.0.6255927@1772496011.624835102

      at EngineV1.log [as verifyAndPublish] (src/engine/v1/engine-v1.js:386:17)
          at async Promise.all (index 443)

  console.log
    [EngineV1] HCS published: 0.0.6255927@1772496011.120447510

      at EngineV1.log [as verifyAndPublish] (src/engine/v1/engine-v1.js:386:17)
          at async Promise.all (index 956)

  console.log
    [EngineV1] HCS published: 0.0.6255927@1772496010.189326215

      at EngineV1.log [as verifyAndPublish] (src/engine/v1/engine-v1.js:386:17)
          at async Promise.all (index 111)

  console.log
    [EngineV1] HCS published: 0.0.6255927@1772496010.760681902

      at EngineV1.log [as verifyAndPublish] (src/engine/v1/engine-v1.js:386:17)
          at async Promise.all (index 220)

  console.log
    [EngineV1] HCS published: 0.0.6255927@1772496008.794999369

      at EngineV1.log [as verifyAndPublish] (src/engine/v1/engine-v1.js:386:17)
          at async Promise.all (index 162)

  console.log
    [EngineV1] HCS published: 0.0.6255927@1772496010.272888284

      at EngineV1.log [as verifyAndPublish] (src/engine/v1/engine-v1.js:386:17)
          at async Promise.all (index 325)

  console.log
    [EngineV1] HCS published: 0.0.6255927@1772496008.949996783

      at EngineV1.log [as verifyAndPublish] (src/engine/v1/engine-v1.js:386:17)
          at async Promise.all (index 368)

  console.log
    [EngineV1] HCS published: 0.0.6255927@1772496008.966419071

      at EngineV1.log [as verifyAndPublish] (src/engine/v1/engine-v1.js:386:17)
          at async Promise.all (index 430)

  console.log
    [EngineV1] HCS published: 0.0.6255927@1772496010.860494320

      at EngineV1.log [as verifyAndPublish] (src/engine/v1/engine-v1.js:386:17)
          at async Promise.all (index 971)

  console.log
    [EngineV1] HCS published: 0.0.6255927@1772496010.736314414

      at EngineV1.log [as verifyAndPublish] (src/engine/v1/engine-v1.js:386:17)
          at async Promise.all (index 98)

  console.log
    [EngineV1] HCS published: 0.0.6255927@1772496011.263342660

      at EngineV1.log [as verifyAndPublish] (src/engine/v1/engine-v1.js:386:17)
          at async Promise.all (index 347)

  console.log
    [EngineV1] HCS published: 0.0.6255927@1772496012.373153185

      at EngineV1.log [as verifyAndPublish] (src/engine/v1/engine-v1.js:386:17)
          at async Promise.all (index 388)

  console.log
    [EngineV1] HCS published: 0.0.6255927@1772496011.134825165

      at EngineV1.log [as verifyAndPublish] (src/engine/v1/engine-v1.js:386:17)
          at async Promise.all (index 638)

  console.log
    [EngineV1] HCS published: 0.0.6255927@1772496010.379602633

      at EngineV1.log [as verifyAndPublish] (src/engine/v1/engine-v1.js:386:17)
          at async Promise.all (index 452)

  console.log
    [EngineV1] HCS published: 0.0.6255927@1772496010.520887405

      at EngineV1.log [as verifyAndPublish] (src/engine/v1/engine-v1.js:386:17)
          at async Promise.all (index 506)

  console.log
    [EngineV1] HCS published: 0.0.6255927@1772496010.096946352

      at EngineV1.log [as verifyAndPublish] (src/engine/v1/engine-v1.js:386:17)
          at async Promise.all (index 188)

  console.log
    [EngineV1] HCS published: 0.0.6255927@1772496012.907543267

      at EngineV1.log [as verifyAndPublish] (src/engine/v1/engine-v1.js:386:17)
          at async Promise.all (index 660)

  console.log
    [EngineV1] HCS published: 0.0.6255927@1772496013.411684182

      at EngineV1.log [as verifyAndPublish] (src/engine/v1/engine-v1.js:386:17)
          at async Promise.all (index 835)

  console.log
    [EngineV1] HCS published: 0.0.6255927@1772496009.630643606

      at EngineV1.log [as verifyAndPublish] (src/engine/v1/engine-v1.js:386:17)
          at async Promise.all (index 918)

  console.log
    [EngineV1] HCS published: 0.0.6255927@1772496010.981672480

      at EngineV1.log [as verifyAndPublish] (src/engine/v1/engine-v1.js:386:17)
          at async Promise.all (index 144)

  console.log
    [EngineV1] HCS published: 0.0.6255927@1772496008.454354999

      at EngineV1.log [as verifyAndPublish] (src/engine/v1/engine-v1.js:386:17)
          at async Promise.all (index 446)

  console.log
    [EngineV1] HCS published: 0.0.6255927@1772496010.091570014

      at EngineV1.log [as verifyAndPublish] (src/engine/v1/engine-v1.js:386:17)
          at async Promise.all (index 486)

  console.log
    [EngineV1] HCS published: 0.0.6255927@1772496012.145289033

      at EngineV1.log [as verifyAndPublish] (src/engine/v1/engine-v1.js:386:17)
          at async Promise.all (index 473)

  console.log
    [EngineV1] HCS published: 0.0.6255927@1772496012.213582045

      at EngineV1.log [as verifyAndPublish] (src/engine/v1/engine-v1.js:386:17)
          at async Promise.all (index 498)

  console.log
    [EngineV1] HCS published: 0.0.6255927@1772496011.072199446

      at EngineV1.log [as verifyAndPublish] (src/engine/v1/engine-v1.js:386:17)
          at async Promise.all (index 826)

  console.log
    [EngineV1] HCS published: 0.0.6255927@1772496009.238950991

      at EngineV1.log [as verifyAndPublish] (src/engine/v1/engine-v1.js:386:17)
          at async Promise.all (index 655)

  console.log
    [EngineV1] HCS published: 0.0.6255927@1772496012.697355490

      at EngineV1.log [as verifyAndPublish] (src/engine/v1/engine-v1.js:386:17)
          at async Promise.all (index 851)

  console.log
    [EngineV1] HCS published: 0.0.6255927@1772496013.040418609

      at EngineV1.log [as verifyAndPublish] (src/engine/v1/engine-v1.js:386:17)
          at async Promise.all (index 449)

  console.log
    [EngineV1] HCS published: 0.0.6255927@1772496010.107039777

      at EngineV1.log [as verifyAndPublish] (src/engine/v1/engine-v1.js:386:17)
          at async Promise.all (index 643)

  console.log
    [EngineV1] HCS published: 0.0.6255927@1772496009.898787557

      at EngineV1.log [as verifyAndPublish] (src/engine/v1/engine-v1.js:386:17)
          at async Promise.all (index 574)

  console.log
    [EngineV1] HCS published: 0.0.6255927@1772496009.178337857

      at EngineV1.log [as verifyAndPublish] (src/engine/v1/engine-v1.js:386:17)
          at async Promise.all (index 91)

  console.log
    [EngineV1] HCS published: 0.0.6255927@1772496011.378936243

      at EngineV1.log [as verifyAndPublish] (src/engine/v1/engine-v1.js:386:17)
          at async Promise.all (index 25)

  console.log
    [EngineV1] HCS published: 0.0.6255927@1772496010.400357911

      at EngineV1.log [as verifyAndPublish] (src/engine/v1/engine-v1.js:386:17)
          at async Promise.all (index 309)

  console.log
    [EngineV1] HCS published: 0.0.6255927@1772496011.302636524

      at EngineV1.log [as verifyAndPublish] (src/engine/v1/engine-v1.js:386:17)
          at async Promise.all (index 767)

  console.log
    [EngineV1] HCS published: 0.0.6255927@1772496013.159267241

      at EngineV1.log [as verifyAndPublish] (src/engine/v1/engine-v1.js:386:17)
          at async Promise.all (index 832)

  console.log
    [EngineV1] HCS published: 0.0.6255927@1772496010.169875576

      at EngineV1.log [as verifyAndPublish] (src/engine/v1/engine-v1.js:386:17)
          at async Promise.all (index 239)

  console.log
    [EngineV1] HCS published: 0.0.6255927@1772496012.890635625

      at EngineV1.log [as verifyAndPublish] (src/engine/v1/engine-v1.js:386:17)
          at async Promise.all (index 263)

  console.log
    [EngineV1] HCS published: 0.0.6255927@1772496013.115163716

      at EngineV1.log [as verifyAndPublish] (src/engine/v1/engine-v1.js:386:17)
          at async Promise.all (index 776)

  console.log
    [EngineV1] HCS published: 0.0.6255927@1772496011.788728018

      at EngineV1.log [as verifyAndPublish] (src/engine/v1/engine-v1.js:386:17)
          at async Promise.all (index 149)

  console.log
    [EngineV1] HCS published: 0.0.6255927@1772496007.934632015

      at EngineV1.log [as verifyAndPublish] (src/engine/v1/engine-v1.js:386:17)
          at async Promise.all (index 4)

  console.log
    [EngineV1] HCS published: 0.0.6255927@1772496013.534934893

      at EngineV1.log [as verifyAndPublish] (src/engine/v1/engine-v1.js:386:17)
          at async Promise.all (index 896)

  console.log
    [EngineV1] HCS published: 0.0.6255927@1772496011.458639626

      at EngineV1.log [as verifyAndPublish] (src/engine/v1/engine-v1.js:386:17)
          at async Promise.all (index 424)

  console.log
    [EngineV1] HCS published: 0.0.6255927@1772496010.166207685

      at EngineV1.log [as verifyAndPublish] (src/engine/v1/engine-v1.js:386:17)
          at async Promise.all (index 152)

  console.log
    [EngineV1] HCS published: 0.0.6255927@1772496013.232927373

      at EngineV1.log [as verifyAndPublish] (src/engine/v1/engine-v1.js:386:17)
          at async Promise.all (index 596)

  console.log
    [EngineV1] HCS published: 0.0.6255927@1772496011.199171558

      at EngineV1.log [as verifyAndPublish] (src/engine/v1/engine-v1.js:386:17)
          at async Promise.all (index 606)

  console.log
    [EngineV1] HCS published: 0.0.6255927@1772496010.181177386

      at EngineV1.log [as verifyAndPublish] (src/engine/v1/engine-v1.js:386:17)
          at async Promise.all (index 280)

  console.log
    [EngineV1] HCS published: 0.0.6255927@1772496009.451395152

      at EngineV1.log [as verifyAndPublish] (src/engine/v1/engine-v1.js:386:17)
          at async Promise.all (index 856)

  console.log
    [EngineV1] HCS published: 0.0.6255927@1772496010.459368076

      at EngineV1.log [as verifyAndPublish] (src/engine/v1/engine-v1.js:386:17)
          at async Promise.all (index 118)

  console.log
    [EngineV1] HCS published: 0.0.6255927@1772496009.665761115

      at EngineV1.log [as verifyAndPublish] (src/engine/v1/engine-v1.js:386:17)
          at async Promise.all (index 490)

  console.log
    [EngineV1] HCS published: 0.0.6255927@1772496009.854193456

      at EngineV1.log [as verifyAndPublish] (src/engine/v1/engine-v1.js:386:17)
          at async Promise.all (index 864)

  console.log
    [EngineV1] HCS published: 0.0.6255927@1772496012.886752327

      at EngineV1.log [as verifyAndPublish] (src/engine/v1/engine-v1.js:386:17)
          at async Promise.all (index 602)

  console.log
    [EngineV1] HCS published: 0.0.6255927@1772496012.540259118

      at EngineV1.log [as verifyAndPublish] (src/engine/v1/engine-v1.js:386:17)
          at async Promise.all (index 675)

  console.log
    [EngineV1] HCS published: 0.0.6255927@1772496013.402910556

      at EngineV1.log [as verifyAndPublish] (src/engine/v1/engine-v1.js:386:17)
          at async Promise.all (index 681)

  console.log
    [EngineV1] HCS published: 0.0.6255927@1772496011.052021824

      at EngineV1.log [as verifyAndPublish] (src/engine/v1/engine-v1.js:386:17)
          at async Promise.all (index 699)

  console.log
    [EngineV1] HCS published: 0.0.6255927@1772496011.148532067

      at EngineV1.log [as verifyAndPublish] (src/engine/v1/engine-v1.js:386:17)
          at async Promise.all (index 350)

  console.log
    [EngineV1] HCS published: 0.0.6255927@1772496009.883874451

      at EngineV1.log [as verifyAndPublish] (src/engine/v1/engine-v1.js:386:17)
          at async Promise.all (index 400)

  console.log
    [EngineV1] HCS published: 0.0.6255927@1772496010.733994294

      at EngineV1.log [as verifyAndPublish] (src/engine/v1/engine-v1.js:386:17)
          at async Promise.all (index 795)

  console.log
    [EngineV1] HCS published: 0.0.6255927@1772496009.510774455

      at EngineV1.log [as verifyAndPublish] (src/engine/v1/engine-v1.js:386:17)
          at async Promise.all (index 825)

  console.log
    [EngineV1] HCS published: 0.0.6255927@1772496013.517135260

      at EngineV1.log [as verifyAndPublish] (src/engine/v1/engine-v1.js:386:17)
          at async Promise.all (index 951)

  console.log
    [EngineV1] HCS published: 0.0.6255927@1772496010.244642762

      at EngineV1.log [as verifyAndPublish] (src/engine/v1/engine-v1.js:386:17)
          at async Promise.all (index 79)

  console.log
    [EngineV1] HCS published: 0.0.6255927@1772496011.601964999

      at EngineV1.log [as verifyAndPublish] (src/engine/v1/engine-v1.js:386:17)
          at async Promise.all (index 331)

  console.log
    [EngineV1] HCS published: 0.0.6255927@1772496011.962612494

      at EngineV1.log [as verifyAndPublish] (src/engine/v1/engine-v1.js:386:17)
          at async Promise.all (index 475)

  console.log
    [EngineV1] HCS published: 0.0.6255927@1772496011.483008427

      at EngineV1.log [as verifyAndPublish] (src/engine/v1/engine-v1.js:386:17)
          at async Promise.all (index 533)

  console.log
    [EngineV1] HCS published: 0.0.6255927@1772496013.740124238

      at EngineV1.log [as verifyAndPublish] (src/engine/v1/engine-v1.js:386:17)
          at async Promise.all (index 841)

  console.log
    [EngineV1] HCS published: 0.0.6255927@1772496008.900393066

      at EngineV1.log [as verifyAndPublish] (src/engine/v1/engine-v1.js:386:17)
          at async Promise.all (index 205)

  console.log
    [EngineV1] HCS published: 0.0.6255927@1772496012.078812991

      at EngineV1.log [as verifyAndPublish] (src/engine/v1/engine-v1.js:386:17)
          at async Promise.all (index 625)

  console.log
    [EngineV1] HCS published: 0.0.6255927@1772496010.053183040

      at EngineV1.log [as verifyAndPublish] (src/engine/v1/engine-v1.js:386:17)
          at async Promise.all (index 815)

  console.log
    [EngineV1] HCS published: 0.0.6255927@1772496010.727567735

      at EngineV1.log [as verifyAndPublish] (src/engine/v1/engine-v1.js:386:17)
          at async Promise.all (index 874)

  console.log
    [EngineV1] HCS published: 0.0.6255927@1772496011.174021618

      at EngineV1.log [as verifyAndPublish] (src/engine/v1/engine-v1.js:386:17)
          at async Promise.all (index 845)

  console.log
    [EngineV1] HCS published: 0.0.6255927@1772496013.377907241

      at EngineV1.log [as verifyAndPublish] (src/engine/v1/engine-v1.js:386:17)
          at async Promise.all (index 912)

  console.log
    [EngineV1] HCS published: 0.0.6255927@1772496012.820837432

      at EngineV1.log [as verifyAndPublish] (src/engine/v1/engine-v1.js:386:17)
          at async Promise.all (index 926)

  console.log
    [EngineV1] HCS published: 0.0.6255927@1772496012.552947464

      at EngineV1.log [as verifyAndPublish] (src/engine/v1/engine-v1.js:386:17)
          at async Promise.all (index 84)

  console.log
    [EngineV1] HCS published: 0.0.6255927@1772496010.028122738

      at EngineV1.log [as verifyAndPublish] (src/engine/v1/engine-v1.js:386:17)
          at async Promise.all (index 702)

  console.log
    [EngineV1] HCS published: 0.0.6255927@1772496012.466778651

      at EngineV1.log [as verifyAndPublish] (src/engine/v1/engine-v1.js:386:17)
          at async Promise.all (index 839)

  console.log
    [EngineV1] HCS published: 0.0.6255927@1772496012.986602332

      at EngineV1.log [as verifyAndPublish] (src/engine/v1/engine-v1.js:386:17)
          at async Promise.all (index 915)

  console.log
    [EngineV1] HCS published: 0.0.6255927@1772496013.022329763

      at EngineV1.log [as verifyAndPublish] (src/engine/v1/engine-v1.js:386:17)
          at async Promise.all (index 975)

  console.log
    [EngineV1] HCS published: 0.0.6255927@1772496010.339069928

      at EngineV1.log [as verifyAndPublish] (src/engine/v1/engine-v1.js:386:17)
          at async Promise.all (index 692)

  console.log
    [EngineV1] HCS published: 0.0.6255927@1772496010.048159010

      at EngineV1.log [as verifyAndPublish] (src/engine/v1/engine-v1.js:386:17)
          at async Promise.all (index 790)

  console.log
    [EngineV1] HCS published: 0.0.6255927@1772496010.220728748

      at EngineV1.log [as verifyAndPublish] (src/engine/v1/engine-v1.js:386:17)
          at async Promise.all (index 977)

  console.log
    [EngineV1] HCS published: 0.0.6255927@1772496010.745986090

      at EngineV1.log [as verifyAndPublish] (src/engine/v1/engine-v1.js:386:17)
          at async Promise.all (index 129)

  console.log
    [EngineV1] HCS published: 0.0.6255927@1772496012.451522050

      at EngineV1.log [as verifyAndPublish] (src/engine/v1/engine-v1.js:386:17)
          at async Promise.all (index 949)

  console.log
    [EngineV1] HCS published: 0.0.6255927@1772496012.843816066

      at EngineV1.log [as verifyAndPublish] (src/engine/v1/engine-v1.js:386:17)
          at async Promise.all (index 907)

  console.log
    [EngineV1] HCS published: 0.0.6255927@1772496009.310554487

      at EngineV1.log [as verifyAndPublish] (src/engine/v1/engine-v1.js:386:17)
          at async Promise.all (index 10)

  console.log
    [EngineV1] HCS published: 0.0.6255927@1772496009.136910289

      at EngineV1.log [as verifyAndPublish] (src/engine/v1/engine-v1.js:386:17)
          at async Promise.all (index 494)

  console.log
    [EngineV1] HCS published: 0.0.6255927@1772496011.645844628

      at EngineV1.log [as verifyAndPublish] (src/engine/v1/engine-v1.js:386:17)
          at async Promise.all (index 605)

  console.log
    [EngineV1] HCS published: 0.0.6255927@1772496012.970333979

      at EngineV1.log [as verifyAndPublish] (src/engine/v1/engine-v1.js:386:17)
          at async Promise.all (index 736)

  console.log
    [EngineV1] HCS published: 0.0.6255927@1772496012.917239472

      at EngineV1.log [as verifyAndPublish] (src/engine/v1/engine-v1.js:386:17)
          at async Promise.all (index 631)

  console.log
    [EngineV1] HCS published: 0.0.6255927@1772496013.540892276

      at EngineV1.log [as verifyAndPublish] (src/engine/v1/engine-v1.js:386:17)
          at async Promise.all (index 586)

  console.log
    [EngineV1] HCS published: 0.0.6255927@1772496010.040157970

      at EngineV1.log [as verifyAndPublish] (src/engine/v1/engine-v1.js:386:17)
          at async Promise.all (index 709)

  console.log
    [EngineV1] HCS published: 0.0.6255927@1772496009.972290858

      at EngineV1.log [as verifyAndPublish] (src/engine/v1/engine-v1.js:386:17)
          at async Promise.all (index 196)

  console.log
    [EngineV1] HCS published: 0.0.6255927@1772496011.052369481

      at EngineV1.log [as verifyAndPublish] (src/engine/v1/engine-v1.js:386:17)
          at async Promise.all (index 363)

  console.log
    [EngineV1] HCS published: 0.0.6255927@1772496011.346569655

      at EngineV1.log [as verifyAndPublish] (src/engine/v1/engine-v1.js:386:17)
          at async Promise.all (index 455)

  console.log
    [EngineV1] HCS published: 0.0.6255927@1772496009.197563622

      at EngineV1.log [as verifyAndPublish] (src/engine/v1/engine-v1.js:386:17)
          at async Promise.all (index 131)

  console.log
    [EngineV1] HCS published: 0.0.6255927@1772496013.565910800

      at EngineV1.log [as verifyAndPublish] (src/engine/v1/engine-v1.js:386:17)
          at async Promise.all (index 824)

  console.log
    [EngineV1] HCS published: 0.0.6255927@1772496008.436942253

      at EngineV1.log [as verifyAndPublish] (src/engine/v1/engine-v1.js:386:17)
          at async Promise.all (index 31)

  console.log
    [EngineV1] HCS published: 0.0.6255927@1772496011.349790289

      at EngineV1.log [as verifyAndPublish] (src/engine/v1/engine-v1.js:386:17)
          at async Promise.all (index 627)

  console.log
    [EngineV1] HCS published: 0.0.6255927@1772496011.215492422

      at EngineV1.log [as verifyAndPublish] (src/engine/v1/engine-v1.js:386:17)
          at async Promise.all (index 690)

  console.log
    [EngineV1] HCS published: 0.0.6255927@1772496011.777021561

      at EngineV1.log [as verifyAndPublish] (src/engine/v1/engine-v1.js:386:17)
          at async Promise.all (index 886)

  console.log
    [EngineV1] HCS published: 0.0.6255927@1772496008.938482656

      at EngineV1.log [as verifyAndPublish] (src/engine/v1/engine-v1.js:386:17)
          at async Promise.all (index 466)

  console.log
    [EngineV1] HCS published: 0.0.6255927@1772496011.381657162

      at EngineV1.log [as verifyAndPublish] (src/engine/v1/engine-v1.js:386:17)
          at async Promise.all (index 303)

  console.log
    [EngineV1] HCS published: 0.0.6255927@1772496012.934662467

      at EngineV1.log [as verifyAndPublish] (src/engine/v1/engine-v1.js:386:17)
          at async Promise.all (index 450)

  console.log
    [EngineV1] HCS published: 0.0.6255927@1772496009.227853756

      at EngineV1.log [as verifyAndPublish] (src/engine/v1/engine-v1.js:386:17)
          at async Promise.all (index 390)

  console.log
    [EngineV1] HCS published: 0.0.6255927@1772496012.668570878

      at EngineV1.log [as verifyAndPublish] (src/engine/v1/engine-v1.js:386:17)
          at async Promise.all (index 805)

  console.log
    [EngineV1] HCS published: 0.0.6255927@1772496010.509975329

      at EngineV1.log [as verifyAndPublish] (src/engine/v1/engine-v1.js:386:17)
          at async Promise.all (index 930)

  console.log
    [EngineV1] HCS published: 0.0.6255927@1772496012.332560040

      at EngineV1.log [as verifyAndPublish] (src/engine/v1/engine-v1.js:386:17)
          at async Promise.all (index 514)

  console.log
    [EngineV1] HCS published: 0.0.6255927@1772496012.922125796

      at EngineV1.log [as verifyAndPublish] (src/engine/v1/engine-v1.js:386:17)
          at async Promise.all (index 581)

  console.log
    [EngineV1] HCS published: 0.0.6255927@1772496010.626829315

      at EngineV1.log [as verifyAndPublish] (src/engine/v1/engine-v1.js:386:17)
          at async Promise.all (index 374)

  console.log
    [EngineV1] HCS published: 0.0.6255927@1772496012.286641948

      at EngineV1.log [as verifyAndPublish] (src/engine/v1/engine-v1.js:386:17)
          at async Promise.all (index 547)

  console.log
    [EngineV1] HCS published: 0.0.6255927@1772496009.095965908

      at EngineV1.log [as verifyAndPublish] (src/engine/v1/engine-v1.js:386:17)
          at async Promise.all (index 751)

  console.log
    [EngineV1] HCS published: 0.0.6255927@1772496013.772470454

      at EngineV1.log [as verifyAndPublish] (src/engine/v1/engine-v1.js:386:17)
          at async Promise.all (index 794)

  console.log
    [EngineV1] HCS published: 0.0.6255927@1772496009.858236615

      at EngineV1.log [as verifyAndPublish] (src/engine/v1/engine-v1.js:386:17)
          at async Promise.all (index 95)

  console.log
    [EngineV1] HCS published: 0.0.6255927@1772496012.300095392

      at EngineV1.log [as verifyAndPublish] (src/engine/v1/engine-v1.js:386:17)
          at async Promise.all (index 481)

  console.log
    [EngineV1] HCS published: 0.0.6255927@1772496012.384935859

      at EngineV1.log [as verifyAndPublish] (src/engine/v1/engine-v1.js:386:17)
          at async Promise.all (index 657)

  console.log
    [EngineV1] HCS published: 0.0.6255927@1772496011.206671450

      at EngineV1.log [as verifyAndPublish] (src/engine/v1/engine-v1.js:386:17)
          at async Promise.all (index 679)

  console.log
    [EngineV1] HCS published: 0.0.6255927@1772496010.484186152

      at EngineV1.log [as verifyAndPublish] (src/engine/v1/engine-v1.js:386:17)
          at async Promise.all (index 16)

  console.log
    [EngineV1] HCS published: 0.0.6255927@1772496008.967129082

      at EngineV1.log [as verifyAndPublish] (src/engine/v1/engine-v1.js:386:17)
          at async Promise.all (index 130)

  console.log
    [EngineV1] HCS published: 0.0.6255927@1772496010.128267564

      at EngineV1.log [as verifyAndPublish] (src/engine/v1/engine-v1.js:386:17)
          at async Promise.all (index 587)

  console.log
    [EngineV1] HCS published: 0.0.6255927@1772496011.155170014

      at EngineV1.log [as verifyAndPublish] (src/engine/v1/engine-v1.js:386:17)
          at async Promise.all (index 978)

  console.log
    [EngineV1] HCS published: 0.0.6255927@1772496010.941437030

      at EngineV1.log [as verifyAndPublish] (src/engine/v1/engine-v1.js:386:17)
          at async Promise.all (index 499)

  console.log
    [EngineV1] HCS published: 0.0.6255927@1772496010.972375228

      at EngineV1.log [as verifyAndPublish] (src/engine/v1/engine-v1.js:386:17)
          at async Promise.all (index 734)

  console.log
    [EngineV1] HCS published: 0.0.6255927@1772496009.669784538

      at EngineV1.log [as verifyAndPublish] (src/engine/v1/engine-v1.js:386:17)
          at async Promise.all (index 746)

  console.log
    [EngineV1] HCS published: 0.0.6255927@1772496009.692090003

      at EngineV1.log [as verifyAndPublish] (src/engine/v1/engine-v1.js:386:17)
          at async Promise.all (index 330)

  console.log
    [EngineV1] HCS published: 0.0.6255927@1772496011.892374390

      at EngineV1.log [as verifyAndPublish] (src/engine/v1/engine-v1.js:386:17)
          at async Promise.all (index 513)

  console.log
    [EngineV1] HCS published: 0.0.6255927@1772496010.168516857

      at EngineV1.log [as verifyAndPublish] (src/engine/v1/engine-v1.js:386:17)
          at async Promise.all (index 670)

  console.log
    [EngineV1] HCS published: 0.0.6255927@1772496009.837249322

      at EngineV1.log [as verifyAndPublish] (src/engine/v1/engine-v1.js:386:17)
          at async Promise.all (index 831)

  console.log
    [EngineV1] HCS published: 0.0.6255927@1772496010.216382222

      at EngineV1.log [as verifyAndPublish] (src/engine/v1/engine-v1.js:386:17)
          at async Promise.all (index 872)

  console.log
    [EngineV1] HCS published: 0.0.6255927@1772496011.759049998

      at EngineV1.log [as verifyAndPublish] (src/engine/v1/engine-v1.js:386:17)
          at async Promise.all (index 172)

  console.log
    [EngineV1] HCS published: 0.0.6255927@1772496012.988462168

      at EngineV1.log [as verifyAndPublish] (src/engine/v1/engine-v1.js:386:17)
          at async Promise.all (index 284)

  console.log
    [EngineV1] HCS published: 0.0.6255927@1772496010.159699250

      at EngineV1.log [as verifyAndPublish] (src/engine/v1/engine-v1.js:386:17)
          at async Promise.all (index 358)

  console.log
    [EngineV1] HCS published: 0.0.6255927@1772496009.300178828

      at EngineV1.log [as verifyAndPublish] (src/engine/v1/engine-v1.js:386:17)
          at async Promise.all (index 456)

  console.log
    [EngineV1] HCS published: 0.0.6255927@1772496009.312400489

      at EngineV1.log [as verifyAndPublish] (src/engine/v1/engine-v1.js:386:17)
          at async Promise.all (index 682)

  console.log
    [EngineV1] HCS published: 0.0.6255927@1772496009.089649474

      at EngineV1.log [as verifyAndPublish] (src/engine/v1/engine-v1.js:386:17)
          at async Promise.all (index 283)

  console.log
    [EngineV1] HCS published: 0.0.6255927@1772496012.219498839

      at EngineV1.log [as verifyAndPublish] (src/engine/v1/engine-v1.js:386:17)
          at async Promise.all (index 624)

  console.log
    [EngineV1] HCS published: 0.0.6255927@1772496010.568837591

      at EngineV1.log [as verifyAndPublish] (src/engine/v1/engine-v1.js:386:17)
          at async Promise.all (index 45)

  console.log
    [EngineV1] HCS published: 0.0.6255927@1772496008.656469201

      at EngineV1.log [as verifyAndPublish] (src/engine/v1/engine-v1.js:386:17)
          at async Promise.all (index 101)

  console.log
    [EngineV1] HCS published: 0.0.6255927@1772496011.061524906

      at EngineV1.log [as verifyAndPublish] (src/engine/v1/engine-v1.js:386:17)
          at async Promise.all (index 299)

  console.log
    [EngineV1] HCS published: 0.0.6255927@1772496012.478555655

      at EngineV1.log [as verifyAndPublish] (src/engine/v1/engine-v1.js:386:17)
          at async Promise.all (index 614)

  console.log
    [EngineV1] HCS published: 0.0.6255927@1772496010.549150394

      at EngineV1.log [as verifyAndPublish] (src/engine/v1/engine-v1.js:386:17)
          at async Promise.all (index 696)

  console.log
    [EngineV1] HCS published: 0.0.6255927@1772496010.718947884

      at EngineV1.log [as verifyAndPublish] (src/engine/v1/engine-v1.js:386:17)
          at async Promise.all (index 647)

  console.log
    [EngineV1] HCS published: 0.0.6255927@1772496011.784330290

      at EngineV1.log [as verifyAndPublish] (src/engine/v1/engine-v1.js:386:17)
          at async Promise.all (index 770)

  console.log
    [EngineV1] HCS published: 0.0.6255927@1772496009.178265564

      at EngineV1.log [as verifyAndPublish] (src/engine/v1/engine-v1.js:386:17)
          at async Promise.all (index 385)

  console.log
    [EngineV1] HCS published: 0.0.6255927@1772496012.372022084

      at EngineV1.log [as verifyAndPublish] (src/engine/v1/engine-v1.js:386:17)
          at async Promise.all (index 545)

  console.log
    [EngineV1] HCS published: 0.0.6255927@1772496013.356595781

      at EngineV1.log [as verifyAndPublish] (src/engine/v1/engine-v1.js:386:17)
          at async Promise.all (index 416)

  console.log
    [EngineV1] HCS published: 0.0.6255927@1772496011.725897349

      at EngineV1.log [as verifyAndPublish] (src/engine/v1/engine-v1.js:386:17)
          at async Promise.all (index 855)

  console.log
    [EngineV1] HCS published: 0.0.6255927@1772496012.294059100

      at EngineV1.log [as verifyAndPublish] (src/engine/v1/engine-v1.js:386:17)
          at async Promise.all (index 713)

  console.log
    [EngineV1] HCS published: 0.0.6255927@1772496013.788955697

      at EngineV1.log [as verifyAndPublish] (src/engine/v1/engine-v1.js:386:17)
          at async Promise.all (index 844)

  console.log
    [EngineV1] HCS published: 0.0.6255927@1772496008.498568536

      at EngineV1.log [as verifyAndPublish] (src/engine/v1/engine-v1.js:386:17)
          at async Promise.all (index 338)

  console.log
    [EngineV1] HCS published: 0.0.6255927@1772496013.489081161

      at EngineV1.log [as verifyAndPublish] (src/engine/v1/engine-v1.js:386:17)
          at async Promise.all (index 613)

  console.log
    [EngineV1] HCS published: 0.0.6255927@1772496012.360233226

      at EngineV1.log [as verifyAndPublish] (src/engine/v1/engine-v1.js:386:17)
          at async Promise.all (index 42)

  console.log
    [EngineV1] HCS published: 0.0.6255927@1772496009.514119837

      at EngineV1.log [as verifyAndPublish] (src/engine/v1/engine-v1.js:386:17)
          at async Promise.all (index 60)

  console.log
    [EngineV1] HCS published: 0.0.6255927@1772496011.353813948

      at EngineV1.log [as verifyAndPublish] (src/engine/v1/engine-v1.js:386:17)
          at async Promise.all (index 888)

  console.log
    [EngineV1] HCS published: 0.0.6255927@1772496009.185758089

      at EngineV1.log [as verifyAndPublish] (src/engine/v1/engine-v1.js:386:17)
          at async Promise.all (index 447)

  console.log
    [EngineV1] HCS published: 0.0.6255927@1772496013.284122815

      at EngineV1.log [as verifyAndPublish] (src/engine/v1/engine-v1.js:386:17)
          at async Promise.all (index 683)

  console.log
    [EngineV1] HCS published: 0.0.6255927@1772496008.115023939

      at EngineV1.log [as verifyAndPublish] (src/engine/v1/engine-v1.js:386:17)
          at async Promise.all (index 67)

  console.log
    [EngineV1] HCS published: 0.0.6255927@1772496010.317954913

      at EngineV1.log [as verifyAndPublish] (src/engine/v1/engine-v1.js:386:17)
          at async Promise.all (index 472)

  console.log
    [EngineV1] HCS published: 0.0.6255927@1772496011.008851763

      at EngineV1.log [as verifyAndPublish] (src/engine/v1/engine-v1.js:386:17)
          at async Promise.all (index 563)

  console.log
    [EngineV1] HCS published: 0.0.6255927@1772496013.152705073

      at EngineV1.log [as verifyAndPublish] (src/engine/v1/engine-v1.js:386:17)
          at async Promise.all (index 908)

  console.log
    [EngineV1] HCS published: 0.0.6255927@1772496011.713021838

      at EngineV1.log [as verifyAndPublish] (src/engine/v1/engine-v1.js:386:17)
          at async Promise.all (index 204)

  console.log
    [EngineV1] HCS published: 0.0.6255927@1772496010.049901431

      at EngineV1.log [as verifyAndPublish] (src/engine/v1/engine-v1.js:386:17)
          at async Promise.all (index 548)

  console.log
    [EngineV1] HCS published: 0.0.6255927@1772496011.183293477

      at EngineV1.log [as verifyAndPublish] (src/engine/v1/engine-v1.js:386:17)
          at async Promise.all (index 227)

  console.log
    [EngineV1] HCS published: 0.0.6255927@1772496012.295112325

      at EngineV1.log [as verifyAndPublish] (src/engine/v1/engine-v1.js:386:17)
          at async Promise.all (index 680)

  console.log
    [EngineV1] HCS published: 0.0.6255927@1772496012.351087669

      at EngineV1.log [as verifyAndPublish] (src/engine/v1/engine-v1.js:386:17)
          at async Promise.all (index 725)

  console.log
    [EngineV1] HCS published: 0.0.6255927@1772496010.636202340

      at EngineV1.log [as verifyAndPublish] (src/engine/v1/engine-v1.js:386:17)
          at async Promise.all (index 739)

  console.log
    [EngineV1] HCS published: 0.0.6255927@1772496009.642289502

      at EngineV1.log [as verifyAndPublish] (src/engine/v1/engine-v1.js:386:17)
          at async Promise.all (index 911)

  console.log
    [EngineV1] HCS published: 0.0.6255927@1772496011.777195425

      at EngineV1.log [as verifyAndPublish] (src/engine/v1/engine-v1.js:386:17)
          at async Promise.all (index 257)

  console.log
    [EngineV1] HCS published: 0.0.6255927@1772496011.385199955

      at EngineV1.log [as verifyAndPublish] (src/engine/v1/engine-v1.js:386:17)
          at async Promise.all (index 206)

  console.log
    [EngineV1] HCS published: 0.0.6255927@1772496009.153340068

      at EngineV1.log [as verifyAndPublish] (src/engine/v1/engine-v1.js:386:17)
          at async Promise.all (index 787)

  console.log
    [EngineV1] HCS published: 0.0.6255927@1772496009.172654026

      at EngineV1.log [as verifyAndPublish] (src/engine/v1/engine-v1.js:386:17)
          at async Promise.all (index 360)

  console.log
    [EngineV1] HCS published: 0.0.6255927@1772496012.396466996

      at EngineV1.log [as verifyAndPublish] (src/engine/v1/engine-v1.js:386:17)
          at async Promise.all (index 884)

  console.log
    [EngineV1] HCS published: 0.0.6255927@1772496012.374515817

      at EngineV1.log [as verifyAndPublish] (src/engine/v1/engine-v1.js:386:17)
          at async Promise.all (index 938)

  console.log
    [EngineV1] HCS published: 0.0.6255927@1772496008.589309478

      at EngineV1.log [as verifyAndPublish] (src/engine/v1/engine-v1.js:386:17)
          at async Promise.all (index 142)

  console.log
    [EngineV1] HCS published: 0.0.6255927@1772496009.608814286

      at EngineV1.log [as verifyAndPublish] (src/engine/v1/engine-v1.js:386:17)
          at async Promise.all (index 905)

  console.log
    [EngineV1] HCS published: 0.0.6255927@1772496010.410168651

      at EngineV1.log [as verifyAndPublish] (src/engine/v1/engine-v1.js:386:17)
          at async Promise.all (index 75)

  console.log
    [EngineV1] HCS published: 0.0.6255927@1772496013.183320408

      at EngineV1.log [as verifyAndPublish] (src/engine/v1/engine-v1.js:386:17)
          at async Promise.all (index 440)

  console.log
    [EngineV1] HCS published: 0.0.6255927@1772496010.518051718

      at EngineV1.log [as verifyAndPublish] (src/engine/v1/engine-v1.js:386:17)
          at async Promise.all (index 502)

  console.log
    [EngineV1] HCS published: 0.0.6255927@1772496009.450172972

      at EngineV1.log [as verifyAndPublish] (src/engine/v1/engine-v1.js:386:17)
          at async Promise.all (index 247)

  console.log
    [EngineV1] HCS published: 0.0.6255927@1772496012.288564416

      at EngineV1.log [as verifyAndPublish] (src/engine/v1/engine-v1.js:386:17)
          at async Promise.all (index 458)

  console.log
    [EngineV1] HCS published: 0.0.6255927@1772496013.180322276

      at EngineV1.log [as verifyAndPublish] (src/engine/v1/engine-v1.js:386:17)
          at async Promise.all (index 598)

  console.log
    [EngineV1] HCS published: 0.0.6255927@1772496010.010298304

      at EngineV1.log [as verifyAndPublish] (src/engine/v1/engine-v1.js:386:17)
          at async Promise.all (index 644)

  console.log
    [EngineV1] HCS published: 0.0.6255927@1772496012.268005074

      at EngineV1.log [as verifyAndPublish] (src/engine/v1/engine-v1.js:386:17)
          at async Promise.all (index 994)

  console.log
    [EngineV1] HCS published: 0.0.6255927@1772496013.603499487

      at EngineV1.log [as verifyAndPublish] (src/engine/v1/engine-v1.js:386:17)
          at async Promise.all (index 969)

  console.log
    [EngineV1] HCS published: 0.0.6255927@1772496011.780254300

      at EngineV1.log [as verifyAndPublish] (src/engine/v1/engine-v1.js:386:17)
          at async Promise.all (index 56)

  console.log
    [EngineV1] HCS published: 0.0.6255927@1772496011.843444289

      at EngineV1.log [as verifyAndPublish] (src/engine/v1/engine-v1.js:386:17)
          at async Promise.all (index 240)

  console.log
    [EngineV1] HCS published: 0.0.6255927@1772496009.360094593

      at EngineV1.log [as verifyAndPublish] (src/engine/v1/engine-v1.js:386:17)
          at async Promise.all (index 714)

  console.log
    [EngineV1] HCS published: 0.0.6255927@1772496011.242006338

      at EngineV1.log [as verifyAndPublish] (src/engine/v1/engine-v1.js:386:17)
          at async Promise.all (index 741)

  console.log
    [EngineV1] HCS published: 0.0.6255927@1772496011.384227798

      at EngineV1.log [as verifyAndPublish] (src/engine/v1/engine-v1.js:386:17)
          at async Promise.all (index 829)

  console.log
    [EngineV1] HCS published: 0.0.6255927@1772496010.780331432

      at EngineV1.log [as verifyAndPublish] (src/engine/v1/engine-v1.js:386:17)
          at async Promise.all (index 865)

  console.log
    [EngineV1] HCS published: 0.0.6255927@1772496008.692166738

      at EngineV1.log [as verifyAndPublish] (src/engine/v1/engine-v1.js:386:17)
          at async Promise.all (index 546)

  console.log
    [EngineV1] HCS published: 0.0.6255927@1772496012.015220829

      at EngineV1.log [as verifyAndPublish] (src/engine/v1/engine-v1.js:386:17)
          at async Promise.all (index 814)

  console.log
    [EngineV1] HCS published: 0.0.6255927@1772496011.757046707

      at EngineV1.log [as verifyAndPublish] (src/engine/v1/engine-v1.js:386:17)
          at async Promise.all (index 28)

  console.log
    [EngineV1] HCS published: 0.0.6255927@1772496008.995311583

      at EngineV1.log [as verifyAndPublish] (src/engine/v1/engine-v1.js:386:17)
          at async Promise.all (index 648)

  console.log
    [EngineV1] HCS published: 0.0.6255927@1772496012.002656477

      at EngineV1.log [as verifyAndPublish] (src/engine/v1/engine-v1.js:386:17)
          at async Promise.all (index 454)

  console.log
    [EngineV1] HCS published: 0.0.6255927@1772496012.563205503

      at EngineV1.log [as verifyAndPublish] (src/engine/v1/engine-v1.js:386:17)
          at async Promise.all (index 476)

  console.log
    [EngineV1] HCS published: 0.0.6255927@1772496011.208267862

      at EngineV1.log [as verifyAndPublish] (src/engine/v1/engine-v1.js:386:17)
          at async Promise.all (index 530)

  console.log
    [EngineV1] HCS published: 0.0.6255927@1772496011.226556477

      at EngineV1.log [as verifyAndPublish] (src/engine/v1/engine-v1.js:386:17)
          at async Promise.all (index 941)

  console.log
    [EngineV1] HCS published: 0.0.6255927@1772496010.996635660

      at EngineV1.log [as verifyAndPublish] (src/engine/v1/engine-v1.js:386:17)
          at async Promise.all (index 46)

  console.log
    [EngineV1] HCS published: 0.0.6255927@1772496012.361971575

      at EngineV1.log [as verifyAndPublish] (src/engine/v1/engine-v1.js:386:17)
          at async Promise.all (index 289)

  console.log
    [EngineV1] HCS published: 0.0.6255927@1772496009.168580707

      at EngineV1.log [as verifyAndPublish] (src/engine/v1/engine-v1.js:386:17)
          at async Promise.all (index 822)

  console.log
    [EngineV1] HCS published: 0.0.6255927@1772496012.299567436

      at EngineV1.log [as verifyAndPublish] (src/engine/v1/engine-v1.js:386:17)
          at async Promise.all (index 936)

  console.log
    [EngineV1] HCS published: 0.0.6255927@1772496013.927276286

      at EngineV1.log [as verifyAndPublish] (src/engine/v1/engine-v1.js:386:17)
          at async Promise.all (index 972)

  console.log
    [EngineV1] HCS published: 0.0.6255927@1772496009.506746706

      at EngineV1.log [as verifyAndPublish] (src/engine/v1/engine-v1.js:386:17)
          at async Promise.all (index 877)

  console.log
    [EngineV1] HCS published: 0.0.6255927@1772496012.627170534

      at EngineV1.log [as verifyAndPublish] (src/engine/v1/engine-v1.js:386:17)
          at async Promise.all (index 890)

  console.log
    [EngineV1] HCS published: 0.0.6255927@1772496010.855225437

      at EngineV1.log [as verifyAndPublish] (src/engine/v1/engine-v1.js:386:17)
          at async Promise.all (index 47)

  console.log
    [EngineV1] HCS published: 0.0.6255927@1772496009.394026160

      at EngineV1.log [as verifyAndPublish] (src/engine/v1/engine-v1.js:386:17)
          at async Promise.all (index 54)

  console.log
    [EngineV1] HCS published: 0.0.6255927@1772496011.561134193

      at EngineV1.log [as verifyAndPublish] (src/engine/v1/engine-v1.js:386:17)
          at async Promise.all (index 55)

  console.log
    [EngineV1] HCS published: 0.0.6255927@1772496011.624140888

      at EngineV1.log [as verifyAndPublish] (src/engine/v1/engine-v1.js:386:17)
          at async Promise.all (index 919)

  console.log
    [EngineV1] HCS published: 0.0.6255927@1772496010.384968224

      at EngineV1.log [as verifyAndPublish] (src/engine/v1/engine-v1.js:386:17)
          at async Promise.all (index 961)

  console.log
    [EngineV1] HCS published: 0.0.6255927@1772496012.660996518

      at EngineV1.log [as verifyAndPublish] (src/engine/v1/engine-v1.js:386:17)
          at async Promise.all (index 433)

  console.log
    [EngineV1] HCS published: 0.0.6255927@1772496008.615510427

      at EngineV1.log [as verifyAndPublish] (src/engine/v1/engine-v1.js:386:17)
          at async Promise.all (index 555)

  console.log
    [EngineV1] HCS published: 0.0.6255927@1772496011.750367168

      at EngineV1.log [as verifyAndPublish] (src/engine/v1/engine-v1.js:386:17)
          at async Promise.all (index 757)

  console.log
    [EngineV1] HCS published: 0.0.6255927@1772496013.348591935

      at EngineV1.log [as verifyAndPublish] (src/engine/v1/engine-v1.js:386:17)
          at async Promise.all (index 510)

  console.log
    [EngineV1] HCS published: 0.0.6255927@1772496009.512447406

      at EngineV1.log [as verifyAndPublish] (src/engine/v1/engine-v1.js:386:17)
          at async Promise.all (index 678)

  console.log
    [EngineV1] HCS published: 0.0.6255927@1772496009.344542024

      at EngineV1.log [as verifyAndPublish] (src/engine/v1/engine-v1.js:386:17)
          at async Promise.all (index 747)

  console.log
    [EngineV1] HCS published: 0.0.6255927@1772496009.458831293

      at EngineV1.log [as verifyAndPublish] (src/engine/v1/engine-v1.js:386:17)
          at async Promise.all (index 838)

  console.log
    [EngineV1] HCS published: 0.0.6255927@1772496012.049887346

      at EngineV1.log [as verifyAndPublish] (src/engine/v1/engine-v1.js:386:17)
          at async Promise.all (index 568)

  console.log
    [EngineV1] HCS published: 0.0.6255927@1772496013.059480660

      at EngineV1.log [as verifyAndPublish] (src/engine/v1/engine-v1.js:386:17)
          at async Promise.all (index 726)

  console.log
    [EngineV1] HCS published: 0.0.6255927@1772496011.405337707

      at EngineV1.log [as verifyAndPublish] (src/engine/v1/engine-v1.js:386:17)
          at async Promise.all (index 871)

  console.log
    [EngineV1] HCS published: 0.0.6255927@1772496011.288423302

      at EngineV1.log [as verifyAndPublish] (src/engine/v1/engine-v1.js:386:17)
          at async Promise.all (index 322)

  console.log
    [EngineV1] HCS published: 0.0.6255927@1772496009.751596686

      at EngineV1.log [as verifyAndPublish] (src/engine/v1/engine-v1.js:386:17)
          at async Promise.all (index 415)

  console.log
    [EngineV1] HCS published: 0.0.6255927@1772496008.878775752

      at EngineV1.log [as verifyAndPublish] (src/engine/v1/engine-v1.js:386:17)
          at async Promise.all (index 712)

  console.log
    [EngineV1] HCS published: 0.0.6255927@1772496012.634511715

      at EngineV1.log [as verifyAndPublish] (src/engine/v1/engine-v1.js:386:17)
          at async Promise.all (index 106)

  console.log
    [EngineV1] HCS published: 0.0.6255927@1772496008.904510365

      at EngineV1.log [as verifyAndPublish] (src/engine/v1/engine-v1.js:386:17)
          at async Promise.all (index 307)

  console.log
    [EngineV1] HCS published: 0.0.6255927@1772496009.914029671

      at EngineV1.log [as verifyAndPublish] (src/engine/v1/engine-v1.js:386:17)
          at async Promise.all (index 442)

  console.log
    [EngineV1] HCS published: 0.0.6255927@1772496013.801527181

      at EngineV1.log [as verifyAndPublish] (src/engine/v1/engine-v1.js:386:17)
          at async Promise.all (index 995)

  console.log
    [EngineV1] HCS published: 0.0.6255927@1772496008.673022083

      at EngineV1.log [as verifyAndPublish] (src/engine/v1/engine-v1.js:386:17)
          at async Promise.all (index 76)

  console.log
    [EngineV1] HCS published: 0.0.6255927@1772496008.787526308

      at EngineV1.log [as verifyAndPublish] (src/engine/v1/engine-v1.js:386:17)
          at async Promise.all (index 410)

  console.log
    [EngineV1] HCS published: 0.0.6255927@1772496010.041072651

      at EngineV1.log [as verifyAndPublish] (src/engine/v1/engine-v1.js:386:17)
          at async Promise.all (index 753)

  console.log
    [EngineV1] HCS published: 0.0.6255927@1772496013.105804830

      at EngineV1.log [as verifyAndPublish] (src/engine/v1/engine-v1.js:386:17)
          at async Promise.all (index 834)

  console.log
    [EngineV1] HCS published: 0.0.6255927@1772496012.195003515

      at EngineV1.log [as verifyAndPublish] (src/engine/v1/engine-v1.js:386:17)
          at async Promise.all (index 5)

  console.log
    [EngineV1] HCS published: 0.0.6255927@1772496010.272687242

      at EngineV1.log [as verifyAndPublish] (src/engine/v1/engine-v1.js:386:17)
          at async Promise.all (index 738)

  console.log
    [EngineV1] HCS published: 0.0.6255927@1772496010.337763514

      at EngineV1.log [as verifyAndPublish] (src/engine/v1/engine-v1.js:386:17)
          at async Promise.all (index 537)

  console.log
    [EngineV1] HCS published: 0.0.6255927@1772496012.630537416

      at EngineV1.log [as verifyAndPublish] (src/engine/v1/engine-v1.js:386:17)
          at async Promise.all (index 849)

  console.log
    [EngineV1] HCS published: 0.0.6255927@1772496011.594498042

      at EngineV1.log [as verifyAndPublish] (src/engine/v1/engine-v1.js:386:17)
          at async Promise.all (index 468)

  console.log
    [EngineV1] HCS published: 0.0.6255927@1772496011.807709229

      at EngineV1.log [as verifyAndPublish] (src/engine/v1/engine-v1.js:386:17)
          at async Promise.all (index 943)

  console.log
    [EngineV1] HCS published: 0.0.6255927@1772496008.491255929

      at EngineV1.log [as verifyAndPublish] (src/engine/v1/engine-v1.js:386:17)
          at async Promise.all (index 3)

  console.log
    [EngineV1] HCS published: 0.0.6255927@1772496012.131511701

      at EngineV1.log [as verifyAndPublish] (src/engine/v1/engine-v1.js:386:17)
          at async Promise.all (index 833)

  console.log
    [EngineV1] HCS published: 0.0.6255927@1772496010.150708627

      at EngineV1.log [as verifyAndPublish] (src/engine/v1/engine-v1.js:386:17)
          at async Promise.all (index 198)

  console.log
    [EngineV1] HCS published: 0.0.6255927@1772496011.276273379

      at EngineV1.log [as verifyAndPublish] (src/engine/v1/engine-v1.js:386:17)
          at async Promise.all (index 195)

  console.log
    [EngineV1] HCS published: 0.0.6255927@1772496008.815150422

      at EngineV1.log [as verifyAndPublish] (src/engine/v1/engine-v1.js:386:17)
          at async Promise.all (index 461)

  console.log
    [EngineV1] HCS published: 0.0.6255927@1772496010.755205776

      at EngineV1.log [as verifyAndPublish] (src/engine/v1/engine-v1.js:386:17)
          at async Promise.all (index 981)

  console.log
    [EngineV1] HCS published: 0.0.6255927@1772496009.523590181

      at EngineV1.log [as verifyAndPublish] (src/engine/v1/engine-v1.js:386:17)
          at async Promise.all (index 519)

  console.log
    [EngineV1] HCS published: 0.0.6255927@1772496012.025411630

      at EngineV1.log [as verifyAndPublish] (src/engine/v1/engine-v1.js:386:17)
          at async Promise.all (index 531)

  console.log
    [EngineV1] HCS published: 0.0.6255927@1772496012.072628700

      at EngineV1.log [as verifyAndPublish] (src/engine/v1/engine-v1.js:386:17)
          at async Promise.all (index 556)

  console.log
    [EngineV1] HCS published: 0.0.6255927@1772496010.648127244

      at EngineV1.log [as verifyAndPublish] (src/engine/v1/engine-v1.js:386:17)
          at async Promise.all (index 768)

  console.log
    [EngineV1] HCS published: 0.0.6255927@1772496010.843589561

      at EngineV1.log [as verifyAndPublish] (src/engine/v1/engine-v1.js:386:17)
          at async Promise.all (index 213)

  console.log
    [EngineV1] HCS published: 0.0.6255927@1772496009.407377970

      at EngineV1.log [as verifyAndPublish] (src/engine/v1/engine-v1.js:386:17)
          at async Promise.all (index 126)

  console.log
    [EngineV1] HCS published: 0.0.6255927@1772496009.266570477

      at EngineV1.log [as verifyAndPublish] (src/engine/v1/engine-v1.js:386:17)
          at async Promise.all (index 139)

  console.log
    [EngineV1] HCS published: 0.0.6255927@1772496009.272725856

      at EngineV1.log [as verifyAndPublish] (src/engine/v1/engine-v1.js:386:17)
          at async Promise.all (index 194)

  console.log
    [EngineV1] HCS published: 0.0.6255927@1772496011.832819191

      at EngineV1.log [as verifyAndPublish] (src/engine/v1/engine-v1.js:386:17)
          at async Promise.all (index 925)

  console.log
    [EngineV1] HCS published: 0.0.6255927@1772496008.135883207

      at EngineV1.log [as verifyAndPublish] (src/engine/v1/engine-v1.js:386:17)
          at async Promise.all (index 52)

  console.log
    [EngineV1] HCS published: 0.0.6255927@1772496010.996565235

      at EngineV1.log [as verifyAndPublish] (src/engine/v1/engine-v1.js:386:17)
          at async Promise.all (index 182)

  console.log
    [EngineV1] HCS published: 0.0.6255927@1772496013.018395411

      at EngineV1.log [as verifyAndPublish] (src/engine/v1/engine-v1.js:386:17)
          at async Promise.all (index 633)

  console.log
    [EngineV1] HCS published: 0.0.6255927@1772496012.809371998

      at EngineV1.log [as verifyAndPublish] (src/engine/v1/engine-v1.js:386:17)
          at async Promise.all (index 69)

  console.log
    [EngineV1] HCS published: 0.0.6255927@1772496008.342234564

      at EngineV1.log [as verifyAndPublish] (src/engine/v1/engine-v1.js:386:17)
          at async Promise.all (index 225)

  console.log
    [EngineV1] HCS published: 0.0.6255927@1772496012.572293908

      at EngineV1.log [as verifyAndPublish] (src/engine/v1/engine-v1.js:386:17)
          at async Promise.all (index 534)

  console.log
    [EngineV1] HCS published: 0.0.6255927@1772496010.989954117

      at EngineV1.log [as verifyAndPublish] (src/engine/v1/engine-v1.js:386:17)
          at async Promise.all (index 203)

  console.log
    [EngineV1] HCS published: 0.0.6255927@1772496010.271556359

      at EngineV1.log [as verifyAndPublish] (src/engine/v1/engine-v1.js:386:17)
          at async Promise.all (index 895)

  console.log
    [EngineV1] HCS published: 0.0.6255927@1772496012.505520750

      at EngineV1.log [as verifyAndPublish] (src/engine/v1/engine-v1.js:386:17)
          at async Promise.all (index 585)

  console.log
    [EngineV1] HCS published: 0.0.6255927@1772496012.093479295

      at EngineV1.log [as verifyAndPublish] (src/engine/v1/engine-v1.js:386:17)
          at async Promise.all (index 812)

  console.log
    [EngineV1] HCS published: 0.0.6255927@1772496009.211041356

      at EngineV1.log [as verifyAndPublish] (src/engine/v1/engine-v1.js:386:17)
          at async Promise.all (index 837)

  console.log
    [EngineV1] HCS published: 0.0.6255927@1772496009.034312253

      at EngineV1.log [as verifyAndPublish] (src/engine/v1/engine-v1.js:386:17)
          at async Promise.all (index 673)

  console.log
    [EngineV1] HCS published: 0.0.6255927@1772496011.860543240

      at EngineV1.log [as verifyAndPublish] (src/engine/v1/engine-v1.js:386:17)
          at async Promise.all (index 801)

  console.log
    [EngineV1] HCS published: 0.0.6255927@1772496010.134500080

      at EngineV1.log [as verifyAndPublish] (src/engine/v1/engine-v1.js:386:17)
          at async Promise.all (index 792)

  console.log
    [EngineV1] HCS published: 0.0.6255927@1772496012.302754613

      at EngineV1.log [as verifyAndPublish] (src/engine/v1/engine-v1.js:386:17)
          at async Promise.all (index 417)

  console.log
    [EngineV1] HCS published: 0.0.6255927@1772496012.355069871

      at EngineV1.log [as verifyAndPublish] (src/engine/v1/engine-v1.js:386:17)
          at async Promise.all (index 662)

  console.log
    [EngineV1] HCS published: 0.0.6255927@1772496011.448272919

      at EngineV1.log [as verifyAndPublish] (src/engine/v1/engine-v1.js:386:17)
          at async Promise.all (index 171)

  console.log
    [EngineV1] HCS published: 0.0.6255927@1772496012.015691534

      at EngineV1.log [as verifyAndPublish] (src/engine/v1/engine-v1.js:386:17)
          at async Promise.all (index 339)

  console.log
    [EngineV1] HCS published: 0.0.6255927@1772496010.935155672

      at EngineV1.log [as verifyAndPublish] (src/engine/v1/engine-v1.js:386:17)
          at async Promise.all (index 645)

  console.log
    [EngineV1] HCS published: 0.0.6255927@1772496008.983157990

      at EngineV1.log [as verifyAndPublish] (src/engine/v1/engine-v1.js:386:17)
          at async Promise.all (index 601)

  console.log
    [EngineV1] HCS published: 0.0.6255927@1772496011.816660648

      at EngineV1.log [as verifyAndPublish] (src/engine/v1/engine-v1.js:386:17)
          at async Promise.all (index 81)

  console.log
    [EngineV1] HCS published: 0.0.6255927@1772496009.721938224

      at EngineV1.log [as verifyAndPublish] (src/engine/v1/engine-v1.js:386:17)
          at async Promise.all (index 641)

  console.log
    [EngineV1] HCS published: 0.0.6255927@1772496010.713214373

      at EngineV1.log [as verifyAndPublish] (src/engine/v1/engine-v1.js:386:17)
          at async Promise.all (index 861)

  console.log
    [EngineV1] HCS published: 0.0.6255927@1772496008.943359378

      at EngineV1.log [as verifyAndPublish] (src/engine/v1/engine-v1.js:386:17)
          at async Promise.all (index 868)

  console.log
    [EngineV1] HCS published: 0.0.6255927@1772496012.211386965

      at EngineV1.log [as verifyAndPublish] (src/engine/v1/engine-v1.js:386:17)
          at async Promise.all (index 539)

  console.log
    [EngineV1] HCS published: 0.0.6255927@1772496011.770219383

      at EngineV1.log [as verifyAndPublish] (src/engine/v1/engine-v1.js:386:17)
          at async Promise.all (index 629)

  console.log
    [EngineV1] HCS published: 0.0.6255927@1772496011.573946456

      at EngineV1.log [as verifyAndPublish] (src/engine/v1/engine-v1.js:386:17)
          at async Promise.all (index 50)

  console.log
    [EngineV1] HCS published: 0.0.6255927@1772496012.753653518

      at EngineV1.log [as verifyAndPublish] (src/engine/v1/engine-v1.js:386:17)
          at async Promise.all (index 780)

  console.log
    [EngineV1] HCS published: 0.0.6255927@1772496010.096578868

      at EngineV1.log [as verifyAndPublish] (src/engine/v1/engine-v1.js:386:17)
          at async Promise.all (index 997)

  console.log
    [EngineV1] HCS published: 0.0.6255927@1772496009.403013456

      at EngineV1.log [as verifyAndPublish] (src/engine/v1/engine-v1.js:386:17)
          at async Promise.all (index 457)

  console.log
    [EngineV1] HCS published: 0.0.6255927@1772496013.045063668

      at EngineV1.log [as verifyAndPublish] (src/engine/v1/engine-v1.js:386:17)
          at async Promise.all (index 364)

  console.log
    [EngineV1] HCS published: 0.0.6255927@1772496010.010169105

      at EngineV1.log [as verifyAndPublish] (src/engine/v1/engine-v1.js:386:17)
          at async Promise.all (index 993)

  console.log
    [EngineV1] HCS published: 0.0.6255927@1772496010.686023578

      at EngineV1.log [as verifyAndPublish] (src/engine/v1/engine-v1.js:386:17)
          at async Promise.all (index 931)

  console.log
    [EngineV1] HCS published: 0.0.6255927@1772496013.533173805

      at EngineV1.log [as verifyAndPublish] (src/engine/v1/engine-v1.js:386:17)
          at async Promise.all (index 722)

  console.log
    [EngineV1] HCS published: 0.0.6255927@1772496009.282234046

      at EngineV1.log [as verifyAndPublish] (src/engine/v1/engine-v1.js:386:17)
          at async Promise.all (index 887)

  console.log
    [EngineV1] HCS published: 0.0.6255927@1772496013.660526577

      at EngineV1.log [as verifyAndPublish] (src/engine/v1/engine-v1.js:386:17)
          at async Promise.all (index 766)

  console.log
    [EngineV1] HCS published: 0.0.6255927@1772496011.289654150

      at EngineV1.log [as verifyAndPublish] (src/engine/v1/engine-v1.js:386:17)
          at async Promise.all (index 891)

  console.log
    [EngineV1] HCS published: 0.0.6255927@1772496009.019439520

      at EngineV1.log [as verifyAndPublish] (src/engine/v1/engine-v1.js:386:17)
          at async Promise.all (index 39)

  console.log
    [EngineV1] HCS published: 0.0.6255927@1772496012.383872781

      at EngineV1.log [as verifyAndPublish] (src/engine/v1/engine-v1.js:386:17)
          at async Promise.all (index 355)

  console.log
    [EngineV1] HCS published: 0.0.6255927@1772496012.892421811

      at EngineV1.log [as verifyAndPublish] (src/engine/v1/engine-v1.js:386:17)
          at async Promise.all (index 526)

  console.log
    [EngineV1] HCS published: 0.0.6255927@1772496009.638554418

      at EngineV1.log [as verifyAndPublish] (src/engine/v1/engine-v1.js:386:17)
          at async Promise.all (index 166)

  console.log
    [EngineV1] HCS published: 0.0.6255927@1772496012.518928458

      at EngineV1.log [as verifyAndPublish] (src/engine/v1/engine-v1.js:386:17)
          at async Promise.all (index 160)

  console.log
    [EngineV1] HCS published: 0.0.6255927@1772496010.663299782

      at EngineV1.log [as verifyAndPublish] (src/engine/v1/engine-v1.js:386:17)
          at async Promise.all (index 873)

  console.log
    [EngineV1] HCS published: 0.0.6255927@1772496010.247281380

      at EngineV1.log [as verifyAndPublish] (src/engine/v1/engine-v1.js:386:17)
          at async Promise.all (index 781)

  console.log
    [EngineV1] HCS published: 0.0.6255927@1772496010.268046764

      at EngineV1.log [as verifyAndPublish] (src/engine/v1/engine-v1.js:386:17)
          at async Promise.all (index 914)

  console.log
    [EngineV1] HCS published: 0.0.6255927@1772496012.766757216

      at EngineV1.log [as verifyAndPublish] (src/engine/v1/engine-v1.js:386:17)
          at async Promise.all (index 923)

  console.log
    [EngineV1] HCS published: 0.0.6255927@1772496012.293411982

      at EngineV1.log [as verifyAndPublish] (src/engine/v1/engine-v1.js:386:17)
          at async Promise.all (index 83)

  console.log
    [EngineV1] HCS published: 0.0.6255927@1772496009.671570213

      at EngineV1.log [as verifyAndPublish] (src/engine/v1/engine-v1.js:386:17)
          at async Promise.all (index 89)

  console.log
    [EngineV1] HCS published: 0.0.6255927@1772496011.738050986

      at EngineV1.log [as verifyAndPublish] (src/engine/v1/engine-v1.js:386:17)
          at async Promise.all (index 439)

  console.log
    [EngineV1] HCS published: 0.0.6255927@1772496012.682185887

      at EngineV1.log [as verifyAndPublish] (src/engine/v1/engine-v1.js:386:17)
          at async Promise.all (index 732)

  console.log
    [EngineV1] HCS published: 0.0.6255927@1772496009.868542957

      at EngineV1.log [as verifyAndPublish] (src/engine/v1/engine-v1.js:386:17)
          at async Promise.all (index 140)

  console.log
    [EngineV1] HCS published: 0.0.6255927@1772496008.712415250

      at EngineV1.log [as verifyAndPublish] (src/engine/v1/engine-v1.js:386:17)
          at async Promise.all (index 241)

  console.log
    [EngineV1] HCS published: 0.0.6255927@1772496012.016063839

      at EngineV1.log [as verifyAndPublish] (src/engine/v1/engine-v1.js:386:17)
          at async Promise.all (index 92)

  console.log
    [EngineV1] HCS published: 0.0.6255927@1772496009.159688679

      at EngineV1.log [as verifyAndPublish] (src/engine/v1/engine-v1.js:386:17)
          at async Promise.all (index 517)

  console.log
    [EngineV1] HCS published: 0.0.6255927@1772496008.955858581

      at EngineV1.log [as verifyAndPublish] (src/engine/v1/engine-v1.js:386:17)
          at async Promise.all (index 789)

  console.log
    [EngineV1] HCS published: 0.0.6255927@1772496010.566916407

      at EngineV1.log [as verifyAndPublish] (src/engine/v1/engine-v1.js:386:17)
          at async Promise.all (index 335)

  console.log
    [EngineV1] HCS published: 0.0.6255927@1772496011.812271696

      at EngineV1.log [as verifyAndPublish] (src/engine/v1/engine-v1.js:386:17)
          at async Promise.all (index 107)

  console.log
    [EngineV1] HCS published: 0.0.6255927@1772496008.761797648

      at EngineV1.log [as verifyAndPublish] (src/engine/v1/engine-v1.js:386:17)
          at async Promise.all (index 564)

  console.log
    [EngineV1] HCS published: 0.0.6255927@1772496010.207952974

      at EngineV1.log [as verifyAndPublish] (src/engine/v1/engine-v1.js:386:17)
          at async Promise.all (index 939)

  console.log
    [EngineV1] HCS published: 0.0.6255927@1772496012.252861536

      at EngineV1.log [as verifyAndPublish] (src/engine/v1/engine-v1.js:386:17)
          at async Promise.all (index 816)

  console.log
    [EngineV1] HCS published: 0.0.6255927@1772496010.574189690

      at EngineV1.log [as verifyAndPublish] (src/engine/v1/engine-v1.js:386:17)
          at async Promise.all (index 982)

  console.log
    [EngineV1] HCS published: 0.0.6255927@1772496013.610750808

      at EngineV1.log [as verifyAndPublish] (src/engine/v1/engine-v1.js:386:17)
          at async Promise.all (index 653)

  console.log
    [EngineV1] HCS published: 0.0.6255927@1772496008.364264205

      at EngineV1.log [as verifyAndPublish] (src/engine/v1/engine-v1.js:386:17)
          at async Promise.all (index 62)

  console.log
    [EngineV1] HCS published: 0.0.6255927@1772496009.455414453

      at EngineV1.log [as verifyAndPublish] (src/engine/v1/engine-v1.js:386:17)
          at async Promise.all (index 155)

  console.log
    [EngineV1] HCS published: 0.0.6255927@1772496012.202379674

      at EngineV1.log [as verifyAndPublish] (src/engine/v1/engine-v1.js:386:17)
          at async Promise.all (index 311)

  console.log
    [EngineV1] HCS published: 0.0.6255927@1772496011.846453155

      at EngineV1.log [as verifyAndPublish] (src/engine/v1/engine-v1.js:386:17)
          at async Promise.all (index 806)

  console.log
    [EngineV1] HCS published: 0.0.6255927@1772496009.512977508

      at EngineV1.log [as verifyAndPublish] (src/engine/v1/engine-v1.js:386:17)
          at async Promise.all (index 396)

  console.log
    [EngineV1] HCS published: 0.0.6255927@1772496013.071546645

      at EngineV1.log [as verifyAndPublish] (src/engine/v1/engine-v1.js:386:17)
          at async Promise.all (index 421)

  console.log
    [EngineV1] HCS published: 0.0.6255927@1772496010.003857877

      at EngineV1.log [as verifyAndPublish] (src/engine/v1/engine-v1.js:386:17)
          at async Promise.all (index 848)

  console.log
    [EngineV1] HCS published: 0.0.6255927@1772496011.315565598

      at EngineV1.log [as verifyAndPublish] (src/engine/v1/engine-v1.js:386:17)
          at async Promise.all (index 150)

  console.log
    [EngineV1] HCS published: 0.0.6255927@1772496009.390177792

      at EngineV1.log [as verifyAndPublish] (src/engine/v1/engine-v1.js:386:17)
          at async Promise.all (index 260)

  console.log
    [EngineV1] HCS published: 0.0.6255927@1772496010.202964651

      at EngineV1.log [as verifyAndPublish] (src/engine/v1/engine-v1.js:386:17)
          at async Promise.all (index 405)

  console.log
    [EngineV1] HCS published: 0.0.6255927@1772496010.872154785

      at EngineV1.log [as verifyAndPublish] (src/engine/v1/engine-v1.js:386:17)
          at async Promise.all (index 376)

  console.log
    [EngineV1] HCS published: 0.0.6255927@1772496013.533081176

      at EngineV1.log [as verifyAndPublish] (src/engine/v1/engine-v1.js:386:17)
          at async Promise.all (index 634)

  console.log
    [EngineV1] HCS published: 0.0.6255927@1772496010.462444666

      at EngineV1.log [as verifyAndPublish] (src/engine/v1/engine-v1.js:386:17)
          at async Promise.all (index 178)

  console.log
    [EngineV1] HCS published: 0.0.6255927@1772496011.019852014

      at EngineV1.log [as verifyAndPublish] (src/engine/v1/engine-v1.js:386:17)
          at async Promise.all (index 167)

  console.log
    [EngineV1] HCS published: 0.0.6255927@1772496012.230079215

      at EngineV1.log [as verifyAndPublish] (src/engine/v1/engine-v1.js:386:17)
          at async Promise.all (index 618)

  console.log
    [EngineV1] HCS published: 0.0.6255927@1772496008.941523472

      at EngineV1.log [as verifyAndPublish] (src/engine/v1/engine-v1.js:386:17)
          at async Promise.all (index 809)

  console.log
    [EngineV1] HCS published: 0.0.6255927@1772496008.863676066

      at EngineV1.log [as verifyAndPublish] (src/engine/v1/engine-v1.js:386:17)
          at async Promise.all (index 345)

  console.log
    [EngineV1] HCS published: 0.0.6255927@1772496010.760221969

      at EngineV1.log [as verifyAndPublish] (src/engine/v1/engine-v1.js:386:17)
          at async Promise.all (index 93)

  console.log
    [EngineV1] HCS published: 0.0.6255927@1772496011.685824541

      at EngineV1.log [as verifyAndPublish] (src/engine/v1/engine-v1.js:386:17)
          at async Promise.all (index 105)

  console.log
    [EngineV1] HCS published: 0.0.6255927@1772496009.543054302

      at EngineV1.log [as verifyAndPublish] (src/engine/v1/engine-v1.js:386:17)
          at async Promise.all (index 164)

  console.log
    [EngineV1] HCS published: 0.0.6255927@1772496011.489087847

      at EngineV1.log [as verifyAndPublish] (src/engine/v1/engine-v1.js:386:17)
          at async Promise.all (index 169)

  console.log
    [EngineV1] HCS published: 0.0.6255927@1772496009.306304748

      at EngineV1.log [as verifyAndPublish] (src/engine/v1/engine-v1.js:386:17)
          at async Promise.all (index 407)

  console.log
    [EngineV1] HCS published: 0.0.6255927@1772496010.437097629

      at EngineV1.log [as verifyAndPublish] (src/engine/v1/engine-v1.js:386:17)
          at async Promise.all (index 470)

  console.log
    [EngineV1] HCS published: 0.0.6255927@1772496010.758748440

      at EngineV1.log [as verifyAndPublish] (src/engine/v1/engine-v1.js:386:17)
          at async Promise.all (index 540)

  console.log
    [EngineV1] HCS published: 0.0.6255927@1772496011.181671543

      at EngineV1.log [as verifyAndPublish] (src/engine/v1/engine-v1.js:386:17)
          at async Promise.all (index 740)

  console.log
    [EngineV1] HCS published: 0.0.6255927@1772496010.228312975

      at EngineV1.log [as verifyAndPublish] (src/engine/v1/engine-v1.js:386:17)
          at async Promise.all (index 759)

  console.log
    [EngineV1] HCS published: 0.0.6255927@1772496011.876413747

      at EngineV1.log [as verifyAndPublish] (src/engine/v1/engine-v1.js:386:17)
          at async Promise.all (index 74)

  console.log
    [EngineV1] HCS published: 0.0.6255927@1772496011.911848821

      at EngineV1.log [as verifyAndPublish] (src/engine/v1/engine-v1.js:386:17)
          at async Promise.all (index 211)

  console.log
    [EngineV1] HCS published: 0.0.6255927@1772496008.667014513

      at EngineV1.log [as verifyAndPublish] (src/engine/v1/engine-v1.js:386:17)
          at async Promise.all (index 254)

  console.log
    [EngineV1] HCS published: 0.0.6255927@1772496009.236011023

      at EngineV1.log [as verifyAndPublish] (src/engine/v1/engine-v1.js:386:17)
          at async Promise.all (index 361)

  console.log
    [EngineV1] HCS published: 0.0.6255927@1772496011.305399970

      at EngineV1.log [as verifyAndPublish] (src/engine/v1/engine-v1.js:386:17)
          at async Promise.all (index 487)

  console.log
    [EngineV1] HCS published: 0.0.6255927@1772496011.930501198

      at EngineV1.log [as verifyAndPublish] (src/engine/v1/engine-v1.js:386:17)
          at async Promise.all (index 559)

  console.log
    [EngineV1] HCS published: 0.0.6255927@1772496012.800748541

      at EngineV1.log [as verifyAndPublish] (src/engine/v1/engine-v1.js:386:17)
          at async Promise.all (index 597)

  console.log
    [EngineV1] HCS published: 0.0.6255927@1772496013.557187774

      at EngineV1.log [as verifyAndPublish] (src/engine/v1/engine-v1.js:386:17)
          at async Promise.all (index 777)

  console.log
    [EngineV1] HCS published: 0.0.6255927@1772496010.953837528

      at EngineV1.log [as verifyAndPublish] (src/engine/v1/engine-v1.js:386:17)
          at async Promise.all (index 495)

  console.log
    [EngineV1] HCS published: 0.0.6255927@1772496012.198415540

      at EngineV1.log [as verifyAndPublish] (src/engine/v1/engine-v1.js:386:17)
          at async Promise.all (index 649)

  console.log
    [EngineV1] HCS published: 0.0.6255927@1772496009.345757853

      at EngineV1.log [as verifyAndPublish] (src/engine/v1/engine-v1.js:386:17)
          at async Promise.all (index 617)

  console.log
    [EngineV1] HCS published: 0.0.6255927@1772496009.344032547

      at EngineV1.log [as verifyAndPublish] (src/engine/v1/engine-v1.js:386:17)
          at async Promise.all (index 65)

  console.log
    [EngineV1] HCS published: 0.0.6255927@1772496013.146936475

      at EngineV1.log [as verifyAndPublish] (src/engine/v1/engine-v1.js:386:17)
          at async Promise.all (index 212)

  console.log
    [EngineV1] HCS published: 0.0.6255927@1772496010.478650581

      at EngineV1.log [as verifyAndPublish] (src/engine/v1/engine-v1.js:386:17)
          at async Promise.all (index 611)

  console.log
    [EngineV1] HCS published: 0.0.6255927@1772496010.339149227

      at EngineV1.log [as verifyAndPublish] (src/engine/v1/engine-v1.js:386:17)
          at async Promise.all (index 966)

  console.log
    [EngineV1] HCS published: 0.0.6255927@1772496010.240398468

      at EngineV1.log [as verifyAndPublish] (src/engine/v1/engine-v1.js:386:17)
          at async Promise.all (index 132)

  console.log
    [EngineV1] HCS published: 0.0.6255927@1772496011.376406958

      at EngineV1.log [as verifyAndPublish] (src/engine/v1/engine-v1.js:386:17)
          at async Promise.all (index 354)

  console.log
    [EngineV1] HCS published: 0.0.6255927@1772496009.547043424

      at EngineV1.log [as verifyAndPublish] (src/engine/v1/engine-v1.js:386:17)
          at async Promise.all (index 367)

  console.log
    [EngineV1] HCS published: 0.0.6255927@1772496013.357791581

      at EngineV1.log [as verifyAndPublish] (src/engine/v1/engine-v1.js:386:17)
          at async Promise.all (index 401)

  console.log
    [EngineV1] HCS published: 0.0.6255927@1772496011.203379295

      at EngineV1.log [as verifyAndPublish] (src/engine/v1/engine-v1.js:386:17)
          at async Promise.all (index 33)

  console.log
    [EngineV1] HCS published: 0.0.6255927@1772496010.304258847

      at EngineV1.log [as verifyAndPublish] (src/engine/v1/engine-v1.js:386:17)
          at async Promise.all (index 99)

  console.log
    [EngineV1] HCS published: 0.0.6255927@1772496011.155696446

      at EngineV1.log [as verifyAndPublish] (src/engine/v1/engine-v1.js:386:17)
          at async Promise.all (index 123)

  console.log
    [EngineV1] HCS published: 0.0.6255927@1772496011.276107983

      at EngineV1.log [as verifyAndPublish] (src/engine/v1/engine-v1.js:386:17)
          at async Promise.all (index 408)

  console.log
    [EngineV1] HCS published: 0.0.6255927@1772496012.671149168

      at EngineV1.log [as verifyAndPublish] (src/engine/v1/engine-v1.js:386:17)
          at async Promise.all (index 650)

  console.log
    [EngineV1] HCS published: 0.0.6255927@1772496008.815790590

      at EngineV1.log [as verifyAndPublish] (src/engine/v1/engine-v1.js:386:17)
          at async Promise.all (index 779)

  console.log
    [EngineV1] HCS published: 0.0.6255927@1772496009.747564777

      at EngineV1.log [as verifyAndPublish] (src/engine/v1/engine-v1.js:386:17)
          at async Promise.all (index 96)

  console.log
    [EngineV1] HCS published: 0.0.6255927@1772496011.429365392

      at EngineV1.log [as verifyAndPublish] (src/engine/v1/engine-v1.js:386:17)
          at async Promise.all (index 492)

  console.log
    [EngineV1] HCS published: 0.0.6255927@1772496013.523500632

      at EngineV1.log [as verifyAndPublish] (src/engine/v1/engine-v1.js:386:17)
          at async Promise.all (index 988)

  console.log
    [EngineV1] HCS published: 0.0.6255927@1772496012.554803982

      at EngineV1.log [as verifyAndPublish] (src/engine/v1/engine-v1.js:386:17)
          at async Promise.all (index 148)

  console.log
    [EngineV1] HCS published: 0.0.6255927@1772496008.824292229

      at EngineV1.log [as verifyAndPublish] (src/engine/v1/engine-v1.js:386:17)
          at async Promise.all (index 219)

  console.log
    [EngineV1] HCS published: 0.0.6255927@1772496011.456329279

      at EngineV1.log [as verifyAndPublish] (src/engine/v1/engine-v1.js:386:17)
          at async Promise.all (index 359)

  console.log
    [EngineV1] HCS published: 0.0.6255927@1772496010.707125319

      at EngineV1.log [as verifyAndPublish] (src/engine/v1/engine-v1.js:386:17)
          at async Promise.all (index 30)

  console.log
    [EngineV1] HCS published: 0.0.6255927@1772496012.092783775

      at EngineV1.log [as verifyAndPublish] (src/engine/v1/engine-v1.js:386:17)
          at async Promise.all (index 72)

  console.log
    [EngineV1] HCS published: 0.0.6255927@1772496009.041570817

      at EngineV1.log [as verifyAndPublish] (src/engine/v1/engine-v1.js:386:17)
          at async Promise.all (index 326)

  console.log
    [EngineV1] HCS published: 0.0.6255927@1772496012.838704090

      at EngineV1.log [as verifyAndPublish] (src/engine/v1/engine-v1.js:386:17)
          at async Promise.all (index 797)

  console.log
    [EngineV1] HCS published: 0.0.6255927@1772496012.254706568

      at EngineV1.log [as verifyAndPublish] (src/engine/v1/engine-v1.js:386:17)
          at async Promise.all (index 983)

  console.log
    [EngineV1] HCS published: 0.0.6255927@1772496013.096186170

      at EngineV1.log [as verifyAndPublish] (src/engine/v1/engine-v1.js:386:17)
          at async Promise.all (index 180)

  console.log
    [EngineV1] HCS published: 0.0.6255927@1772496012.654591444

      at EngineV1.log [as verifyAndPublish] (src/engine/v1/engine-v1.js:386:17)
          at async Promise.all (index 304)

  console.log
    [EngineV1] HCS published: 0.0.6255927@1772496009.062798613

      at EngineV1.log [as verifyAndPublish] (src/engine/v1/engine-v1.js:386:17)
          at async Promise.all (index 109)

  console.log
    [EngineV1] HCS published: 0.0.6255927@1772496009.293746024

      at EngineV1.log [as verifyAndPublish] (src/engine/v1/engine-v1.js:386:17)
          at async Promise.all (index 435)

  console.log
    [EngineV1] HCS published: 0.0.6255927@1772496009.017724627

      at EngineV1.log [as verifyAndPublish] (src/engine/v1/engine-v1.js:386:17)
          at async Promise.all (index 365)

  console.log
    [EngineV1] HCS published: 0.0.6255927@1772496013.237325528

      at EngineV1.log [as verifyAndPublish] (src/engine/v1/engine-v1.js:386:17)
          at async Promise.all (index 620)

  console.log
    [EngineV1] HCS published: 0.0.6255927@1772496009.644190586

      at EngineV1.log [as verifyAndPublish] (src/engine/v1/engine-v1.js:386:17)
          at async Promise.all (index 63)

  console.log
    [EngineV1] HCS published: 0.0.6255927@1772496011.467112277

      at EngineV1.log [as verifyAndPublish] (src/engine/v1/engine-v1.js:386:17)
          at async Promise.all (index 393)

  console.log
    [EngineV1] HCS published: 0.0.6255927@1772496012.294583052

      at EngineV1.log [as verifyAndPublish] (src/engine/v1/engine-v1.js:386:17)
          at async Promise.all (index 409)

  console.log
    [EngineV1] HCS published: 0.0.6255927@1772496010.967612135

      at EngineV1.log [as verifyAndPublish] (src/engine/v1/engine-v1.js:386:17)
          at async Promise.all (index 857)

  console.log
    [EngineV1] HCS published: 0.0.6255927@1772496012.238304794

      at EngineV1.log [as verifyAndPublish] (src/engine/v1/engine-v1.js:386:17)
          at async Promise.all (index 582)

  console.log
    [EngineV1] HCS published: 0.0.6255927@1772496010.258409093

      at EngineV1.log [as verifyAndPublish] (src/engine/v1/engine-v1.js:386:17)
          at async Promise.all (index 707)

  console.log
    [EngineV1] HCS published: 0.0.6255927@1772496009.107779914

      at EngineV1.log [as verifyAndPublish] (src/engine/v1/engine-v1.js:386:17)
          at async Promise.all (index 711)

  console.log
    [EngineV1] HCS published: 0.0.6255927@1772496010.599660789

      at EngineV1.log [as verifyAndPublish] (src/engine/v1/engine-v1.js:386:17)
          at async Promise.all (index 336)

  console.log
    [EngineV1] HCS published: 0.0.6255927@1772496011.280587297

      at EngineV1.log [as verifyAndPublish] (src/engine/v1/engine-v1.js:386:17)
          at async Promise.all (index 788)

  console.log
    [EngineV1] HCS published: 0.0.6255927@1772496011.945979407

      at EngineV1.log [as verifyAndPublish] (src/engine/v1/engine-v1.js:386:17)
          at async Promise.all (index 904)

  console.log
    [EngineV1] HCS published: 0.0.6255927@1772496012.468697663

      at EngineV1.log [as verifyAndPublish] (src/engine/v1/engine-v1.js:386:17)
          at async Promise.all (index 145)

  console.log
    [EngineV1] HCS published: 0.0.6255927@1772496008.612286801

      at EngineV1.log [as verifyAndPublish] (src/engine/v1/engine-v1.js:386:17)
          at async Promise.all (index 270)

  console.log
    [EngineV1] HCS published: 0.0.6255927@1772496008.822699349

      at EngineV1.log [as verifyAndPublish] (src/engine/v1/engine-v1.js:386:17)
          at async Promise.all (index 708)

  console.log
    [EngineV1] HCS published: 0.0.6255927@1772496009.846322026

      at EngineV1.log [as verifyAndPublish] (src/engine/v1/engine-v1.js:386:17)
          at async Promise.all (index 223)

  console.log
    [EngineV1] HCS published: 0.0.6255927@1772496011.826692482

      at EngineV1.log [as verifyAndPublish] (src/engine/v1/engine-v1.js:386:17)
          at async Promise.all (index 479)

  console.log
    [EngineV1] HCS published: 0.0.6255927@1772496009.664394706

      at EngineV1.log [as verifyAndPublish] (src/engine/v1/engine-v1.js:386:17)
          at async Promise.all (index 584)

  console.log
    [EngineV1] HCS published: 0.0.6255927@1772496010.905278318

      at EngineV1.log [as verifyAndPublish] (src/engine/v1/engine-v1.js:386:17)
          at async Promise.all (index 783)

  console.log
    [EngineV1] HCS published: 0.0.6255927@1772496012.683722957

      at EngineV1.log [as verifyAndPublish] (src/engine/v1/engine-v1.js:386:17)
          at async Promise.all (index 878)

  console.log
    [EngineV1] HCS published: 0.0.6255927@1772496012.658648010

      at EngineV1.log [as verifyAndPublish] (src/engine/v1/engine-v1.js:386:17)
          at async Promise.all (index 937)

  console.log
    [EngineV1] HCS published: 0.0.6255927@1772496011.057394163

      at EngineV1.log [as verifyAndPublish] (src/engine/v1/engine-v1.js:386:17)
          at async Promise.all (index 379)

  console.log
    [EngineV1] HCS published: 0.0.6255927@1772496008.691129964

      at EngineV1.log [as verifyAndPublish] (src/engine/v1/engine-v1.js:386:17)
          at async Promise.all (index 9)

  console.log
    [EngineV1] HCS published: 0.0.6255927@1772496012.050102393

      at EngineV1.log [as verifyAndPublish] (src/engine/v1/engine-v1.js:386:17)
          at async Promise.all (index 290)

  console.log
    [EngineV1] HCS published: 0.0.6255927@1772496011.108041353

      at EngineV1.log [as verifyAndPublish] (src/engine/v1/engine-v1.js:386:17)
          at async Promise.all (index 552)

  console.log
    [EngineV1] HCS published: 0.0.6255927@1772496009.046538371

      at EngineV1.log [as verifyAndPublish] (src/engine/v1/engine-v1.js:386:17)
          at async Promise.all (index 143)

  console.log
    [EngineV1] HCS published: 0.0.6255927@1772496008.536728064

      at EngineV1.log [as verifyAndPublish] (src/engine/v1/engine-v1.js:386:17)
          at async Promise.all (index 380)

  console.log
    [EngineV1] HCS published: 0.0.6255927@1772496010.444512354

      at EngineV1.log [as verifyAndPublish] (src/engine/v1/engine-v1.js:386:17)
          at async Promise.all (index 165)

  console.log
    [EngineV1] HCS published: 0.0.6255927@1772496008.579236121

      at EngineV1.log [as verifyAndPublish] (src/engine/v1/engine-v1.js:386:17)
          at async Promise.all (index 215)

  console.log
    [EngineV1] HCS published: 0.0.6255927@1772496012.050557028

      at EngineV1.log [as verifyAndPublish] (src/engine/v1/engine-v1.js:386:17)
          at async Promise.all (index 253)

  console.log
    [EngineV1] HCS published: 0.0.6255927@1772496009.059396571

      at EngineV1.log [as verifyAndPublish] (src/engine/v1/engine-v1.js:386:17)
          at async Promise.all (index 658)

  console.log
    [EngineV1] HCS published: 0.0.6255927@1772496008.832001806

      at EngineV1.log [as verifyAndPublish] (src/engine/v1/engine-v1.js:386:17)
          at async Promise.all (index 15)

  console.log
    [EngineV1] HCS published: 0.0.6255927@1772496013.558851343

      at EngineV1.log [as verifyAndPublish] (src/engine/v1/engine-v1.js:386:17)
          at async Promise.all (index 744)

  console.log
    [EngineV1] HCS published: 0.0.6255927@1772496010.528114525

      at EngineV1.log [as verifyAndPublish] (src/engine/v1/engine-v1.js:386:17)
          at async Promise.all (index 259)

  console.log
    [EngineV1] HCS published: 0.0.6255927@1772496011.641031792

      at EngineV1.log [as verifyAndPublish] (src/engine/v1/engine-v1.js:386:17)
          at async Promise.all (index 469)

  console.log
    [EngineV1] HCS published: 0.0.6255927@1772496010.163147617

      at EngineV1.log [as verifyAndPublish] (src/engine/v1/engine-v1.js:386:17)
          at async Promise.all (index 724)

  console.log
    [EngineV1] HCS published: 0.0.6255927@1772496011.202333205

      at EngineV1.log [as verifyAndPublish] (src/engine/v1/engine-v1.js:386:17)
          at async Promise.all (index 7)

  console.log
    [EngineV1] HCS published: 0.0.6255927@1772496009.219822557

      at EngineV1.log [as verifyAndPublish] (src/engine/v1/engine-v1.js:386:17)
          at async Promise.all (index 327)

  console.log
    [EngineV1] HCS published: 0.0.6255927@1772496011.098962741

      at EngineV1.log [as verifyAndPublish] (src/engine/v1/engine-v1.js:386:17)
          at async Promise.all (index 27)

  console.log
    [EngineV1] HCS published: 0.0.6255927@1772496008.213886009

      at EngineV1.log [as verifyAndPublish] (src/engine/v1/engine-v1.js:386:17)
          at async Promise.all (index 43)

  console.log
    [EngineV1] HCS published: 0.0.6255927@1772496012.046353585

      at EngineV1.log [as verifyAndPublish] (src/engine/v1/engine-v1.js:386:17)
          at async Promise.all (index 34)

  console.log
    [EngineV1] HCS published: 0.0.6255927@1772496012.210217296

      at EngineV1.log [as verifyAndPublish] (src/engine/v1/engine-v1.js:386:17)
          at async Promise.all (index 382)

  console.log
    [EngineV1] HCS published: 0.0.6255927@1772496008.835101259

      at EngineV1.log [as verifyAndPublish] (src/engine/v1/engine-v1.js:386:17)
          at async Promise.all (index 577)

  console.log
    [EngineV1] HCS published: 0.0.6255927@1772496009.822174837

      at EngineV1.log [as verifyAndPublish] (src/engine/v1/engine-v1.js:386:17)
          at async Promise.all (index 344)

  console.log
    [EngineV1] HCS published: 0.0.6255927@1772496009.176387052

      at EngineV1.log [as verifyAndPublish] (src/engine/v1/engine-v1.js:386:17)
          at async Promise.all (index 414)

  console.log
    [EngineV1] HCS published: 0.0.6255927@1772496008.763481137

      at EngineV1.log [as verifyAndPublish] (src/engine/v1/engine-v1.js:386:17)
          at async Promise.all (index 427)

  console.log
    [EngineV1] HCS published: 0.0.6255927@1772496012.314448746

      at EngineV1.log [as verifyAndPublish] (src/engine/v1/engine-v1.js:386:17)
          at async Promise.all (index 229)

  console.log
    [EngineV1] HCS published: 0.0.6255927@1772496010.252767658

      at EngineV1.log [as verifyAndPublish] (src/engine/v1/engine-v1.js:386:17)
          at async Promise.all (index 560)

  console.log
    [EngineV1] HCS published: 0.0.6255927@1772496010.093970591

      at EngineV1.log [as verifyAndPublish] (src/engine/v1/engine-v1.js:386:17)
          at async Promise.all (index 603)

  console.log
    [EngineV1] HCS published: 0.0.6255927@1772496011.084923238

      at EngineV1.log [as verifyAndPublish] (src/engine/v1/engine-v1.js:386:17)
          at async Promise.all (index 554)

  console.log
    [EngineV1] HCS published: 0.0.6255927@1772496012.867067502

      at EngineV1.log [as verifyAndPublish] (src/engine/v1/engine-v1.js:386:17)
          at async Promise.all (index 758)

  console.log
    [EngineV1] HCS published: 0.0.6255927@1772496010.789850011

      at EngineV1.log [as verifyAndPublish] (src/engine/v1/engine-v1.js:386:17)
          at async Promise.all (index 955)

  console.log
    [EngineV1] HCS published: 0.0.6255927@1772496010.380226600

      at EngineV1.log [as verifyAndPublish] (src/engine/v1/engine-v1.js:386:17)
          at async Promise.all (index 892)

  console.log
    [EngineV1] HCS published: 0.0.6255927@1772496008.124460852

      at EngineV1.log [as verifyAndPublish] (src/engine/v1/engine-v1.js:386:17)
          at async Promise.all (index 73)

  console.log
    [EngineV1] HCS published: 0.0.6255927@1772496010.941775222

      at EngineV1.log [as verifyAndPublish] (src/engine/v1/engine-v1.js:386:17)
          at async Promise.all (index 266)

  console.log
    [EngineV1] HCS published: 0.0.6255927@1772496012.218025396

      at EngineV1.log [as verifyAndPublish] (src/engine/v1/engine-v1.js:386:17)
          at async Promise.all (index 986)

  console.log
    [EngineV1] HCS published: 0.0.6255927@1772496013.906528631

      at EngineV1.log [as verifyAndPublish] (src/engine/v1/engine-v1.js:386:17)
          at async Promise.all (index 999)

  console.log
    [EngineV1] HCS published: 0.0.6255927@1772496009.972311295

      at EngineV1.log [as verifyAndPublish] (src/engine/v1/engine-v1.js:386:17)
          at async Promise.all (index 947)

  console.log
    [EngineV1] HCS published: 0.0.6255927@1772496008.844757621

      at EngineV1.log [as verifyAndPublish] (src/engine/v1/engine-v1.js:386:17)
          at async Promise.all (index 14)

  console.log
    [EngineV1] HCS published: 0.0.6255927@1772496011.897443916

      at EngineV1.log [as verifyAndPublish] (src/engine/v1/engine-v1.js:386:17)
          at async Promise.all (index 897)

  console.log
    [EngineV1] HCS published: 0.0.6255927@1772496010.707405625

      at EngineV1.log [as verifyAndPublish] (src/engine/v1/engine-v1.js:386:17)
          at async Promise.all (index 893)

  console.log
    [EngineV1] HCS published: 0.0.6255927@1772496010.329529202

      at EngineV1.log [as verifyAndPublish] (src/engine/v1/engine-v1.js:386:17)
          at async Promise.all (index 735)

  console.log
    [EngineV1] HCS published: 0.0.6255927@1772496013.022594368

      at EngineV1.log [as verifyAndPublish] (src/engine/v1/engine-v1.js:386:17)
          at async Promise.all (index 862)

  console.log
    [EngineV1] HCS published: 0.0.6255927@1772496012.898661658

      at EngineV1.log [as verifyAndPublish] (src/engine/v1/engine-v1.js:386:17)
          at async Promise.all (index 990)

  console.log
    [EngineV1] HCS published: 0.0.6255927@1772496011.955549323

      at EngineV1.log [as verifyAndPublish] (src/engine/v1/engine-v1.js:386:17)
          at async Promise.all (index 774)

  console.log
    [EngineV1] HCS published: 0.0.6255927@1772496010.357007296

      at EngineV1.log [as verifyAndPublish] (src/engine/v1/engine-v1.js:386:17)
          at async Promise.all (index 813)

  console.log
    [EngineV1] HCS published: 0.0.6255927@1772496011.407540907

      at EngineV1.log [as verifyAndPublish] (src/engine/v1/engine-v1.js:386:17)
          at async Promise.all (index 899)

  console.log
    [EngineV1] HCS published: 0.0.6255927@1772496011.790955132

      at EngineV1.log [as verifyAndPublish] (src/engine/v1/engine-v1.js:386:17)
          at async Promise.all (index 785)

  console.log
    [EngineV1] HCS published: 0.0.6255927@1772496011.998350185

      at EngineV1.log [as verifyAndPublish] (src/engine/v1/engine-v1.js:386:17)
          at async Promise.all (index 883)

  console.log
    [EngineV1] HCS published: 0.0.6255927@1772496012.767108883

      at EngineV1.log [as verifyAndPublish] (src/engine/v1/engine-v1.js:386:17)
          at async Promise.all (index 756)

  console.log
    [EngineV1] HCS published: 0.0.6255927@1772496010.718383306

      at EngineV1.log [as verifyAndPublish] (src/engine/v1/engine-v1.js:386:17)
          at async Promise.all (index 934)

  console.log
    [EngineV1] HCS published: 0.0.6255927@1772496011.176623889

      at EngineV1.log [as verifyAndPublish] (src/engine/v1/engine-v1.js:386:17)
          at async Promise.all (index 800)

  console.log
    [EngineV1] HCS published: 0.0.6255927@1772496011.597633827

      at EngineV1.log [as verifyAndPublish] (src/engine/v1/engine-v1.js:386:17)
          at async Promise.all (index 964)

  console.log
    [EngineV1] HCS published: 0.0.6255927@1772496011.014519233

      at EngineV1.log [as verifyAndPublish] (src/engine/v1/engine-v1.js:386:17)
          at async Promise.all (index 799)

  console.log
    [EngineV1] HCS published: 0.0.6255927@1772496010.510552269

      at EngineV1.log [as verifyAndPublish] (src/engine/v1/engine-v1.js:386:17)
          at async Promise.all (index 875)

  console.log
    [EngineV1] HCS published: 0.0.6255927@1772496011.820508760

      at EngineV1.log [as verifyAndPublish] (src/engine/v1/engine-v1.js:386:17)
          at async Promise.all (index 945)

  console.log
    [EngineV1] HCS published: 0.0.6255927@1772496012.754199105

      at EngineV1.log [as verifyAndPublish] (src/engine/v1/engine-v1.js:386:17)
          at async Promise.all (index 987)

  console.log
    [EngineV1] HCS published: 0.0.6255927@1772496011.136317607

      at EngineV1.log [as verifyAndPublish] (src/engine/v1/engine-v1.js:386:17)
          at async Promise.all (index 775)

  console.log
    [EngineV1] HCS published: 0.0.6255927@1772496010.264619925

      at EngineV1.log [as verifyAndPublish] (src/engine/v1/engine-v1.js:386:17)
          at async Promise.all (index 933)

  console.log
    [EngineV1] HCS published: 0.0.6255927@1772496009.498085871

      at EngineV1.log [as verifyAndPublish] (src/engine/v1/engine-v1.js:386:17)
          at async Promise.all (index 842)

  console.log
    [EngineV1] HCS published: 0.0.6255927@1772496011.402361219

      at EngineV1.log [as verifyAndPublish] (src/engine/v1/engine-v1.js:386:17)
          at async Promise.all (index 349)

  console.log
    [EngineV1] HCS published: 0.0.6255927@1772496012.105449088

      at EngineV1.log [as verifyAndPublish] (src/engine/v1/engine-v1.js:386:17)
          at async Promise.all (index 830)

  console.log
    [EngineV1] HCS published: 0.0.6255927@1772496012.510758601

      at EngineV1.log [as verifyAndPublish] (src/engine/v1/engine-v1.js:386:17)
          at async Promise.all (index 973)

  console.log
    [EngineV1] HCS published: 0.0.6255927@1772496010.562728711

      at EngineV1.log [as verifyAndPublish] (src/engine/v1/engine-v1.js:386:17)
          at async Promise.all (index 902)

  console.log
    [EngineV1] HCS published: 0.0.6255927@1772496010.505951377

      at EngineV1.log [as verifyAndPublish] (src/engine/v1/engine-v1.js:386:17)
          at async Promise.all (index 810)

  console.log
    [EngineV1] HCS published: 0.0.6255927@1772496010.952034219

      at EngineV1.log [as verifyAndPublish] (src/engine/v1/engine-v1.js:386:17)
          at async Promise.all (index 847)

  console.log
    [EngineV1] HCS published: 0.0.6255927@1772496008.914751755

      at EngineV1.log [as verifyAndPublish] (src/engine/v1/engine-v1.js:386:17)
          at async Promise.all (index 0)

  console.log
    [EngineV1] HCS published: 0.0.6255927@1772496008.368066938

      at EngineV1.log [as verifyAndPublish] (src/engine/v1/engine-v1.js:386:17)
          at async Promise.all (index 147)

  console.log
    [EngineV1] HCS published: 0.0.6255927@1772496008.321049785

      at EngineV1.log [as verifyAndPublish] (src/engine/v1/engine-v1.js:386:17)
          at async Promise.all (index 252)

  console.log
    [EngineV1] HCS published: 0.0.6255927@1772496012.886534864

      at EngineV1.log [as verifyAndPublish] (src/engine/v1/engine-v1.js:386:17)
          at async Promise.all (index 438)

  console.log
    [EngineV1] HCS published: 0.0.6255927@1772496013.577429012

      at EngineV1.log [as verifyAndPublish] (src/engine/v1/engine-v1.js:386:17)
          at async Promise.all (index 750)

  console.log
    [EngineV1] HCS published: 0.0.6255927@1772496011.826555994

      at EngineV1.log [as verifyAndPublish] (src/engine/v1/engine-v1.js:386:17)
          at async Promise.all (index 922)

  console.log
    [EngineV1] HCS published: 0.0.6255927@1772496011.160124065

      at EngineV1.log [as verifyAndPublish] (src/engine/v1/engine-v1.js:386:17)
          at async Promise.all (index 950)

PASS tests/complete-workflow.test.js (37.018 s)
  Workflow Initialization
    ΓêÜ initialize sets projectId, deviceId, gridEmissionFactor (57 ms)
    ΓêÜ initialize without projectId throws (21 ms)
    ΓêÜ initialize without deviceId throws (1 ms)
  Complete Workflow - Happy Path
    ΓêÜ submitReading returns success with transactionId (1796 ms)
    ΓêÜ submitReading without initialization throws (1 ms)
  Complete Workflow - Invalid Telemetry
    ΓêÜ submitReading still resolves even with bad physics data (1511 ms)
  Batch Processing
    ΓêÜ Multiple readings all submit successfully (2463 ms)
  Aggregation
    ΓêÜ generateMonitoringReport returns report with correct projectId (8840 ms)
    ΓêÜ generateMonitoringReport without initialization throws (1 ms)
  Hedera Integration
    ΓêÜ deployDeviceDID returns valid DID (4 ms)
    ΓêÜ deployDeviceDID without deviceId throws
    ΓêÜ createRECToken returns tokenId (2 ms)
    ΓêÜ createRECToken without name throws (1 ms)
    ΓêÜ createRECToken without symbol throws
  Error Recovery
    ΓêÜ retrySubmission succeeds after initialization (1677 ms)
    ΓêÜ retrySubmission fails if not initialized
  Reset
    ΓêÜ reset clears state (4 ms)
  Performance
    ΓêÜ 1000 readings submit in < 60s (14475 ms)

A worker process has failed to exit gracefully and has been force exited. This is likely caused by tests leaking due 
to improper teardown. Try running with --detectOpenHandles to find leaks. Active timers can also cause this, ensure 
that .unref() was called on them.
Test Suites: 12 passed, 12 total
Tests:       237 passed, 237 total
Snapshots:   0 total
Time:        38.638 s
Ran all test suites.
